Archive member included to satisfy reference by file (symbol)

c:/siliconlabs/simplicitystudio/v4/developer/toolchains/gnu_arm/7.2_2017q4/bin/../lib/gcc/arm-none-eabi/7.2.1/thumb/v7-m\libgcc.a(_arm_addsubdf3.o)
                              ./src/main.o (__aeabi_f2d)
c:/siliconlabs/simplicitystudio/v4/developer/toolchains/gnu_arm/7.2_2017q4/bin/../lib/gcc/arm-none-eabi/7.2.1/thumb/v7-m\libgcc.a(_arm_addsubsf3.o)
                              ./src/main.o (__aeabi_fsub)
c:/siliconlabs/simplicitystudio/v4/developer/toolchains/gnu_arm/7.2_2017q4/bin/../lib/gcc/arm-none-eabi/7.2.1/thumb/v7-m\libgcc.a(_arm_muldivsf3.o)
                              ./src/main.o (__aeabi_fmul)
c:/siliconlabs/simplicitystudio/v4/developer/toolchains/gnu_arm/7.2_2017q4/bin/../lib/gcc/arm-none-eabi/7.2.1/thumb/v7-m\libgcc.a(_arm_cmpsf2.o)
                              ./src/main.o (__aeabi_fcmpgt)
c:/siliconlabs/simplicitystudio/v4/developer/toolchains/gnu_arm/7.2_2017q4/bin/../lib/gcc/arm-none-eabi/7.2.1/thumb/v7-m\libgcc.a(_aeabi_uldivmod.o)
                              ./emlib/em_usart.o (__aeabi_uldivmod)
c:/siliconlabs/simplicitystudio/v4/developer/toolchains/gnu_arm/7.2_2017q4/bin/../lib/gcc/arm-none-eabi/7.2.1/thumb/v7-m\libgcc.a(_udivmoddi4.o)
                              c:/siliconlabs/simplicitystudio/v4/developer/toolchains/gnu_arm/7.2_2017q4/bin/../lib/gcc/arm-none-eabi/7.2.1/thumb/v7-m\libgcc.a(_aeabi_uldivmod.o) (__udivmoddi4)
c:/siliconlabs/simplicitystudio/v4/developer/toolchains/gnu_arm/7.2_2017q4/bin/../lib/gcc/arm-none-eabi/7.2.1/thumb/v7-m\libgcc.a(unwind-arm.o)
                              ./src/main.o (__aeabi_unwind_cpp_pr0)
c:/siliconlabs/simplicitystudio/v4/developer/toolchains/gnu_arm/7.2_2017q4/bin/../lib/gcc/arm-none-eabi/7.2.1/thumb/v7-m\libgcc.a(libunwind.o)
                              c:/siliconlabs/simplicitystudio/v4/developer/toolchains/gnu_arm/7.2_2017q4/bin/../lib/gcc/arm-none-eabi/7.2.1/thumb/v7-m\libgcc.a(unwind-arm.o) (restore_core_regs)
c:/siliconlabs/simplicitystudio/v4/developer/toolchains/gnu_arm/7.2_2017q4/bin/../lib/gcc/arm-none-eabi/7.2.1/thumb/v7-m\libgcc.a(pr-support.o)
                              c:/siliconlabs/simplicitystudio/v4/developer/toolchains/gnu_arm/7.2_2017q4/bin/../lib/gcc/arm-none-eabi/7.2.1/thumb/v7-m\libgcc.a(unwind-arm.o) (__gnu_unwind_execute)
c:/siliconlabs/simplicitystudio/v4/developer/toolchains/gnu_arm/7.2_2017q4/bin/../lib/gcc/arm-none-eabi/7.2.1/thumb/v7-m\libgcc.a(_dvmd_tls.o)
                              c:/siliconlabs/simplicitystudio/v4/developer/toolchains/gnu_arm/7.2_2017q4/bin/../lib/gcc/arm-none-eabi/7.2.1/thumb/v7-m\libgcc.a(_aeabi_uldivmod.o) (__aeabi_ldiv0)
c:/siliconlabs/simplicitystudio/v4/developer/toolchains/gnu_arm/7.2_2017q4/bin/../lib/gcc/arm-none-eabi/7.2.1/../../../../arm-none-eabi/lib/thumb/v7-m\libstdc++_nano.a(new_op.o)
                              ./src/ATParser.o (operator new(unsigned int))
c:/siliconlabs/simplicitystudio/v4/developer/toolchains/gnu_arm/7.2_2017q4/bin/../lib/gcc/arm-none-eabi/7.2.1/../../../../arm-none-eabi/lib/thumb/v7-m\libstdc++_nano.a(del_op.o)
                              ./src/ATParser.o (operator delete(void*))
c:/siliconlabs/simplicitystudio/v4/developer/toolchains/gnu_arm/7.2_2017q4/bin/../lib/gcc/arm-none-eabi/7.2.1/../../../../arm-none-eabi/lib/thumb/v7-m\libstdc++_nano.a(eh_personality.o)
                              ./src/ATParser.o (__gxx_personality_v0)
c:/siliconlabs/simplicitystudio/v4/developer/toolchains/gnu_arm/7.2_2017q4/bin/../lib/gcc/arm-none-eabi/7.2.1/../../../../arm-none-eabi/lib/thumb/v7-m\libstdc++_nano.a(eh_call.o)
                              c:/siliconlabs/simplicitystudio/v4/developer/toolchains/gnu_arm/7.2_2017q4/bin/../lib/gcc/arm-none-eabi/7.2.1/../../../../arm-none-eabi/lib/thumb/v7-m\libstdc++_nano.a(eh_personality.o) (__cxa_call_terminate)
c:/siliconlabs/simplicitystudio/v4/developer/toolchains/gnu_arm/7.2_2017q4/bin/../lib/gcc/arm-none-eabi/7.2.1/../../../../arm-none-eabi/lib/thumb/v7-m\libstdc++_nano.a(new_handler.o)
                              c:/siliconlabs/simplicitystudio/v4/developer/toolchains/gnu_arm/7.2_2017q4/bin/../lib/gcc/arm-none-eabi/7.2.1/../../../../arm-none-eabi/lib/thumb/v7-m\libstdc++_nano.a(new_op.o) (std::get_new_handler())
c:/siliconlabs/simplicitystudio/v4/developer/toolchains/gnu_arm/7.2_2017q4/bin/../lib/gcc/arm-none-eabi/7.2.1/../../../../arm-none-eabi/lib/thumb/v7-m\libstdc++_nano.a(eh_catch.o)
                              ./src/ATParser.o (__cxa_begin_catch)
c:/siliconlabs/simplicitystudio/v4/developer/toolchains/gnu_arm/7.2_2017q4/bin/../lib/gcc/arm-none-eabi/7.2.1/../../../../arm-none-eabi/lib/thumb/v7-m\libstdc++_nano.a(eh_globals.o)
                              c:/siliconlabs/simplicitystudio/v4/developer/toolchains/gnu_arm/7.2_2017q4/bin/../lib/gcc/arm-none-eabi/7.2.1/../../../../arm-none-eabi/lib/thumb/v7-m\libstdc++_nano.a(eh_catch.o) (__cxa_get_globals_fast)
[...]
Memory Configuration

Name             Origin             Length             Attributes
FLASH            0x00000000         0x00100000         xr
RAM              0x20000000         0x00020000         xrw
*default*        0x00000000         0xffffffff

Linker script and memory map

LOAD c:/siliconlabs/simplicitystudio/v4/developer/toolchains/gnu_arm/7.2_2017q4/bin/../lib/gcc/arm-none-eabi/7.2.1/thumb/v7-m/crti.o
LOAD c:/siliconlabs/simplicitystudio/v4/developer/toolchains/gnu_arm/7.2_2017q4/bin/../lib/gcc/arm-none-eabi/7.2.1/thumb/v7-m/crtbegin.o
LOAD c:/siliconlabs/simplicitystudio/v4/developer/toolchains/gnu_arm/7.2_2017q4/bin/../lib/gcc/arm-none-eabi/7.2.1/../../../../arm-none-eabi/lib/thumb/v7-m/crt0.o
LOAD ./CMSIS/EFM32GG/startup_gcc_efm32gg.o
LOAD ./CMSIS/EFM32GG/system_efm32gg.o
LOAD ./emlib/bsp_trace.o
LOAD ./emlib/em_cmu.o
LOAD ./emlib/em_gpio.o
LOAD ./emlib/em_i2c.o
LOAD ./emlib/em_leuart.o
LOAD ./emlib/em_system.o
LOAD ./emlib/em_timer.o
LOAD ./emlib/em_usart.o
LOAD ./emlib/retargetio.o
LOAD ./emlib/retargetswo.o
LOAD ./src/ATParser.o
LOAD ./src/NovaSensor.o
LOAD ./src/SensironCo2.o
LOAD ./src/main.o
LOAD ./src/nbiot.o
LOAD ./src/timer.o
START GROUP
LOAD c:/siliconlabs/simplicitystudio/v4/developer/toolchains/gnu_arm/7.2_2017q4/bin/../lib/gcc/arm-none-eabi/7.2.1/thumb/v7-m\libgcc.a
LOAD c:/siliconlabs/simplicitystudio/v4/developer/toolchains/gnu_arm/7.2_2017q4/bin/../lib/gcc/arm-none-eabi/7.2.1/../../../../arm-none-eabi/lib/thumb/v7-m\libnosys.a
END GROUP
LOAD c:/siliconlabs/simplicitystudio/v4/developer/toolchains/gnu_arm/7.2_2017q4/bin/../lib/gcc/arm-none-eabi/7.2.1/../../../../arm-none-eabi/lib/thumb/v7-m\libstdc++_nano.a
LOAD c:/siliconlabs/simplicitystudio/v4/developer/toolchains/gnu_arm/7.2_2017q4/bin/../lib/gcc/arm-none-eabi/7.2.1/../../../../arm-none-eabi/lib/thumb/v7-m\libm.a
LOAD c:/siliconlabs/simplicitystudio/v4/developer/toolchains/gnu_arm/7.2_2017q4/bin/../lib/gcc/arm-none-eabi/7.2.1/../../../../arm-none-eabi/lib/thumb/v7-m\libc_nano.a
START GROUP
LOAD c:/siliconlabs/simplicitystudio/v4/developer/toolchains/gnu_arm/7.2_2017q4/bin/../lib/gcc/arm-none-eabi/7.2.1/thumb/v7-m\libgcc.a
LOAD c:/siliconlabs/simplicitystudio/v4/developer/toolchains/gnu_arm/7.2_2017q4/bin/../lib/gcc/arm-none-eabi/7.2.1/../../../../arm-none-eabi/lib/thumb/v7-m\libg_nano.a
LOAD c:/siliconlabs/simplicitystudio/v4/developer/toolchains/gnu_arm/7.2_2017q4/bin/../lib/gcc/arm-none-eabi/7.2.1/../../../../arm-none-eabi/lib/thumb/v7-m\libc_nano.a
END GROUP
START GROUP
LOAD c:/siliconlabs/simplicitystudio/v4/developer/toolchains/gnu_arm/7.2_2017q4/bin/../lib/gcc/arm-none-eabi/7.2.1/thumb/v7-m\libgcc.a
LOAD c:/siliconlabs/simplicitystudio/v4/developer/toolchains/gnu_arm/7.2_2017q4/bin/../lib/gcc/arm-none-eabi/7.2.1/../../../../arm-none-eabi/lib/thumb/v7-m\libc_nano.a
LOAD c:/siliconlabs/simplicitystudio/v4/developer/toolchains/gnu_arm/7.2_2017q4/bin/../lib/gcc/arm-none-eabi/7.2.1/../../../../arm-none-eabi/lib/thumb/v7-m\libnosys.a
END GROUP
START GROUP
LOAD c:/siliconlabs/simplicitystudio/v4/developer/toolchains/gnu_arm/7.2_2017q4/bin/../lib/gcc/arm-none-eabi/7.2.1/thumb/v7-m\libgcc.a
LOAD c:/siliconlabs/simplicitystudio/v4/developer/toolchains/gnu_arm/7.2_2017q4/bin/../lib/gcc/arm-none-eabi/7.2.1/../../../../arm-none-eabi/lib/thumb/v7-m\libc_nano.a
LOAD c:/siliconlabs/simplicitystudio/v4/developer/toolchains/gnu_arm/7.2_2017q4/bin/../lib/gcc/arm-none-eabi/7.2.1/../../../../arm-none-eabi/lib/thumb/v7-m\libnosys.a
END GROUP
LOAD c:/siliconlabs/simplicitystudio/v4/developer/toolchains/gnu_arm/7.2_2017q4/bin/../lib/gcc/arm-none-eabi/7.2.1/thumb/v7-m/crtend.o
LOAD c:/siliconlabs/simplicitystudio/v4/developer/toolchains/gnu_arm/7.2_2017q4/bin/../lib/gcc/arm-none-eabi/7.2.1/thumb/v7-m/crtn.o

.text           0x00000000     0xb2a0
 *(.vectors)
 .vectors       0x00000000       0xdc ./CMSIS/EFM32GG/startup_gcc_efm32gg.o
                0x00000000                __Vectors
                0x000000dc                __Vectors_End = .
                0x000000dc                __Vectors_Size = (__Vectors_End - __Vectors)
                0x000000dc                __end__ = .
 *(.text*)
 .text          0x000000dc       0x40 c:/siliconlabs/simplicitystudio/v4/developer/toolchains/gnu_arm/7.2_2017q4/bin/../lib/gcc/arm-none-eabi/7.2.1/thumb/v7-m/crtbegin.o
 .text          0x0000011c       0x74 c:/siliconlabs/simplicitystudio/v4/developer/toolchains/gnu_arm/7.2_2017q4/bin/../lib/gcc/arm-none-eabi/7.2.1/../../../../arm-none-eabi/lib/thumb/v7-m/crt0.o
                0x0000011c                _start
                0x0000011c                _mainCRTStartup
 .text          0x00000190       0x30 ./CMSIS/EFM32GG/startup_gcc_efm32gg.o
                0x00000190                Reset_Handler
                0x000001bc                DebugMon_Handler
                0x000001bc                USART0_TX_IRQHandler
                0x000001bc                I2C0_IRQHandler
                0x000001bc                HardFault_Handler
                0x000001bc                LEUART1_IRQHandler
                0x000001bc                USART1_RX_IRQHandler
                0x000001bc                PendSV_Handler
                0x000001bc                NMI_Handler
                0x000001bc                I2C1_IRQHandler
                0x000001bc                TIMER3_IRQHandler
                0x000001bc                USART1_TX_IRQHandler
                0x000001bc                MSC_IRQHandler
                0x000001bc                ADC0_IRQHandler
                0x000001bc                UsageFault_Handler
                0x000001bc                LEUART0_IRQHandler
                0x000001bc                GPIO_EVEN_IRQHandler
                0x000001bc                UART0_TX_IRQHandler
                0x000001bc                UART1_TX_IRQHandler
                0x000001bc                RTC_IRQHandler
                0x000001bc                TIMER0_IRQHandler
                0x000001bc                TIMER2_IRQHandler
                0x000001bc                LCD_IRQHandler
                0x000001bc                PCNT2_IRQHandler
                0x000001bc                UART0_RX_IRQHandler
                0x000001bc                LETIMER0_IRQHandler
                0x000001bc                TIMER1_IRQHandler
                0x000001bc                USART2_RX_IRQHandler
                0x000001bc                Default_Handler
                0x000001bc                EMU_IRQHandler
                0x000001bc                PCNT0_IRQHandler
                0x000001bc                USB_IRQHandler
                0x000001bc                BURTC_IRQHandler
                0x000001bc                PCNT1_IRQHandler
                0x000001bc                ACMP0_IRQHandler
                0x000001bc                USART0_RX_IRQHandler
                0x000001bc                MemManage_Handler
                0x000001bc                SVC_Handler
                0x000001bc                DAC0_IRQHandler
                0x000001bc                UART1_RX_IRQHandler
                0x000001bc                CMU_IRQHandler
                0x000001bc                EBI_IRQHandler
                0x000001bc                LESENSE_IRQHandler
                0x000001bc                GPIO_ODD_IRQHandler
                0x000001bc                AES_IRQHandler
                0x000001bc                VCMP_IRQHandler
                0x000001bc                DMA_IRQHandler
                0x000001bc                BusFault_Handler
                0x000001bc                USART2_TX_IRQHandler
 .text.GetProdRev
                0x000001c0       0x18 ./CMSIS/EFM32GG/system_efm32gg.o
 .text.SystemCoreClockGet
                0x000001d8       0x34 ./CMSIS/EFM32GG/system_efm32gg.o
                0x000001d8                SystemCoreClockGet
 .text.SystemMaxCoreClockGet
                0x0000020c       0x14 ./CMSIS/EFM32GG/system_efm32gg.o
                0x0000020c                SystemMaxCoreClockGet
 .text.SystemHFClockGet
                0x00000220      0x100 ./CMSIS/EFM32GG/system_efm32gg.o
                0x00000220                SystemHFClockGet
 .text.SystemHFXOClockGet
                0x00000320       0x14 ./CMSIS/EFM32GG/system_efm32gg.o
                0x00000320                SystemHFXOClockGet
 .text.SystemInit
                0x00000334        0xc ./CMSIS/EFM32GG/system_efm32gg.o
                0x00000334                SystemInit
 .text.SystemLFRCOClockGet
                0x00000340       0x10 ./CMSIS/EFM32GG/system_efm32gg.o
                0x00000340                SystemLFRCOClockGet
 .text.SystemULFRCOClockGet
                0x00000350       0x10 ./CMSIS/EFM32GG/system_efm32gg.o
                0x00000350                SystemULFRCOClockGet
 .text.SystemLFXOClockGet
                0x00000360       0x14 ./CMSIS/EFM32GG/system_efm32gg.o
                0x00000360                SystemLFXOClockGet
 .text.BSP_TraceProfilerSetup
                0x00000374      0x118 ./emlib/bsp_trace.o
                0x00000374                BSP_TraceProfilerSetup
 .text.BSP_TraceSwoSetup
                0x0000048c        0xc ./emlib/bsp_trace.o
                0x0000048c                BSP_TraceSwoSetup
 .text.BUS_RegBitWrite
                0x00000498       0x2c ./emlib/em_cmu.o
 .text.BUS_RegBitRead
                0x000004c4       0x28 ./emlib/em_cmu.o
 .text.CMU_DivToLog2
                0x000004ec       0x2e ./emlib/em_cmu.o
 *fill*         0x0000051a        0x2 
 .text.SYSTEM_GetProdRev
                0x0000051c       0x18 ./emlib/em_cmu.o
 .text.SYSTEM_GetFamily
                0x00000534       0x18 ./emlib/em_cmu.o
 .text.maxFreqHfle
                0x0000054c       0x7c ./emlib/em_cmu.o
 .text.setHfLeConfig
                0x000005c8       0x64 ./emlib/em_cmu.o
 .text.getHfLeConfig
                0x0000062c       0x20 ./emlib/em_cmu.o
 .text.auxClkGet
                0x0000064c       0xb0 ./emlib/em_cmu.o
 .text.dbgClkGet
                0x000006fc       0x40 ./emlib/em_cmu.o
 .text.flashWaitStateControl
                0x0000073c       0x98 ./emlib/em_cmu.o
 .text.flashWaitStateMax
                0x000007d4       0x44 ./emlib/em_cmu.o
 .text.CMU_UpdateWaitStates
                0x00000818       0x40 ./emlib/em_cmu.o
                0x00000818                CMU_UpdateWaitStates
 .text.lfClkGet
                0x00000858       0xec ./emlib/em_cmu.o
 .text.syncReg  0x00000944       0x34 ./emlib/em_cmu.o
 .text.usbCClkGet
                0x00000978       0x4c ./emlib/em_cmu.o
 .text.hfperClkSafePrescaler
                0x000009c4        0xc ./emlib/em_cmu.o
 .text.hfperClkOptimizedPrescaler
                0x000009d0        0xc ./emlib/em_cmu.o
 .text.CMU_ClockDivSet
                0x000009dc      0x22c ./emlib/em_cmu.o
                0x000009dc                CMU_ClockDivSet
 .text.CMU_ClockEnable
                0x00000c08       0xd0 ./emlib/em_cmu.o
                0x00000c08                CMU_ClockEnable
 .text.CMU_ClockFreqGet
                0x00000cd8      0x1d8 ./emlib/em_cmu.o
                0x00000cd8                CMU_ClockFreqGet
 .text.CMU_ClockSelectGet
                0x00000eb0      0x15c ./emlib/em_cmu.o
                0x00000eb0                CMU_ClockSelectGet
 .text.CMU_ClockSelectSet
                0x0000100c      0x2a4 ./emlib/em_cmu.o
                0x0000100c                CMU_ClockSelectSet
 .text.CMU_OscillatorEnable
                0x000012b0       0xbc ./emlib/em_cmu.o
                0x000012b0                CMU_OscillatorEnable
 .text.GPIO_PinOutClear
                0x0000136c       0x58 ./emlib/em_gpio.o
 .text.GPIO_PinOutSet
                0x000013c4       0x58 ./emlib/em_gpio.o
 .text.GPIO_PinModeSet
                0x0000141c      0x118 ./emlib/em_gpio.o
                0x0000141c                GPIO_PinModeSet
 .text.BUS_RegBitWrite
                0x00001534       0x2c ./emlib/em_i2c.o
 .text.BUS_RegMaskedWrite
                0x00001560       0x28 ./emlib/em_i2c.o
 .text.I2C_BusFreqSet
                0x00001588       0xfc ./emlib/em_i2c.o
                0x00001588                I2C_BusFreqSet
 .text.I2C_Init
                0x00001684       0x70 ./emlib/em_i2c.o
                0x00001684                I2C_Init
 .text.I2C_Transfer
                0x000016f4      0x45c ./emlib/em_i2c.o
                0x000016f4                I2C_Transfer
 .text.I2C_TransferInit
                0x00001b50       0xe8 ./emlib/em_i2c.o
                0x00001b50                I2C_TransferInit
 .text.LEUART_Sync
                0x00001c38       0x30 ./emlib/em_leuart.o
 .text.LEUART_BaudrateSet
                0x00001c68       0x80 ./emlib/em_leuart.o
                0x00001c68                LEUART_BaudrateSet
 .text.LEUART_Enable
                0x00001ce8       0x58 ./emlib/em_leuart.o
                0x00001ce8                LEUART_Enable
 .text.LEUART_FreezeEnable
                0x00001d40       0x34 ./emlib/em_leuart.o
                0x00001d40                LEUART_FreezeEnable
 .text.LEUART_Init
                0x00001d74       0x80 ./emlib/em_leuart.o
                0x00001d74                LEUART_Init
 .text.LEUART_Tx
                0x00001df4       0x30 ./emlib/em_leuart.o
                0x00001df4                LEUART_Tx
 .text.SYSTEM_ChipRevisionGet
                0x00001e24       0x78 ./emlib/em_system.o
                0x00001e24                SYSTEM_ChipRevisionGet
 .text.USART_BaudrateAsyncSet
                0x00001e9c       0xb0 ./emlib/em_usart.o
                0x00001e9c                USART_BaudrateAsyncSet
 .text.USART_Enable
                0x00001f4c       0x70 ./emlib/em_usart.o
                0x00001f4c                USART_Enable
 .text.USART_InitAsync
                0x00001fbc       0xc8 ./emlib/em_usart.o
                0x00001fbc                USART_InitAsync
 .text.USART_Reset
                0x00002084       0xb0 ./emlib/em_usart.o
                0x00002084                USART_Reset
 .text.USART_Rx
                0x00002134       0x26 ./emlib/em_usart.o
                0x00002134                USART_Rx
 .text._close   0x0000215a       0x14 ./emlib/retargetio.o
                0x0000215a                _close
 .text._exit    0x0000216e        0xa ./emlib/retargetio.o
                0x0000216e                _exit
 .text._fstat   0x00002178       0x1e ./emlib/retargetio.o
                0x00002178                _fstat
 .text._getpid  0x00002196        0xe ./emlib/retargetio.o
                0x00002196                _getpid
 .text._isatty  0x000021a4       0x14 ./emlib/retargetio.o
                0x000021a4                _isatty
 .text._kill    0x000021b8       0x18 ./emlib/retargetio.o
                0x000021b8                _kill
 .text._lseek   0x000021d0       0x18 ./emlib/retargetio.o
                0x000021d0                _lseek
 .text._read    0x000021e8       0x56 ./emlib/retargetio.o
                0x000021e8                _read
 *fill*         0x0000223e        0x2 
 .text._sbrk    0x00002240       0x3c ./emlib/retargetio.o
                0x00002240                _sbrk
 .text._write   0x0000227c       0x38 ./emlib/retargetio.o
                0x0000227c                _write
 .text.ITM_SendChar
                0x000022b4       0x4c ./emlib/retargetswo.o
 .text.RETARGET_WriteChar
                0x00002300       0x1c ./emlib/retargetswo.o
                0x00002300                RETARGET_WriteChar
 .text.RETARGET_ReadChar
                0x0000231c        0xe ./emlib/retargetswo.o
                0x0000231c                RETARGET_ReadChar
 .text.RETARGET_SwoInit
                0x0000232a        0xc ./emlib/retargetswo.o
                0x0000232a                RETARGET_SwoInit
 .text._ZnwjPv  0x00002336       0x16 ./src/ATParser.o
                0x00002336                operator new(unsigned int, void*)
 .text._ZdlPvS_
                0x0000234c       0x14 ./src/ATParser.o
                0x0000234c                operator delete(void*, void*)
 .text._ZN8ATParserC2Ev
                0x00002360       0x88 ./src/ATParser.o
                0x00002360                ATParser::ATParser()
                0x00002360                ATParser::ATParser()
 .text._ZN8ATParser4getcEPi
                0x000023e8       0x6e ./src/ATParser.o
                0x000023e8                ATParser::getc(int*)
 .text._ZN8ATParser4putcEc
                0x00002456       0x24 ./src/ATParser.o
                0x00002456                ATParser::putc(char)
 .text._ZN8ATParser5splitENSt7__cxx1112basic_stringIcSt11char_traitsIcESaIcEEES5_
                0x0000247a       0xb6 ./src/ATParser.o
                0x0000247a                ATParser::split(std::__cxx11::basic_string<char, std::char_traits<char>, std::allocator<char> >, std::__cxx11::basic_string<char, std::char_traits<char>, std::allocator<char> >)
 .text._ZN8ATParser4sendENSt7__cxx1112basic_stringIcSt11char_traitsIcESaIcEEE
                0x00002530       0x8c ./src/ATParser.o
                0x00002530                ATParser::send(std::__cxx11::basic_string<char, std::char_traits<char>, std::allocator<char> >)
 .text._ZN8ATParser4recvENSt7__cxx1112basic_stringIcSt11char_traitsIcESaIcEEEz
                0x000025bc      0x2b4 ./src/ATParser.o
                0x000025bc                ATParser::recv(std::__cxx11::basic_string<char, std::char_traits<char>, std::allocator<char> >, ...)
 .text._ZNSt6vectorINSt7__cxx1112basic_stringIcSt11char_traitsIcESaIcEEESaIS5_EEC2Ev
                0x00002870       0x1a ./src/ATParser.o
                0x00002870                std::vector<std::__cxx11::basic_string<char, std::char_traits<char>, std::allocator<char> >, std::allocator<std::__cxx11::basic_string<char, std::char_traits<char>, std::allocator<char> > > >::vector()
                0x00002870                std::vector<std::__cxx11::basic_string<char, std::char_traits<char>, std::allocator<char> >, std::allocator<std::__cxx11::basic_string<char, std::char_traits<char>, std::allocator<char> > > >::vector()
 .text._ZNSt6vectorINSt7__cxx1112basic_stringIcSt11char_traitsIcESaIcEEESaIS5_EED2Ev
                0x0000288a       0x36 ./src/ATParser.o
                0x0000288a                std::vector<std::__cxx11::basic_string<char, std::char_traits<char>, std::allocator<char> >, std::allocator<std::__cxx11::basic_string<char, std::char_traits<char>, std::allocator<char> > > >::~vector()
                0x0000288a                std::vector<std::__cxx11::basic_string<char, std::char_traits<char>, std::allocator<char> >, std::allocator<std::__cxx11::basic_string<char, std::char_traits<char>, std::allocator<char> > > >::~vector()
 .text._ZNSt6vectorINSt7__cxx1112basic_stringIcSt11char_traitsIcESaIcEEESaIS5_EE9push_backERKS5_
                0x000028c0       0x4c ./src/ATParser.o
                0x000028c0                std::vector<std::__cxx11::basic_string<char, std::char_traits<char>, std::allocator<char> >, std::allocator<std::__cxx11::basic_string<char, std::char_traits<char>, std::allocator<char> > > >::push_back(std::__cxx11::basic_string<char, std::char_traits<char>, std::allocator<char> > const&)
 .text._ZSt5countIN9__gnu_cxx17__normal_iteratorIPcNSt7__cxx1112basic_stringIcSt11char_traitsIcESaIcEEEEEcENSt15iterator_traitsIT_E15difference_typeESB_SB_RKT0_
                0x0000290c       0x28 ./src/ATParser.o
                0x0000290c                std::iterator_traits<__gnu_cxx::__normal_iterator<char*, std::__cxx11::basic_string<char, std::char_traits<char>, std::allocator<char> > > >::difference_type std::count<__gnu_cxx::__normal_iterator<char*, std::__cxx11::basic_string<char, std::char_traits<char>, std::allocator<char> > >, char>(__gnu_cxx::__normal_iterator<char*, std::__cxx11::basic_string<char, std::char_traits<char>, std::allocator<char> > >, __gnu_cxx::__normal_iterator<char*, std::__cxx11::basic_string<char, std::char_traits<char>, std::allocator<char> > >, char const&)
 .text._ZNKSt6vectorINSt7__cxx1112basic_stringIcSt11char_traitsIcESaIcEEESaIS5_EE4sizeEv
                0x00002934       0x2c ./src/ATParser.o
                0x00002934                std::vector<std::__cxx11::basic_string<char, std::char_traits<char>, std::allocator<char> >, std::allocator<std::__cxx11::basic_string<char, std::char_traits<char>, std::allocator<char> > > >::size() const
 .text._ZNSt6vectorINSt7__cxx1112basic_stringIcSt11char_traitsIcESaIcEEESaIS5_EEixEj
                0x00002960       0x24 ./src/ATParser.o
                0x00002960                std::vector<std::__cxx11::basic_string<char, std::char_traits<char>, std::allocator<char> >, std::allocator<std::__cxx11::basic_string<char, std::char_traits<char>, std::allocator<char> > > >::operator[](unsigned int)
 .text._ZNSt12_Vector_baseINSt7__cxx1112basic_stringIcSt11char_traitsIcESaIcEEESaIS5_EE12_Vector_implD2Ev
                0x00002984       0x18 ./src/ATParser.o
                0x00002984                std::_Vector_base<std::__cxx11::basic_string<char, std::char_traits<char>, std::allocator<char> >, std::allocator<std::__cxx11::basic_string<char, std::char_traits<char>, std::allocator<char> > > >::_Vector_impl::~_Vector_impl()
                0x00002984                std::_Vector_base<std::__cxx11::basic_string<char, std::char_traits<char>, std::allocator<char> >, std::allocator<std::__cxx11::basic_string<char, std::char_traits<char>, std::allocator<char> > > >::_Vector_impl::~_Vector_impl()
 .text._ZNSt12_Vector_baseINSt7__cxx1112basic_stringIcSt11char_traitsIcESaIcEEESaIS5_EEC2Ev
                0x0000299c       0x1a ./src/ATParser.o
                0x0000299c                std::_Vector_base<std::__cxx11::basic_string<char, std::char_traits<char>, std::allocator<char> >, std::allocator<std::__cxx11::basic_string<char, std::char_traits<char>, std::allocator<char> > > >::_Vector_base()
                0x0000299c                std::_Vector_base<std::__cxx11::basic_string<char, std::char_traits<char>, std::allocator<char> >, std::allocator<std::__cxx11::basic_string<char, std::char_traits<char>, std::allocator<char> > > >::_Vector_base()
 *fill*         0x000029b6        0x2 
 .text._ZNSt12_Vector_baseINSt7__cxx1112basic_stringIcSt11char_traitsIcESaIcEEESaIS5_EED2Ev
                0x000029b8       0x40 ./src/ATParser.o
                0x000029b8                std::_Vector_base<std::__cxx11::basic_string<char, std::char_traits<char>, std::allocator<char> >, std::allocator<std::__cxx11::basic_string<char, std::char_traits<char>, std::allocator<char> > > >::~_Vector_base()
                0x000029b8                std::_Vector_base<std::__cxx11::basic_string<char, std::char_traits<char>, std::allocator<char> >, std::allocator<std::__cxx11::basic_string<char, std::char_traits<char>, std::allocator<char> > > >::~_Vector_base()
 .text._ZNSt12_Vector_baseINSt7__cxx1112basic_stringIcSt11char_traitsIcESaIcEEESaIS5_EE19_M_get_Tp_allocatorEv
                0x000029f8       0x14 ./src/ATParser.o
                0x000029f8                std::_Vector_base<std::__cxx11::basic_string<char, std::char_traits<char>, std::allocator<char> >, std::allocator<std::__cxx11::basic_string<char, std::char_traits<char>, std::allocator<char> > > >::_M_get_Tp_allocator()
 .text._ZSt8_DestroyIPNSt7__cxx1112basic_stringIcSt11char_traitsIcESaIcEEES5_EvT_S7_RSaIT0_E
                0x00002a0c       0x1c ./src/ATParser.o
                0x00002a0c                void std::_Destroy<std::__cxx11::basic_string<char, std::char_traits<char>, std::allocator<char> >*, std::__cxx11::basic_string<char, std::char_traits<char>, std::allocator<char> > >(std::__cxx11::basic_string<char, std::char_traits<char>, std::allocator<char> >*, std::__cxx11::basic_string<char, std::char_traits<char>, std::allocator<char> >*, std::allocator<std::__cxx11::basic_string<char, std::char_traits<char>, std::allocator<char> > >&)
 .text._ZSt7forwardIRKNSt7__cxx1112basic_stringIcSt11char_traitsIcESaIcEEEEOT_RNSt16remove_referenceIS8_E4typeE
                0x00002a28       0x14 ./src/ATParser.o
                0x00002a28                std::__cxx11::basic_string<char, std::char_traits<char>, std::allocator<char> > const& std::forward<std::__cxx11::basic_string<char, std::char_traits<char>, std::allocator<char> > const&>(std::remove_reference<std::__cxx11::basic_string<char, std::char_traits<char>, std::allocator<char> > const&>::type&)
 .text._ZNSt16allocator_traitsISaINSt7__cxx1112basic_stringIcSt11char_traitsIcESaIcEEEEE9constructIS5_JRKS5_EEEvRS6_PT_DpOT0_
                0x00002a3c       0x26 ./src/ATParser.o
                0x00002a3c                void std::allocator_traits<std::allocator<std::__cxx11::basic_string<char, std::char_traits<char>, std::allocator<char> > > >::construct<std::__cxx11::basic_string<char, std::char_traits<char>, std::allocator<char> >, std::__cxx11::basic_string<char, std::char_traits<char>, std::allocator<char> > const&>(std::allocator<std::__cxx11::basic_string<char, std::char_traits<char>, std::allocator<char> > >&, std::__cxx11::basic_string<char, std::char_traits<char>, std::allocator<char> >*, std::__cxx11::basic_string<char, std::char_traits<char>, std::allocator<char> > const&)
 .text._ZNSt6vectorINSt7__cxx1112basic_stringIcSt11char_traitsIcESaIcEEESaIS5_EE3endEv
                0x00002a62       0x22 ./src/ATParser.o
                0x00002a62                std::vector<std::__cxx11::basic_string<char, std::char_traits<char>, std::allocator<char> >, std::allocator<std::__cxx11::basic_string<char, std::char_traits<char>, std::allocator<char> > > >::end()
 .text._ZNSt6vectorINSt7__cxx1112basic_stringIcSt11char_traitsIcESaIcEEESaIS5_EE17_M_realloc_insertIJRKS5_EEEvN9__gnu_cxx17__normal_iteratorIPS5_S7_EEDpOT_
                0x00002a84      0x18c ./src/ATParser.o
                0x00002a84                void std::vector<std::__cxx11::basic_string<char, std::char_traits<char>, std::allocator<char> >, std::allocator<std::__cxx11::basic_string<char, std::char_traits<char>, std::allocator<char> > > >::_M_realloc_insert<std::__cxx11::basic_string<char, std::char_traits<char>, std::allocator<char> > const&>(__gnu_cxx::__normal_iterator<std::__cxx11::basic_string<char, std::char_traits<char>, std::allocator<char> >*, std::vector<std::__cxx11::basic_string<char, std::char_traits<char>, std::allocator<char> >, std::allocator<std::__cxx11::basic_string<char, std::char_traits<char>, std::allocator<char> > > > >, std::__cxx11::basic_string<char, std::char_traits<char>, std::allocator<char> > const&)
 .text._ZN9__gnu_cxx5__ops17__iter_equals_valIKcEENS0_16_Iter_equals_valIT_EERS4_
                0x00002c10       0x1e ./src/ATParser.o
                0x00002c10                __gnu_cxx::__ops::_Iter_equals_val<char const> __gnu_cxx::__ops::__iter_equals_val<char const>(char const&)
 .text._ZSt10__count_ifIN9__gnu_cxx17__normal_iteratorIPcNSt7__cxx1112basic_stringIcSt11char_traitsIcESaIcEEEEENS0_5__ops16_Iter_equals_valIKcEEENSt15iterator_traitsIT_E15difference_typeESF_SF_T0_
                0x00002c2e       0x52 ./src/ATParser.o
                0x00002c2e                std::iterator_traits<__gnu_cxx::__normal_iterator<char*, std::__cxx11::basic_string<char, std::char_traits<char>, std::allocator<char> > > >::difference_type std::__count_if<__gnu_cxx::__normal_iterator<char*, std::__cxx11::basic_string<char, std::char_traits<char>, std::allocator<char> > >, __gnu_cxx::__ops::_Iter_equals_val<char const> >(__gnu_cxx::__normal_iterator<char*, std::__cxx11::basic_string<char, std::char_traits<char>, std::allocator<char> > >, __gnu_cxx::__normal_iterator<char*, std::__cxx11::basic_string<char, std::char_traits<char>, std::allocator<char> > >, __gnu_cxx::__ops::_Iter_equals_val<char const>)
 .text._ZNSt12_Vector_baseINSt7__cxx1112basic_stringIcSt11char_traitsIcESaIcEEESaIS5_EE12_Vector_implC2Ev
                0x00002c80       0x2a ./src/ATParser.o
                0x00002c80                std::_Vector_base<std::__cxx11::basic_string<char, std::char_traits<char>, std::allocator<char> >, std::allocator<std::__cxx11::basic_string<char, std::char_traits<char>, std::allocator<char> > > >::_Vector_impl::_Vector_impl()
                0x00002c80                std::_Vector_base<std::__cxx11::basic_string<char, std::char_traits<char>, std::allocator<char> >, std::allocator<std::__cxx11::basic_string<char, std::char_traits<char>, std::allocator<char> > > >::_Vector_impl::_Vector_impl()
 .text._ZNSaINSt7__cxx1112basic_stringIcSt11char_traitsIcESaIcEEEED2Ev
                0x00002caa       0x18 ./src/ATParser.o
                0x00002caa                std::allocator<std::__cxx11::basic_string<char, std::char_traits<char>, std::allocator<char> > >::~allocator()
                0x00002caa                std::allocator<std::__cxx11::basic_string<char, std::char_traits<char>, std::allocator<char> > >::~allocator()
 .text._ZNSt12_Vector_baseINSt7__cxx1112basic_stringIcSt11char_traitsIcESaIcEEESaIS5_EE13_M_deallocateEPS5_j
                0x00002cc2       0x26 ./src/ATParser.o
                0x00002cc2                std::_Vector_base<std::__cxx11::basic_string<char, std::char_traits<char>, std::allocator<char> >, std::allocator<std::__cxx11::basic_string<char, std::char_traits<char>, std::allocator<char> > > >::_M_deallocate(std::__cxx11::basic_string<char, std::char_traits<char>, std::allocator<char> >*, unsigned int)
 .text._ZSt8_DestroyIPNSt7__cxx1112basic_stringIcSt11char_traitsIcESaIcEEEEvT_S7_
                0x00002ce8       0x1a ./src/ATParser.o
                0x00002ce8                void std::_Destroy<std::__cxx11::basic_string<char, std::char_traits<char>, std::allocator<char> >*>(std::__cxx11::basic_string<char, std::char_traits<char>, std::allocator<char> >*, std::__cxx11::basic_string<char, std::char_traits<char>, std::allocator<char> >*)
 .text._ZN9__gnu_cxx13new_allocatorINSt7__cxx1112basic_stringIcSt11char_traitsIcESaIcEEEE9constructIS6_JRKS6_EEEvPT_DpOT0_
                0x00002d02       0x42 ./src/ATParser.o
                0x00002d02                void __gnu_cxx::new_allocator<std::__cxx11::basic_string<char, std::char_traits<char>, std::allocator<char> > >::construct<std::__cxx11::basic_string<char, std::char_traits<char>, std::allocator<char> >, std::__cxx11::basic_string<char, std::char_traits<char>, std::allocator<char> > const&>(std::__cxx11::basic_string<char, std::char_traits<char>, std::allocator<char> >*, std::__cxx11::basic_string<char, std::char_traits<char>, std::allocator<char> > const&)
 .text._ZN9__gnu_cxx17__normal_iteratorIPNSt7__cxx1112basic_stringIcSt11char_traitsIcESaIcEEESt6vectorIS6_SaIS6_EEEC2ERKS7_
                0x00002d44       0x1e ./src/ATParser.o
                0x00002d44                __gnu_cxx::__normal_iterator<std::__cxx11::basic_string<char, std::char_traits<char>, std::allocator<char> >*, std::vector<std::__cxx11::basic_string<char, std::char_traits<char>, std::allocator<char> >, std::allocator<std::__cxx11::basic_string<char, std::char_traits<char>, std::allocator<char> > > > >::__normal_iterator(std::__cxx11::basic_string<char, std::char_traits<char>, std::allocator<char> >* const&)
                0x00002d44                __gnu_cxx::__normal_iterator<std::__cxx11::basic_string<char, std::char_traits<char>, std::allocator<char> >*, std::vector<std::__cxx11::basic_string<char, std::char_traits<char>, std::allocator<char> >, std::allocator<std::__cxx11::basic_string<char, std::char_traits<char>, std::allocator<char> > > > >::__normal_iterator(std::__cxx11::basic_string<char, std::char_traits<char>, std::allocator<char> >* const&)
 .text._ZNKSt6vectorINSt7__cxx1112basic_stringIcSt11char_traitsIcESaIcEEESaIS5_EE12_M_check_lenEjPKc
                0x00002d62       0x90 ./src/ATParser.o
                0x00002d62                std::vector<std::__cxx11::basic_string<char, std::char_traits<char>, std::allocator<char> >, std::allocator<std::__cxx11::basic_string<char, std::char_traits<char>, std::allocator<char> > > >::_M_check_len(unsigned int, char const*) const
 .text._ZNSt6vectorINSt7__cxx1112basic_stringIcSt11char_traitsIcESaIcEEESaIS5_EE5beginEv
                0x00002df2       0x20 ./src/ATParser.o
                0x00002df2                std::vector<std::__cxx11::basic_string<char, std::char_traits<char>, std::allocator<char> >, std::allocator<std::__cxx11::basic_string<char, std::char_traits<char>, std::allocator<char> > > >::begin()
 *fill*         0x00002e12        0x2 
 .text._ZN9__gnu_cxxmiIPNSt7__cxx1112basic_stringIcSt11char_traitsIcESaIcEEESt6vectorIS6_SaIS6_EEEENS_17__normal_iteratorIT_T0_E15difference_typeERKSE_SH_
                0x00002e14       0x38 ./src/ATParser.o
                0x00002e14                __gnu_cxx::__normal_iterator<std::__cxx11::basic_string<char, std::char_traits<char>, std::allocator<char> >*, std::vector<std::__cxx11::basic_string<char, std::char_traits<char>, std::allocator<char> >, std::allocator<std::__cxx11::basic_string<char, std::char_traits<char>, std::allocator<char> > > > >::difference_type __gnu_cxx::operator-<std::__cxx11::basic_string<char, std::char_traits<char>, std::allocator<char> >*, std::vector<std::__cxx11::basic_string<char, std::char_traits<char>, std::allocator<char> >, std::allocator<std::__cxx11::basic_string<char, std::char_traits<char>, std::allocator<char> > > > >(__gnu_cxx::__normal_iterator<std::__cxx11::basic_string<char, std::char_traits<char>, std::allocator<char> >*, std::vector<std::__cxx11::basic_string<char, std::char_traits<char>, std::allocator<char> >, std::allocator<std::__cxx11::basic_string<char, std::char_traits<char>, std::allocator<char> > > > > const&, __gnu_cxx::__normal_iterator<std::__cxx11::basic_string<char, std::char_traits<char>, std::allocator<char> >*, std::vector<std::__cxx11::basic_string<char, std::char_traits<char>, std::allocator<char> >, std::allocator<std::__cxx11::basic_string<char, std::char_traits<char>, std::allocator<char> > > > > const&)
 .text._ZNSt12_Vector_baseINSt7__cxx1112basic_stringIcSt11char_traitsIcESaIcEEESaIS5_EE11_M_allocateEj
                0x00002e4c       0x28 ./src/ATParser.o
                0x00002e4c                std::_Vector_base<std::__cxx11::basic_string<char, std::char_traits<char>, std::allocator<char> >, std::allocator<std::__cxx11::basic_string<char, std::char_traits<char>, std::allocator<char> > > >::_M_allocate(unsigned int)
 .text._ZNK9__gnu_cxx17__normal_iteratorIPNSt7__cxx1112basic_stringIcSt11char_traitsIcESaIcEEESt6vectorIS6_SaIS6_EEE4baseEv
                0x00002e74       0x14 ./src/ATParser.o
                0x00002e74                __gnu_cxx::__normal_iterator<std::__cxx11::basic_string<char, std::char_traits<char>, std::allocator<char> >*, std::vector<std::__cxx11::basic_string<char, std::char_traits<char>, std::allocator<char> >, std::allocator<std::__cxx11::basic_string<char, std::char_traits<char>, std::allocator<char> > > > >::base() const
 .text._ZSt34__uninitialized_move_if_noexcept_aIPNSt7__cxx1112basic_stringIcSt11char_traitsIcESaIcEEES6_SaIS5_EET0_T_S9_S8_RT1_
                0x00002e88       0x32 ./src/ATParser.o
                0x00002e88                std::__cxx11::basic_string<char, std::char_traits<char>, std::allocator<char> >* std::__uninitialized_move_if_noexcept_a<std::__cxx11::basic_string<char, std::char_traits<char>, std::allocator<char> >*, std::__cxx11::basic_string<char, std::char_traits<char>, std::allocator<char> >*, std::allocator<std::__cxx11::basic_string<char, std::char_traits<char>, std::allocator<char> > > >(std::__cxx11::basic_string<char, std::char_traits<char>, std::allocator<char> >*, std::__cxx11::basic_string<char, std::char_traits<char>, std::allocator<char> >*, std::__cxx11::basic_string<char, std::char_traits<char>, std::allocator<char> >*, std::allocator<std::__cxx11::basic_string<char, std::char_traits<char>, std::allocator<char> > >&)
 .text._ZNSt16allocator_traitsISaINSt7__cxx1112basic_stringIcSt11char_traitsIcESaIcEEEEE7destroyIS5_EEvRS6_PT_
                0x00002eba       0x1a ./src/ATParser.o
                0x00002eba                void std::allocator_traits<std::allocator<std::__cxx11::basic_string<char, std::char_traits<char>, std::allocator<char> > > >::destroy<std::__cxx11::basic_string<char, std::char_traits<char>, std::allocator<char> > >(std::allocator<std::__cxx11::basic_string<char, std::char_traits<char>, std::allocator<char> > >&, std::__cxx11::basic_string<char, std::char_traits<char>, std::allocator<char> >*)
 .text._ZN9__gnu_cxx5__ops16_Iter_equals_valIKcEC2ERS2_
                0x00002ed4       0x1c ./src/ATParser.o
                0x00002ed4                __gnu_cxx::__ops::_Iter_equals_val<char const>::_Iter_equals_val(char const&)
                0x00002ed4                __gnu_cxx::__ops::_Iter_equals_val<char const>::_Iter_equals_val(char const&)
 .text._ZN9__gnu_cxxneIPcNSt7__cxx1112basic_stringIcSt11char_traitsIcESaIcEEEEEbRKNS_17__normal_iteratorIT_T0_EESD_
                0x00002ef0       0x30 ./src/ATParser.o
                0x00002ef0                bool __gnu_cxx::operator!=<char*, std::__cxx11::basic_string<char, std::char_traits<char>, std::allocator<char> > >(__gnu_cxx::__normal_iterator<char*, std::__cxx11::basic_string<char, std::char_traits<char>, std::allocator<char> > > const&, __gnu_cxx::__normal_iterator<char*, std::__cxx11::basic_string<char, std::char_traits<char>, std::allocator<char> > > const&)
 .text._ZN9__gnu_cxx17__normal_iteratorIPcNSt7__cxx1112basic_stringIcSt11char_traitsIcESaIcEEEEppEv
                0x00002f20       0x1e ./src/ATParser.o
                0x00002f20                __gnu_cxx::__normal_iterator<char*, std::__cxx11::basic_string<char, std::char_traits<char>, std::allocator<char> > >::operator++()
 .text._ZN9__gnu_cxx5__ops16_Iter_equals_valIKcEclINS_17__normal_iteratorIPcNSt7__cxx1112basic_stringIcSt11char_traitsIcESaIcEEEEEEEbT_
                0x00002f3e       0x2e ./src/ATParser.o
                0x00002f3e                bool __gnu_cxx::__ops::_Iter_equals_val<char const>::operator()<__gnu_cxx::__normal_iterator<char*, std::__cxx11::basic_string<char, std::char_traits<char>, std::allocator<char> > > >(__gnu_cxx::__normal_iterator<char*, std::__cxx11::basic_string<char, std::char_traits<char>, std::allocator<char> > >)
 .text._ZNSaINSt7__cxx1112basic_stringIcSt11char_traitsIcESaIcEEEEC2Ev
                0x00002f6c       0x18 ./src/ATParser.o
                0x00002f6c                std::allocator<std::__cxx11::basic_string<char, std::char_traits<char>, std::allocator<char> > >::allocator()
                0x00002f6c                std::allocator<std::__cxx11::basic_string<char, std::char_traits<char>, std::allocator<char> > >::allocator()
 .text._ZN9__gnu_cxx13new_allocatorINSt7__cxx1112basic_stringIcSt11char_traitsIcESaIcEEEED2Ev
                0x00002f84       0x14 ./src/ATParser.o
                0x00002f84                __gnu_cxx::new_allocator<std::__cxx11::basic_string<char, std::char_traits<char>, std::allocator<char> > >::~new_allocator()
                0x00002f84                __gnu_cxx::new_allocator<std::__cxx11::basic_string<char, std::char_traits<char>, std::allocator<char> > >::~new_allocator()
 .text._ZNSt16allocator_traitsISaINSt7__cxx1112basic_stringIcSt11char_traitsIcESaIcEEEEE10deallocateERS6_PS5_j
                0x00002f98       0x1e ./src/ATParser.o
                0x00002f98                std::allocator_traits<std::allocator<std::__cxx11::basic_string<char, std::char_traits<char>, std::allocator<char> > > >::deallocate(std::allocator<std::__cxx11::basic_string<char, std::char_traits<char>, std::allocator<char> > >&, std::__cxx11::basic_string<char, std::char_traits<char>, std::allocator<char> >*, unsigned int)
 .text._ZSt11__addressofINSt7__cxx1112basic_stringIcSt11char_traitsIcESaIcEEEEPT_RS6_
                0x00002fb6       0x14 ./src/ATParser.o
                0x00002fb6                std::__cxx11::basic_string<char, std::char_traits<char>, std::allocator<char> >* std::__addressof<std::__cxx11::basic_string<char, std::char_traits<char>, std::allocator<char> > >(std::__cxx11::basic_string<char, std::char_traits<char>, std::allocator<char> >&)
 .text._ZNSt12_Destroy_auxILb0EE9__destroyIPNSt7__cxx1112basic_stringIcSt11char_traitsIcESaIcEEEEEvT_S9_
                0x00002fca       0x30 ./src/ATParser.o
                0x00002fca                void std::_Destroy_aux<false>::__destroy<std::__cxx11::basic_string<char, std::char_traits<char>, std::allocator<char> >*>(std::__cxx11::basic_string<char, std::char_traits<char>, std::allocator<char> >*, std::__cxx11::basic_string<char, std::char_traits<char>, std::allocator<char> >*)
 .text._ZNKSt6vectorINSt7__cxx1112basic_stringIcSt11char_traitsIcESaIcEEESaIS5_EE8max_sizeEv
                0x00002ffa       0x22 ./src/ATParser.o
                0x00002ffa                std::vector<std::__cxx11::basic_string<char, std::char_traits<char>, std::allocator<char> >, std::allocator<std::__cxx11::basic_string<char, std::char_traits<char>, std::allocator<char> > > >::max_size() const
 .text._ZSt3maxIjERKT_S2_S2_
                0x0000301c       0x26 ./src/ATParser.o
                0x0000301c                unsigned int const& std::max<unsigned int>(unsigned int const&, unsigned int const&)
 .text._ZNSt16allocator_traitsISaINSt7__cxx1112basic_stringIcSt11char_traitsIcESaIcEEEEE8allocateERS6_j
                0x00003042       0x1e ./src/ATParser.o
                0x00003042                std::allocator_traits<std::allocator<std::__cxx11::basic_string<char, std::char_traits<char>, std::allocator<char> > > >::allocate(std::allocator<std::__cxx11::basic_string<char, std::char_traits<char>, std::allocator<char> > >&, unsigned int)
 .text._ZSt32__make_move_if_noexcept_iteratorINSt7__cxx1112basic_stringIcSt11char_traitsIcESaIcEEESt13move_iteratorIPS5_EET0_PT_
                0x00003060       0x1e ./src/ATParser.o
                0x00003060                std::move_iterator<std::__cxx11::basic_string<char, std::char_traits<char>, std::allocator<char> >*> std::__make_move_if_noexcept_iterator<std::__cxx11::basic_string<char, std::char_traits<char>, std::allocator<char> >, std::move_iterator<std::__cxx11::basic_string<char, std::char_traits<char>, std::allocator<char> >*> >(std::__cxx11::basic_string<char, std::char_traits<char>, std::allocator<char> >*)
 .text._ZSt22__uninitialized_copy_aISt13move_iteratorIPNSt7__cxx1112basic_stringIcSt11char_traitsIcESaIcEEEES7_S6_ET0_T_SA_S9_RSaIT1_E
                0x0000307e       0x22 ./src/ATParser.o
                0x0000307e                std::__cxx11::basic_string<char, std::char_traits<char>, std::allocator<char> >* std::__uninitialized_copy_a<std::move_iterator<std::__cxx11::basic_string<char, std::char_traits<char>, std::allocator<char> >*>, std::__cxx11::basic_string<char, std::char_traits<char>, std::allocator<char> >*, std::__cxx11::basic_string<char, std::char_traits<char>, std::allocator<char> > >(std::move_iterator<std::__cxx11::basic_string<char, std::char_traits<char>, std::allocator<char> >*>, std::move_iterator<std::__cxx11::basic_string<char, std::char_traits<char>, std::allocator<char> >*>, std::__cxx11::basic_string<char, std::char_traits<char>, std::allocator<char> >*, std::allocator<std::__cxx11::basic_string<char, std::char_traits<char>, std::allocator<char> > >&)
 .text._ZN9__gnu_cxx13new_allocatorINSt7__cxx1112basic_stringIcSt11char_traitsIcESaIcEEEE7destroyIS6_EEvPT_
                0x000030a0       0x18 ./src/ATParser.o
                0x000030a0                void __gnu_cxx::new_allocator<std::__cxx11::basic_string<char, std::char_traits<char>, std::allocator<char> > >::destroy<std::__cxx11::basic_string<char, std::char_traits<char>, std::allocator<char> > >(std::__cxx11::basic_string<char, std::char_traits<char>, std::allocator<char> >*)
 .text._ZNK9__gnu_cxx17__normal_iteratorIPcNSt7__cxx1112basic_stringIcSt11char_traitsIcESaIcEEEE4baseEv
                0x000030b8       0x14 ./src/ATParser.o
                0x000030b8                __gnu_cxx::__normal_iterator<char*, std::__cxx11::basic_string<char, std::char_traits<char>, std::allocator<char> > >::base() const
 .text._ZNK9__gnu_cxx17__normal_iteratorIPcNSt7__cxx1112basic_stringIcSt11char_traitsIcESaIcEEEEdeEv
                0x000030cc       0x16 ./src/ATParser.o
                0x000030cc                __gnu_cxx::__normal_iterator<char*, std::__cxx11::basic_string<char, std::char_traits<char>, std::allocator<char> > >::operator*() const
 .text._ZN9__gnu_cxx13new_allocatorINSt7__cxx1112basic_stringIcSt11char_traitsIcESaIcEEEEC2Ev
                0x000030e2       0x14 ./src/ATParser.o
                0x000030e2                __gnu_cxx::new_allocator<std::__cxx11::basic_string<char, std::char_traits<char>, std::allocator<char> > >::new_allocator()
                0x000030e2                __gnu_cxx::new_allocator<std::__cxx11::basic_string<char, std::char_traits<char>, std::allocator<char> > >::new_allocator()
 .text._ZN9__gnu_cxx13new_allocatorINSt7__cxx1112basic_stringIcSt11char_traitsIcESaIcEEEE10deallocateEPS6_j
                0x000030f6       0x1a ./src/ATParser.o
                0x000030f6                __gnu_cxx::new_allocator<std::__cxx11::basic_string<char, std::char_traits<char>, std::allocator<char> > >::deallocate(std::__cxx11::basic_string<char, std::char_traits<char>, std::allocator<char> >*, unsigned int)
 .text._ZSt8_DestroyINSt7__cxx1112basic_stringIcSt11char_traitsIcESaIcEEEEvPT_
                0x00003110       0x16 ./src/ATParser.o
                0x00003110                void std::_Destroy<std::__cxx11::basic_string<char, std::char_traits<char>, std::allocator<char> > >(std::__cxx11::basic_string<char, std::char_traits<char>, std::allocator<char> >*)
 .text._ZNSt16allocator_traitsISaINSt7__cxx1112basic_stringIcSt11char_traitsIcESaIcEEEEE8max_sizeERKS6_
                0x00003126       0x18 ./src/ATParser.o
                0x00003126                std::allocator_traits<std::allocator<std::__cxx11::basic_string<char, std::char_traits<char>, std::allocator<char> > > >::max_size(std::allocator<std::__cxx11::basic_string<char, std::char_traits<char>, std::allocator<char> > > const&)
 .text._ZNKSt12_Vector_baseINSt7__cxx1112basic_stringIcSt11char_traitsIcESaIcEEESaIS5_EE19_M_get_Tp_allocatorEv
                0x0000313e       0x14 ./src/ATParser.o
                0x0000313e                std::_Vector_base<std::__cxx11::basic_string<char, std::char_traits<char>, std::allocator<char> >, std::allocator<std::__cxx11::basic_string<char, std::char_traits<char>, std::allocator<char> > > >::_M_get_Tp_allocator() const
 .text._ZN9__gnu_cxx13new_allocatorINSt7__cxx1112basic_stringIcSt11char_traitsIcESaIcEEEE8allocateEjPKv
                0x00003152       0x42 ./src/ATParser.o
                0x00003152                __gnu_cxx::new_allocator<std::__cxx11::basic_string<char, std::char_traits<char>, std::allocator<char> > >::allocate(unsigned int, void const*)
 .text._ZNSt13move_iteratorIPNSt7__cxx1112basic_stringIcSt11char_traitsIcESaIcEEEEC2ES6_
                0x00003194       0x1c ./src/ATParser.o
                0x00003194                std::move_iterator<std::__cxx11::basic_string<char, std::char_traits<char>, std::allocator<char> >*>::move_iterator(std::__cxx11::basic_string<char, std::char_traits<char>, std::allocator<char> >*)
                0x00003194                std::move_iterator<std::__cxx11::basic_string<char, std::char_traits<char>, std::allocator<char> >*>::move_iterator(std::__cxx11::basic_string<char, std::char_traits<char>, std::allocator<char> >*)
 .text._ZSt18uninitialized_copyISt13move_iteratorIPNSt7__cxx1112basic_stringIcSt11char_traitsIcESaIcEEEES7_ET0_T_SA_S9_
                0x000031b0       0x24 ./src/ATParser.o
                0x000031b0                std::__cxx11::basic_string<char, std::char_traits<char>, std::allocator<char> >* std::uninitialized_copy<std::move_iterator<std::__cxx11::basic_string<char, std::char_traits<char>, std::allocator<char> >*>, std::__cxx11::basic_string<char, std::char_traits<char>, std::allocator<char> >*>(std::move_iterator<std::__cxx11::basic_string<char, std::char_traits<char>, std::allocator<char> >*>, std::move_iterator<std::__cxx11::basic_string<char, std::char_traits<char>, std::allocator<char> >*>, std::__cxx11::basic_string<char, std::char_traits<char>, std::allocator<char> >*)
 .text._ZNK9__gnu_cxx13new_allocatorINSt7__cxx1112basic_stringIcSt11char_traitsIcESaIcEEEE8max_sizeEv
                0x000031d4       0x18 ./src/ATParser.o
                0x000031d4                __gnu_cxx::new_allocator<std::__cxx11::basic_string<char, std::char_traits<char>, std::allocator<char> > >::max_size() const
 .text._ZNSt20__uninitialized_copyILb0EE13__uninit_copyISt13move_iteratorIPNSt7__cxx1112basic_stringIcSt11char_traitsIcESaIcEEEES9_EET0_T_SC_SB_
                0x000031ec       0x7c ./src/ATParser.o
                0x000031ec                std::__cxx11::basic_string<char, std::char_traits<char>, std::allocator<char> >* std::__uninitialized_copy<false>::__uninit_copy<std::move_iterator<std::__cxx11::basic_string<char, std::char_traits<char>, std::allocator<char> >*>, std::__cxx11::basic_string<char, std::char_traits<char>, std::allocator<char> >*>(std::move_iterator<std::__cxx11::basic_string<char, std::char_traits<char>, std::allocator<char> >*>, std::move_iterator<std::__cxx11::basic_string<char, std::char_traits<char>, std::allocator<char> >*>, std::__cxx11::basic_string<char, std::char_traits<char>, std::allocator<char> >*)
 .text._ZStneIPNSt7__cxx1112basic_stringIcSt11char_traitsIcESaIcEEEEbRKSt13move_iteratorIT_ESB_
                0x00003268       0x22 ./src/ATParser.o
                0x00003268                bool std::operator!=<std::__cxx11::basic_string<char, std::char_traits<char>, std::allocator<char> >*>(std::move_iterator<std::__cxx11::basic_string<char, std::char_traits<char>, std::allocator<char> >*> const&, std::move_iterator<std::__cxx11::basic_string<char, std::char_traits<char>, std::allocator<char> >*> const&)
 .text._ZNSt13move_iteratorIPNSt7__cxx1112basic_stringIcSt11char_traitsIcESaIcEEEEppEv
                0x0000328a       0x20 ./src/ATParser.o
                0x0000328a                std::move_iterator<std::__cxx11::basic_string<char, std::char_traits<char>, std::allocator<char> >*>::operator++()
 .text._ZNKSt13move_iteratorIPNSt7__cxx1112basic_stringIcSt11char_traitsIcESaIcEEEEdeEv
                0x000032aa       0x16 ./src/ATParser.o
                0x000032aa                std::move_iterator<std::__cxx11::basic_string<char, std::char_traits<char>, std::allocator<char> >*>::operator*() const
 .text._ZSt7forwardINSt7__cxx1112basic_stringIcSt11char_traitsIcESaIcEEEEOT_RNSt16remove_referenceIS6_E4typeE
                0x000032c0       0x14 ./src/ATParser.o
                0x000032c0                std::__cxx11::basic_string<char, std::char_traits<char>, std::allocator<char> >&& std::forward<std::__cxx11::basic_string<char, std::char_traits<char>, std::allocator<char> > >(std::remove_reference<std::__cxx11::basic_string<char, std::char_traits<char>, std::allocator<char> > >::type&)
 .text._ZSt10_ConstructINSt7__cxx1112basic_stringIcSt11char_traitsIcESaIcEEEJS5_EEvPT_DpOT0_
                0x000032d4       0x32 ./src/ATParser.o
                0x000032d4                void std::_Construct<std::__cxx11::basic_string<char, std::char_traits<char>, std::allocator<char> >, std::__cxx11::basic_string<char, std::char_traits<char>, std::allocator<char> > >(std::__cxx11::basic_string<char, std::char_traits<char>, std::allocator<char> >*, std::__cxx11::basic_string<char, std::char_traits<char>, std::allocator<char> >&&)
 .text._ZSteqIPNSt7__cxx1112basic_stringIcSt11char_traitsIcESaIcEEEEbRKSt13move_iteratorIT_ESB_
                0x00003306       0x2c ./src/ATParser.o
                0x00003306                bool std::operator==<std::__cxx11::basic_string<char, std::char_traits<char>, std::allocator<char> >*>(std::move_iterator<std::__cxx11::basic_string<char, std::char_traits<char>, std::allocator<char> >*> const&, std::move_iterator<std::__cxx11::basic_string<char, std::char_traits<char>, std::allocator<char> >*> const&)
 .text._ZNKSt13move_iteratorIPNSt7__cxx1112basic_stringIcSt11char_traitsIcESaIcEEEE4baseEv
                0x00003332       0x16 ./src/ATParser.o
                0x00003332                std::move_iterator<std::__cxx11::basic_string<char, std::char_traits<char>, std::allocator<char> >*>::base() const
 .text._ZN10NovaSensorC2Ev
                0x00003348       0x94 ./src/NovaSensor.o
                0x00003348                NovaSensor::NovaSensor()
                0x00003348                NovaSensor::NovaSensor()
 .text._ZN10NovaSensor4ReadEPfS0_
                0x000033dc      0x16c ./src/NovaSensor.o
                0x000033dc                NovaSensor::Read(float*, float*)
 .text._ZN11SensironCo211TemperatureEv
                0x00003548       0x16 ./src/SensironCo2.o
                0x00003548                SensironCo2::Temperature()
 .text._ZN11SensironCo28HumidityEv
                0x0000355e       0x16 ./src/SensironCo2.o
                0x0000355e                SensironCo2::Humidity()
 .text._ZN11SensironCo23Co2Ev
                0x00003574       0x16 ./src/SensironCo2.o
                0x00003574                SensironCo2::Co2()
 *fill*         0x0000358a        0x2 
 .text._ZN11SensironCo2C2Ev
                0x0000358c       0xac ./src/SensironCo2.o
                0x0000358c                SensironCo2::SensironCo2()
                0x0000358c                SensironCo2::SensironCo2()
 .text._ZN11SensironCo214getMeasurementEv
                0x00003638      0x13c ./src/SensironCo2.o
                0x00003638                SensironCo2::getMeasurement()
 .text._ZN11SensironCo29dataReadyEv
                0x00003774       0x2a ./src/SensironCo2.o
                0x00003774                SensironCo2::dataReady()
 .text._ZN11SensironCo211sendCommandEtt
                0x0000379e       0x58 ./src/SensironCo2.o
                0x0000379e                SensironCo2::sendCommand(unsigned short, unsigned short)
 .text._ZN11SensironCo211sendCommandEt
                0x000037f6       0x30 ./src/SensironCo2.o
                0x000037f6                SensironCo2::sendCommand(unsigned short)
 .text._ZN11SensironCo212readRegisterEt
                0x00003826       0x40 ./src/SensironCo2.o
                0x00003826                SensironCo2::readRegister(unsigned short)
 *fill*         0x00003866        0x2 
 .text._ZN11SensironCo25writeEPht
                0x00003868       0xc0 ./src/SensironCo2.o
                0x00003868                SensironCo2::write(unsigned char*, unsigned short)
 .text._ZN11SensironCo24readEPht
                0x00003928       0xc0 ./src/SensironCo2.o
                0x00003928                SensironCo2::read(unsigned char*, unsigned short)
 .text._ZN11SensironCo23crcEPhh
                0x000039e8       0x70 ./src/SensironCo2.o
                0x000039e8                SensironCo2::crc(unsigned char*, unsigned char)
 .text.SYSTEM_GetProdRev
                0x00003a58       0x18 ./src/main.o
 .text.CHIP_Init
                0x00003a70       0x40 ./src/main.o
 .text._ZSt3absf
                0x00003ab0       0x18 ./src/main.o
                0x00003ab0                std::abs(float)
 .text._ZL12EnableClocksv
                0x00003ac8       0x88 ./src/main.o
 .text.main     0x00003b50      0x370 ./src/main.o
                0x00003b50                main
 .text._ZN5nbiotC2Ev
                0x00003ec0       0xb4 ./src/nbiot.o
                0x00003ec0                nbiot::nbiot()
                0x00003ec0                nbiot::nbiot()
 .text._ZN5nbiot13configurationEv
                0x00003f74      0x184 ./src/nbiot.o
                0x00003f74                nbiot::configuration()
 .text._ZN5nbiot7connectEv
                0x000040f8      0x184 ./src/nbiot.o
                0x000040f8                nbiot::connect()
 .text._ZN5nbiot12is_connectedEv
                0x0000427c       0xd4 ./src/nbiot.o
                0x0000427c                nbiot::is_connected()
 .text._ZN5nbiot11open_socketEv
                0x00004350       0xd0 ./src/nbiot.o
                0x00004350                nbiot::open_socket()
 .text._ZN5nbiot8sendDataENSt7__cxx1112basic_stringIcSt11char_traitsIcESaIcEEE
                0x00004420      0x18c ./src/nbiot.o
                0x00004420                nbiot::sendData(std::__cxx11::basic_string<char, std::char_traits<char>, std::allocator<char> >)
 .text.NVIC_SetPriority
                0x000045ac       0x58 ./src/timer.o
 .text.SysTick_Config
                0x00004604       0x44 ./src/timer.o
 .text._Z5Delaym
                0x00004648       0x38 ./src/timer.o
                0x00004648                Delay(unsigned long)
 .text.SysTick_Handler
                0x00004680       0x1c ./src/timer.o
                0x00004680                SysTick_Handler
 .text._Z12SysTick_Initv
                0x0000469c       0x38 ./src/timer.o
                0x0000469c                SysTick_Init()
 .text._Z16SysTick_GetTicksv
                0x000046d4       0x14 ./src/timer.o
                0x000046d4                SysTick_GetTicks()
 .text          0x000046e8      0x378 c:/siliconlabs/simplicitystudio/v4/developer/toolchains/gnu_arm/7.2_2017q4/bin/../lib/gcc/arm-none-eabi/7.2.1/thumb/v7-m\libgcc.a(_arm_addsubdf3.o)
                0x000046e8                __aeabi_drsub
                0x000046f0                __aeabi_dsub
                0x000046f0                __subdf3
                0x000046f4                __aeabi_dadd
                0x000046f4                __adddf3
                0x0000496c                __floatunsidf
                0x0000496c                __aeabi_ui2d
                0x0000498c                __floatsidf
                0x0000498c                __aeabi_i2d
                0x000049b0                __aeabi_f2d
                0x000049b0                __extendsfdf2
                0x000049f4                __floatundidf
                0x000049f4                __aeabi_ul2d
                0x00004a04                __floatdidf
                0x00004a04                __aeabi_l2d
 .text          0x00004a60      0x21c c:/siliconlabs/simplicitystudio/v4/developer/toolchains/gnu_arm/7.2_2017q4/bin/../lib/gcc/arm-none-eabi/7.2.1/thumb/v7-m\libgcc.a(_arm_addsubsf3.o)
                0x00004a60                __aeabi_frsub
                0x00004a68                __subsf3
                0x00004a68                __aeabi_fsub
                0x00004a6c                __aeabi_fadd
                0x00004a6c                __addsf3
                0x00004bcc                __aeabi_ui2f
                0x00004bcc                __floatunsisf
                0x00004bd4                __aeabi_i2f
                0x00004bd4                __floatsisf
                0x00004bf0                __aeabi_ul2f
                0x00004bf0                __floatundisf
                0x00004c00                __aeabi_l2f
                0x00004c00                __floatdisf
 .text          0x00004c7c      0x2a0 c:/siliconlabs/simplicitystudio/v4/developer/toolchains/gnu_arm/7.2_2017q4/bin/../lib/gcc/arm-none-eabi/7.2.1/thumb/v7-m\libgcc.a(_arm_muldivsf3.o)
                0x00004c7c                __mulsf3
                0x00004c7c                __aeabi_fmul
                0x00004de4                __aeabi_fdiv
                0x00004de4                __divsf3
 .text          0x00004f1c       0xec c:/siliconlabs/simplicitystudio/v4/developer/toolchains/gnu_arm/7.2_2017q4/bin/../lib/gcc/arm-none-eabi/7.2.1/thumb/v7-m\libgcc.a(_arm_cmpsf2.o)
                0x00004f1c                __gesf2
                0x00004f1c                __gtsf2
                0x00004f24                __lesf2
                0x00004f24                __ltsf2
                0x00004f2c                __nesf2
                0x00004f2c                __eqsf2
                0x00004f2c                __cmpsf2
                0x00004f8c                __aeabi_cfrcmple
                0x00004f94                __aeabi_cfcmpeq
                0x00004f94                __aeabi_cfcmple
                0x00004fa4                __aeabi_fcmpeq
                0x00004fb8                __aeabi_fcmplt
                0x00004fcc                __aeabi_fcmple
                0x00004fe0                __aeabi_fcmpge
                0x00004ff4                __aeabi_fcmpgt
 .text          0x00005008      0xa00 c:/siliconlabs/simplicitystudio/v4/developer/toolchains/gnu_arm/7.2_2017q4/bin/../lib/gcc/arm-none-eabi/7.2.1/thumb/v7-m\libgcc.a(unwind-arm.o)
                0x000052c4                _Unwind_GetCFA
                0x000052c8                __gnu_Unwind_RaiseException
                0x00005328                __gnu_Unwind_ForcedUnwind
                0x0000533c                __gnu_Unwind_Resume
                0x00005380                __gnu_Unwind_Resume_or_Rethrow
                0x00005394                _Unwind_Complete
                0x00005398                _Unwind_DeleteException
                0x000053a4                _Unwind_VRS_Get
                0x000053e8                _Unwind_VRS_Set
                0x00005430                __gnu_Unwind_Backtrace
                0x00005778                __aeabi_unwind_cpp_pr0
                0x0000577c                __aeabi_unwind_cpp_pr1
                0x00005780                __aeabi_unwind_cpp_pr2
                0x00005784                _Unwind_VRS_Pop
 .text          0x00005a08      0x1ac c:/siliconlabs/simplicitystudio/v4/developer/toolchains/gnu_arm/7.2_2017q4/bin/../lib/gcc/arm-none-eabi/7.2.1/thumb/v7-m\libgcc.a(libunwind.o)
                0x00005a08                __restore_core_regs
                0x00005a08                restore_core_regs
                0x00005a20                __gnu_Unwind_Restore_VFP
                0x00005a28                __gnu_Unwind_Save_VFP
                0x00005a30                __gnu_Unwind_Restore_VFP_D
                0x00005a38                __gnu_Unwind_Save_VFP_D
                0x00005a40                __gnu_Unwind_Restore_VFP_D_16_to_31
                0x00005a48                __gnu_Unwind_Save_VFP_D_16_to_31
                0x00005a50                __gnu_Unwind_Restore_WMMXD
                0x00005a94                __gnu_Unwind_Save_WMMXD
                0x00005ad8                __gnu_Unwind_Restore_WMMXC
                0x00005aec                __gnu_Unwind_Save_WMMXC
                0x00005b00                ___Unwind_RaiseException
                0x00005b00                _Unwind_RaiseException
                0x00005b24                _Unwind_Resume
                0x00005b24                ___Unwind_Resume
                0x00005b48                _Unwind_Resume_or_Rethrow
                0x00005b48                ___Unwind_Resume_or_Rethrow
                0x00005b6c                _Unwind_ForcedUnwind
                0x00005b6c                ___Unwind_ForcedUnwind
                0x00005b90                ___Unwind_Backtrace
                0x00005b90                _Unwind_Backtrace
 .text          0x00005bb4      0x378 c:/siliconlabs/simplicitystudio/v4/developer/toolchains/gnu_arm/7.2_2017q4/bin/../lib/gcc/arm-none-eabi/7.2.1/thumb/v7-m\libgcc.a(pr-support.o)
                0x00005c0c                __gnu_unwind_execute
                0x00005ed0                __gnu_unwind_frame
                0x00005efc                _Unwind_GetRegionStart
                0x00005f08                _Unwind_GetLanguageSpecificData
                0x00005f1c                _Unwind_GetDataRelBase
                0x00005f24                _Unwind_GetTextRelBase
 .text._Znwj    0x00005f2c       0x22 c:/siliconlabs/simplicitystudio/v4/developer/toolchains/gnu_arm/7.2_2017q4/bin/../lib/gcc/arm-none-eabi/7.2.1/../../../../arm-none-eabi/lib/thumb/v7-m\libstdc++_nano.a(new_op.o)
                0x00005f2c                operator new(unsigned int)
 .text._ZdlPv   0x00005f4e        0x4 c:/siliconlabs/simplicitystudio/v4/developer/toolchains/gnu_arm/7.2_2017q4/bin/../lib/gcc/arm-none-eabi/7.2.1/../../../../arm-none-eabi/lib/thumb/v7-m\libstdc++_nano.a(del_op.o)
                0x00005f4e                operator delete(void*)
 .text._ZL12read_uleb128PKhPm
                0x00005f52       0x22 c:/siliconlabs/simplicitystudio/v4/developer/toolchains/gnu_arm/7.2_2017q4/bin/../lib/gcc/arm-none-eabi/7.2.1/../../../../arm-none-eabi/lib/thumb/v7-m\libstdc++_nano.a(eh_personality.o)
 .text._ZL12read_sleb128PKhPl
                0x00005f74       0x30 c:/siliconlabs/simplicitystudio/v4/developer/toolchains/gnu_arm/7.2_2017q4/bin/../lib/gcc/arm-none-eabi/7.2.1/../../../../arm-none-eabi/lib/thumb/v7-m\libstdc++_nano.a(eh_personality.o)
 .text._ZL28read_encoded_value_with_basehjPKhPj
                0x00005fa4       0x88 c:/siliconlabs/simplicitystudio/v4/developer/toolchains/gnu_arm/7.2_2017q4/bin/../lib/gcc/arm-none-eabi/7.2.1/../../../../arm-none-eabi/lib/thumb/v7-m\libstdc++_nano.a(eh_personality.o)
 .text._Unwind_GetGR
                0x0000602c       0x18 c:/siliconlabs/simplicitystudio/v4/developer/toolchains/gnu_arm/7.2_2017q4/bin/../lib/gcc/arm-none-eabi/7.2.1/../../../../arm-none-eabi/lib/thumb/v7-m\libstdc++_nano.a(eh_personality.o)
 .text._ZL21base_of_encoded_valuehP15_Unwind_Context.part.3
                0x00006044       0x44 c:/siliconlabs/simplicitystudio/v4/developer/toolchains/gnu_arm/7.2_2017q4/bin/../lib/gcc/arm-none-eabi/7.2.1/../../../../arm-none-eabi/lib/thumb/v7-m\libstdc++_nano.a(eh_personality.o)
 .text._ZL18read_encoded_valueP15_Unwind_ContexthPKhPj
                0x00006088       0x28 c:/siliconlabs/simplicitystudio/v4/developer/toolchains/gnu_arm/7.2_2017q4/bin/../lib/gcc/arm-none-eabi/7.2.1/../../../../arm-none-eabi/lib/thumb/v7-m\libstdc++_nano.a(eh_personality.o)
 .text._ZL17parse_lsda_headerP15_Unwind_ContextPKhP16lsda_header_info
                0x000060b0       0x5a c:/siliconlabs/simplicitystudio/v4/developer/toolchains/gnu_arm/7.2_2017q4/bin/../lib/gcc/arm-none-eabi/7.2.1/../../../../arm-none-eabi/lib/thumb/v7-m\libstdc++_nano.a(eh_personality.o)
 *fill*         0x0000610a        0x2 
 .text.__gxx_personality_v0
                0x0000610c      0x380 c:/siliconlabs/simplicitystudio/v4/developer/toolchains/gnu_arm/7.2_2017q4/bin/../lib/gcc/arm-none-eabi/7.2.1/../../../../arm-none-eabi/lib/thumb/v7-m\libstdc++_nano.a(eh_personality.o)
                0x0000610c                __gxx_personality_v0
 .text._ZN10__cxxabiv1L24__is_gxx_exception_classEPc
                0x0000648c       0x3a c:/siliconlabs/simplicitystudio/v4/developer/toolchains/gnu_arm/7.2_2017q4/bin/../lib/gcc/arm-none-eabi/7.2.1/../../../../arm-none-eabi/lib/thumb/v7-m\libstdc++_nano.a(eh_call.o)
 .text.__cxa_call_terminate
                0x000064c6       0x1e c:/siliconlabs/simplicitystudio/v4/developer/toolchains/gnu_arm/7.2_2017q4/bin/../lib/gcc/arm-none-eabi/7.2.1/../../../../arm-none-eabi/lib/thumb/v7-m\libstdc++_nano.a(eh_call.o)
                0x000064c6                __cxa_call_terminate
 .text.__cxa_call_unexpected
                0x000064e4       0x28 c:/siliconlabs/simplicitystudio/v4/developer/toolchains/gnu_arm/7.2_2017q4/bin/../lib/gcc/arm-none-eabi/7.2.1/../../../../arm-none-eabi/lib/thumb/v7-m\libstdc++_nano.a(eh_call.o)
                0x000064e4                __cxa_call_unexpected
 .text._ZSt15get_new_handlerv
                0x0000650c       0x10 c:/siliconlabs/simplicitystudio/v4/developer/toolchains/gnu_arm/7.2_2017q4/bin/../lib/gcc/arm-none-eabi/7.2.1/../../../../arm-none-eabi/lib/thumb/v7-m\libstdc++_nano.a(new_handler.o)
                0x0000650c                std::get_new_handler()
 .text._ZN10__cxxabiv1L24__is_gxx_exception_classEPc
                0x0000651c       0x3a c:/siliconlabs/simplicitystudio/v4/developer/toolchains/gnu_arm/7.2_2017q4/bin/../lib/gcc/arm-none-eabi/7.2.1/../../../../arm-none-eabi/lib/thumb/v7-m\libstdc++_nano.a(eh_catch.o)
 .text.__cxa_begin_catch
                0x00006556       0x54 c:/siliconlabs/simplicitystudio/v4/developer/toolchains/gnu_arm/7.2_2017q4/bin/../lib/gcc/arm-none-eabi/7.2.1/../../../../arm-none-eabi/lib/thumb/v7-m\libstdc++_nano.a(eh_catch.o)
                0x00006556                __cxa_begin_catch
 .text.__cxa_end_catch
                0x000065aa       0x48 c:/siliconlabs/simplicitystudio/v4/developer/toolchains/gnu_arm/7.2_2017q4/bin/../lib/gcc/arm-none-eabi/7.2.1/../../../../arm-none-eabi/lib/thumb/v7-m\libstdc++_nano.a(eh_catch.o)
                0x000065aa                __cxa_end_catch
 *fill*         0x000065f2        0x2 
 .text.__cxa_get_globals_fast
                0x000065f4        0x8 c:/siliconlabs/simplicitystudio/v4/developer/toolchains/gnu_arm/7.2_2017q4/bin/../lib/gcc/arm-none-eabi/7.2.1/../../../../arm-none-eabi/lib/thumb/v7-m\libstdc++_nano.a(eh_globals.o)
                0x000065f4                __cxa_get_globals_fast
 .text.__cxa_get_globals
                0x000065fc        0x8 c:/siliconlabs/simplicitystudio/v4/developer/toolchains/gnu_arm/7.2_2017q4/bin/../lib/gcc/arm-none-eabi/7.2.1/../../../../arm-none-eabi/lib/thumb/v7-m\libstdc++_nano.a(eh_globals.o)
                0x000065fc                __cxa_get_globals
 .text._ZN10__cxxabiv111__terminateEPFvvE
                0x00006604        0x8 c:/siliconlabs/simplicitystudio/v4/developer/toolchains/gnu_arm/7.2_2017q4/bin/../lib/gcc/arm-none-eabi/7.2.1/../../../../arm-none-eabi/lib/thumb/v7-m\libstdc++_nano.a(eh_terminate.o)
                0x00006604                __cxxabiv1::__terminate(void (*)())
 .text._ZSt13get_terminatev
                0x0000660c       0x10 c:/siliconlabs/simplicitystudio/v4/developer/toolchains/gnu_arm/7.2_2017q4/bin/../lib/gcc/arm-none-eabi/7.2.1/../../../../arm-none-eabi/lib/thumb/v7-m\libstdc++_nano.a(eh_terminate.o)
                0x0000660c                std::get_terminate()
 .text._ZSt9terminatev
                0x0000661c        0xa c:/siliconlabs/simplicitystudio/v4/developer/toolchains/gnu_arm/7.2_2017q4/bin/../lib/gcc/arm-none-eabi/7.2.1/../../../../arm-none-eabi/lib/thumb/v7-m\libstdc++_nano.a(eh_terminate.o)
                0x0000661c                std::terminate()
 .text._ZN10__cxxabiv112__unexpectedEPFvvE
                0x00006626        0x8 c:/siliconlabs/simplicitystudio/v4/developer/toolchains/gnu_arm/7.2_2017q4/bin/../lib/gcc/arm-none-eabi/7.2.1/../../../../arm-none-eabi/lib/thumb/v7-m\libstdc++_nano.a(eh_terminate.o)
                0x00006626                __cxxabiv1::__unexpected(void (*)())
 *fill*         0x0000662e        0x2 
 .text._ZSt14get_unexpectedv
                0x00006630       0x10 c:/siliconlabs/simplicitystudio/v4/developer/toolchains/gnu_arm/7.2_2017q4/bin/../lib/gcc/arm-none-eabi/7.2.1/../../../../arm-none-eabi/lib/thumb/v7-m\libstdc++_nano.a(eh_terminate.o)
                0x00006630                std::get_unexpected()
 .text._ZSt10unexpectedv
                0x00006640        0xa c:/siliconlabs/simplicitystudio/v4/developer/toolchains/gnu_arm/7.2_2017q4/bin/../lib/gcc/arm-none-eabi/7.2.1/../../../../arm-none-eabi/lib/thumb/v7-m\libstdc++_nano.a(eh_terminate.o)
                0x00006640                std::unexpected()
 .text.__cxa_end_cleanup
                0x0000664a        0xc c:/siliconlabs/simplicitystudio/v4/developer/toolchains/gnu_arm/7.2_2017q4/bin/../lib/gcc/arm-none-eabi/7.2.1/../../../../arm-none-eabi/lib/thumb/v7-m\libstdc++_nano.a(eh_arm.o)
                0x0000664a                __cxa_end_cleanup
 .text._ZN10__cxxabiv1L24__is_gxx_exception_classEPc
                0x00006656       0x3a c:/siliconlabs/simplicitystudio/v4/developer/toolchains/gnu_arm/7.2_2017q4/bin/../lib/gcc/arm-none-eabi/7.2.1/../../../../arm-none-eabi/lib/thumb/v7-m\libstdc++_nano.a(eh_arm.o)
 .text.__cxa_type_match
                0x00006690       0xbc c:/siliconlabs/simplicitystudio/v4/developer/toolchains/gnu_arm/7.2_2017q4/bin/../lib/gcc/arm-none-eabi/7.2.1/../../../../arm-none-eabi/lib/thumb/v7-m\libstdc++_nano.a(eh_arm.o)
                0x00006690                __cxa_type_match
 .text.__cxa_begin_cleanup
                0x0000674c       0x3a c:/siliconlabs/simplicitystudio/v4/developer/toolchains/gnu_arm/7.2_2017q4/bin/../lib/gcc/arm-none-eabi/7.2.1/../../../../arm-none-eabi/lib/thumb/v7-m\libstdc++_nano.a(eh_arm.o)
                0x0000674c                __cxa_begin_cleanup
 .text.__gnu_end_cleanup
                0x00006786       0x32 c:/siliconlabs/simplicitystudio/v4/developer/toolchains/gnu_arm/7.2_2017q4/bin/../lib/gcc/arm-none-eabi/7.2.1/../../../../arm-none-eabi/lib/thumb/v7-m\libstdc++_nano.a(eh_arm.o)
                0x00006786                __gnu_end_cleanup
 .text.__cxa_rethrow
                0x000067b8       0x6e c:/siliconlabs/simplicitystudio/v4/developer/toolchains/gnu_arm/7.2_2017q4/bin/../lib/gcc/arm-none-eabi/7.2.1/../../../../arm-none-eabi/lib/thumb/v7-m\libstdc++_nano.a(eh_throw.o)
                0x000067b8                __cxa_rethrow
 .text._ZNSaIcEC2Ev
                0x00006826        0x2 c:/siliconlabs/simplicitystudio/v4/developer/toolchains/gnu_arm/7.2_2017q4/bin/../lib/gcc/arm-none-eabi/7.2.1/../../../../arm-none-eabi/lib/thumb/v7-m\libstdc++_nano.a(allocator-inst.o)
                0x00006826                std::allocator<char>::allocator()
                0x00006826                std::allocator<char>::allocator()
 .text._ZNSaIcED2Ev
                0x00006828        0x2 c:/siliconlabs/simplicitystudio/v4/developer/toolchains/gnu_arm/7.2_2017q4/bin/../lib/gcc/arm-none-eabi/7.2.1/../../../../arm-none-eabi/lib/thumb/v7-m\libstdc++_nano.a(allocator-inst.o)
                0x00006828                std::allocator<char>::~allocator()
                0x00006828                std::allocator<char>::~allocator()
 .text._ZNSt11char_traitsIcE7compareEPKcS2_j
                0x0000682a        0xa c:/siliconlabs/simplicitystudio/v4/developer/toolchains/gnu_arm/7.2_2017q4/bin/../lib/gcc/arm-none-eabi/7.2.1/../../../../arm-none-eabi/lib/thumb/v7-m\libstdc++_nano.a(string-inst.o)
                0x0000682a                std::char_traits<char>::compare(char const*, char const*, unsigned int)
 .text._ZNSt11char_traitsIcE4findEPKcjRS1_
                0x00006834       0x10 c:/siliconlabs/simplicitystudio/v4/developer/toolchains/gnu_arm/7.2_2017q4/bin/../lib/gcc/arm-none-eabi/7.2.1/../../../../arm-none-eabi/lib/thumb/v7-m\libstdc++_nano.a(string-inst.o)
                0x00006834                std::char_traits<char>::find(char const*, unsigned int, char const&)
 .text._ZNSt11char_traitsIcE4copyEPcPKcj
                0x00006844        0x8 c:/siliconlabs/simplicitystudio/v4/developer/toolchains/gnu_arm/7.2_2017q4/bin/../lib/gcc/arm-none-eabi/7.2.1/../../../../arm-none-eabi/lib/thumb/v7-m\libstdc++_nano.a(string-inst.o)
                0x00006844                std::char_traits<char>::copy(char*, char const*, unsigned int)
 .text._ZNSt7__cxx1112basic_stringIcSt11char_traitsIcESaIcEE9_M_createERjj
                0x0000684c       0x34 c:/siliconlabs/simplicitystudio/v4/developer/toolchains/gnu_arm/7.2_2017q4/bin/../lib/gcc/arm-none-eabi/7.2.1/../../../../arm-none-eabi/lib/thumb/v7-m\libstdc++_nano.a(string-inst.o)
                0x0000684c                std::__cxx11::basic_string<char, std::char_traits<char>, std::allocator<char> >::_M_create(unsigned int&, unsigned int)
 .text._ZNSt7__cxx1112basic_stringIcSt11char_traitsIcESaIcEE10_M_disposeEv
                0x00006880       0x10 c:/siliconlabs/simplicitystudio/v4/developer/toolchains/gnu_arm/7.2_2017q4/bin/../lib/gcc/arm-none-eabi/7.2.1/../../../../arm-none-eabi/lib/thumb/v7-m\libstdc++_nano.a(string-inst.o)
                0x00006880                std::__cxx11::basic_string<char, std::char_traits<char>, std::allocator<char> >::_M_dispose()
 .text._ZNKSt7__cxx1112basic_stringIcSt11char_traitsIcESaIcEE8_M_checkEjPKc
                0x00006890       0x1c c:/siliconlabs/simplicitystudio/v4/developer/toolchains/gnu_arm/7.2_2017q4/bin/../lib/gcc/arm-none-eabi/7.2.1/../../../../arm-none-eabi/lib/thumb/v7-m\libstdc++_nano.a(string-inst.o)
                0x00006890                std::__cxx11::basic_string<char, std::char_traits<char>, std::allocator<char> >::_M_check(unsigned int, char const*) const
 .text._ZNSt7__cxx1112basic_stringIcSt11char_traitsIcESaIcEE7_S_copyEPcPKcj
                0x000068ac       0x12 c:/siliconlabs/simplicitystudio/v4/developer/toolchains/gnu_arm/7.2_2017q4/bin/../lib/gcc/arm-none-eabi/7.2.1/../../../../arm-none-eabi/lib/thumb/v7-m\libstdc++_nano.a(string-inst.o)
                0x000068ac                std::__cxx11::basic_string<char, std::char_traits<char>, std::allocator<char> >::_S_copy(char*, char const*, unsigned int)
 .text._ZNSt7__cxx1112basic_stringIcSt11char_traitsIcESaIcEE7_S_moveEPcPKcj
                0x000068be       0x18 c:/siliconlabs/simplicitystudio/v4/developer/toolchains/gnu_arm/7.2_2017q4/bin/../lib/gcc/arm-none-eabi/7.2.1/../../../../arm-none-eabi/lib/thumb/v7-m\libstdc++_nano.a(string-inst.o)
                0x000068be                std::__cxx11::basic_string<char, std::char_traits<char>, std::allocator<char> >::_S_move(char*, char const*, unsigned int)
 .text._ZNSt7__cxx1112basic_stringIcSt11char_traitsIcESaIcEE13_S_copy_charsEPcS5_S5_
                0x000068d6        0xa c:/siliconlabs/simplicitystudio/v4/developer/toolchains/gnu_arm/7.2_2017q4/bin/../lib/gcc/arm-none-eabi/7.2.1/../../../../arm-none-eabi/lib/thumb/v7-m\libstdc++_nano.a(string-inst.o)
                0x000068d6                std::__cxx11::basic_string<char, std::char_traits<char>, std::allocator<char> >::_S_copy_chars(char*, char*, char*)
 .text._ZNSt7__cxx1112basic_stringIcSt11char_traitsIcESaIcEE13_S_copy_charsEPcPKcS7_
                0x000068e0        0xa c:/siliconlabs/simplicitystudio/v4/developer/toolchains/gnu_arm/7.2_2017q4/bin/../lib/gcc/arm-none-eabi/7.2.1/../../../../arm-none-eabi/lib/thumb/v7-m\libstdc++_nano.a(string-inst.o)
                0x000068e0                std::__cxx11::basic_string<char, std::char_traits<char>, std::allocator<char> >::_S_copy_chars(char*, char const*, char const*)
 .text._ZNSt7__cxx1112basic_stringIcSt11char_traitsIcESaIcEE9_M_assignERKS4_
                0x000068ea       0x50 c:/siliconlabs/simplicitystudio/v4/developer/toolchains/gnu_arm/7.2_2017q4/bin/../lib/gcc/arm-none-eabi/7.2.1/../../../../arm-none-eabi/lib/thumb/v7-m\libstdc++_nano.a(string-inst.o)
                0x000068ea                std::__cxx11::basic_string<char, std::char_traits<char>, std::allocator<char> >::_M_assign(std::__cxx11::basic_string<char, std::char_traits<char>, std::allocator<char> > const&)
 .text._ZNSt7__cxx1112basic_stringIcSt11char_traitsIcESaIcEE9_M_mutateEjjPKcj
                0x0000693a       0x7e c:/siliconlabs/simplicitystudio/v4/developer/toolchains/gnu_arm/7.2_2017q4/bin/../lib/gcc/arm-none-eabi/7.2.1/../../../../arm-none-eabi/lib/thumb/v7-m\libstdc++_nano.a(string-inst.o)
                0x0000693a                std::__cxx11::basic_string<char, std::char_traits<char>, std::allocator<char> >::_M_mutate(unsigned int, unsigned int, char const*, unsigned int)
 .text._ZNSt7__cxx1112basic_stringIcSt11char_traitsIcESaIcEE8_M_eraseEjj
                0x000069b8       0x2c c:/siliconlabs/simplicitystudio/v4/developer/toolchains/gnu_arm/7.2_2017q4/bin/../lib/gcc/arm-none-eabi/7.2.1/../../../../arm-none-eabi/lib/thumb/v7-m\libstdc++_nano.a(string-inst.o)
                0x000069b8                std::__cxx11::basic_string<char, std::char_traits<char>, std::allocator<char> >::_M_erase(unsigned int, unsigned int)
 .text._ZNSt7__cxx1112basic_stringIcSt11char_traitsIcESaIcEEC2Ev
                0x000069e4        0xe c:/siliconlabs/simplicitystudio/v4/developer/toolchains/gnu_arm/7.2_2017q4/bin/../lib/gcc/arm-none-eabi/7.2.1/../../../../arm-none-eabi/lib/thumb/v7-m\libstdc++_nano.a(string-inst.o)
                0x000069e4                std::__cxx11::basic_string<char, std::char_traits<char>, std::allocator<char> >::basic_string()
                0x000069e4                std::__cxx11::basic_string<char, std::char_traits<char>, std::allocator<char> >::basic_string()
 .text._ZNSt7__cxx1112basic_stringIcSt11char_traitsIcESaIcEEC2EOS4_
                0x000069f2       0x34 c:/siliconlabs/simplicitystudio/v4/developer/toolchains/gnu_arm/7.2_2017q4/bin/../lib/gcc/arm-none-eabi/7.2.1/../../../../arm-none-eabi/lib/thumb/v7-m\libstdc++_nano.a(string-inst.o)
                0x000069f2                std::__cxx11::basic_string<char, std::char_traits<char>, std::allocator<char> >::basic_string(std::__cxx11::basic_string<char, std::char_traits<char>, std::allocator<char> >&&)
                0x000069f2                std::__cxx11::basic_string<char, std::char_traits<char>, std::allocator<char> >::basic_string(std::__cxx11::basic_string<char, std::char_traits<char>, std::allocator<char> >&&)
 .text._ZNSt7__cxx1112basic_stringIcSt11char_traitsIcESaIcEED2Ev
                0x00006a26        0xc c:/siliconlabs/simplicitystudio/v4/developer/toolchains/gnu_arm/7.2_2017q4/bin/../lib/gcc/arm-none-eabi/7.2.1/../../../../arm-none-eabi/lib/thumb/v7-m\libstdc++_nano.a(string-inst.o)
                0x00006a26                std::__cxx11::basic_string<char, std::char_traits<char>, std::allocator<char> >::~basic_string()
                0x00006a26                std::__cxx11::basic_string<char, std::char_traits<char>, std::allocator<char> >::~basic_string()
 .text._ZNSt7__cxx1112basic_stringIcSt11char_traitsIcESaIcEEaSEOS4_
                0x00006a32       0x4a c:/siliconlabs/simplicitystudio/v4/developer/toolchains/gnu_arm/7.2_2017q4/bin/../lib/gcc/arm-none-eabi/7.2.1/../../../../arm-none-eabi/lib/thumb/v7-m\libstdc++_nano.a(string-inst.o)
                0x00006a32                std::__cxx11::basic_string<char, std::char_traits<char>, std::allocator<char> >::operator=(std::__cxx11::basic_string<char, std::char_traits<char>, std::allocator<char> >&&)
 .text._ZNSt7__cxx1112basic_stringIcSt11char_traitsIcESaIcEE5beginEv
                0x00006a7c        0x4 c:/siliconlabs/simplicitystudio/v4/developer/toolchains/gnu_arm/7.2_2017q4/bin/../lib/gcc/arm-none-eabi/7.2.1/../../../../arm-none-eabi/lib/thumb/v7-m\libstdc++_nano.a(string-inst.o)
                0x00006a7c                std::__cxx11::basic_string<char, std::char_traits<char>, std::allocator<char> >::begin()
 .text._ZNSt7__cxx1112basic_stringIcSt11char_traitsIcESaIcEE3endEv
                0x00006a80        0x8 c:/siliconlabs/simplicitystudio/v4/developer/toolchains/gnu_arm/7.2_2017q4/bin/../lib/gcc/arm-none-eabi/7.2.1/../../../../arm-none-eabi/lib/thumb/v7-m\libstdc++_nano.a(string-inst.o)
                0x00006a80                std::__cxx11::basic_string<char, std::char_traits<char>, std::allocator<char> >::end()
 .text._ZNKSt7__cxx1112basic_stringIcSt11char_traitsIcESaIcEE4sizeEv
                0x00006a88        0x4 c:/siliconlabs/simplicitystudio/v4/developer/toolchains/gnu_arm/7.2_2017q4/bin/../lib/gcc/arm-none-eabi/7.2.1/../../../../arm-none-eabi/lib/thumb/v7-m\libstdc++_nano.a(string-inst.o)
                0x00006a88                std::__cxx11::basic_string<char, std::char_traits<char>, std::allocator<char> >::size() const
 .text._ZNKSt7__cxx1112basic_stringIcSt11char_traitsIcESaIcEE6lengthEv
                0x00006a8c        0x4 c:/siliconlabs/simplicitystudio/v4/developer/toolchains/gnu_arm/7.2_2017q4/bin/../lib/gcc/arm-none-eabi/7.2.1/../../../../arm-none-eabi/lib/thumb/v7-m\libstdc++_nano.a(string-inst.o)
                0x00006a8c                std::__cxx11::basic_string<char, std::char_traits<char>, std::allocator<char> >::length() const
 .text._ZNSt7__cxx1112basic_stringIcSt11char_traitsIcESaIcEEixEj
                0x00006a90        0x6 c:/siliconlabs/simplicitystudio/v4/developer/toolchains/gnu_arm/7.2_2017q4/bin/../lib/gcc/arm-none-eabi/7.2.1/../../../../arm-none-eabi/lib/thumb/v7-m\libstdc++_nano.a(string-inst.o)
                0x00006a90                std::__cxx11::basic_string<char, std::char_traits<char>, std::allocator<char> >::operator[](unsigned int)
 .text._ZNSt7__cxx1112basic_stringIcSt11char_traitsIcESaIcEE9push_backEc
                0x00006a96       0x3c c:/siliconlabs/simplicitystudio/v4/developer/toolchains/gnu_arm/7.2_2017q4/bin/../lib/gcc/arm-none-eabi/7.2.1/../../../../arm-none-eabi/lib/thumb/v7-m\libstdc++_nano.a(string-inst.o)
                0x00006a96                std::__cxx11::basic_string<char, std::char_traits<char>, std::allocator<char> >::push_back(char)
 .text._ZNSt7__cxx1112basic_stringIcSt11char_traitsIcESaIcEEpLEc
                0x00006ad2        0xc c:/siliconlabs/simplicitystudio/v4/developer/toolchains/gnu_arm/7.2_2017q4/bin/../lib/gcc/arm-none-eabi/7.2.1/../../../../arm-none-eabi/lib/thumb/v7-m\libstdc++_nano.a(string-inst.o)
                0x00006ad2                std::__cxx11::basic_string<char, std::char_traits<char>, std::allocator<char> >::operator+=(char)
 *fill*         0x00006ade        0x2 
 .text._ZNSt7__cxx1112basic_stringIcSt11char_traitsIcESaIcEE5eraseEjj
                0x00006ae0       0x3c c:/siliconlabs/simplicitystudio/v4/developer/toolchains/gnu_arm/7.2_2017q4/bin/../lib/gcc/arm-none-eabi/7.2.1/../../../../arm-none-eabi/lib/thumb/v7-m\libstdc++_nano.a(string-inst.o)
                0x00006ae0                std::__cxx11::basic_string<char, std::char_traits<char>, std::allocator<char> >::erase(unsigned int, unsigned int)
 .text._ZNKSt7__cxx1112basic_stringIcSt11char_traitsIcESaIcEE5c_strEv
                0x00006b1c        0x4 c:/siliconlabs/simplicitystudio/v4/developer/toolchains/gnu_arm/7.2_2017q4/bin/../lib/gcc/arm-none-eabi/7.2.1/../../../../arm-none-eabi/lib/thumb/v7-m\libstdc++_nano.a(string-inst.o)
                0x00006b1c                std::__cxx11::basic_string<char, std::char_traits<char>, std::allocator<char> >::c_str() const
 .text._ZNKSt7__cxx1112basic_stringIcSt11char_traitsIcESaIcEE4findEPKcjj
                0x00006b20       0x60 c:/siliconlabs/simplicitystudio/v4/developer/toolchains/gnu_arm/7.2_2017q4/bin/../lib/gcc/arm-none-eabi/7.2.1/../../../../arm-none-eabi/lib/thumb/v7-m\libstdc++_nano.a(string-inst.o)
                0x00006b20                std::__cxx11::basic_string<char, std::char_traits<char>, std::allocator<char> >::find(char const*, unsigned int, unsigned int) const
 .text._ZNKSt7__cxx1112basic_stringIcSt11char_traitsIcESaIcEE4findERKS4_j
                0x00006b80        0xc c:/siliconlabs/simplicitystudio/v4/developer/toolchains/gnu_arm/7.2_2017q4/bin/../lib/gcc/arm-none-eabi/7.2.1/../../../../arm-none-eabi/lib/thumb/v7-m\libstdc++_nano.a(string-inst.o)
                0x00006b80                std::__cxx11::basic_string<char, std::char_traits<char>, std::allocator<char> >::find(std::__cxx11::basic_string<char, std::char_traits<char>, std::allocator<char> > const&, unsigned int) const
 .text._ZNSt7__cxx1112basic_stringIcSt11char_traitsIcESaIcEE12_M_constructIPcEEvT_S7_St20forward_iterator_tag
                0x00006b8c       0x48 c:/siliconlabs/simplicitystudio/v4/developer/toolchains/gnu_arm/7.2_2017q4/bin/../lib/gcc/arm-none-eabi/7.2.1/../../../../arm-none-eabi/lib/thumb/v7-m\libstdc++_nano.a(string-inst.o)
                0x00006b8c                void std::__cxx11::basic_string<char, std::char_traits<char>, std::allocator<char> >::_M_construct<char*>(char*, char*, std::forward_iterator_tag)
 .text._ZNSt7__cxx1112basic_stringIcSt11char_traitsIcESaIcEEC2ERKS4_
                0x00006bd4       0x1c c:/siliconlabs/simplicitystudio/v4/developer/toolchains/gnu_arm/7.2_2017q4/bin/../lib/gcc/arm-none-eabi/7.2.1/../../../../arm-none-eabi/lib/thumb/v7-m\libstdc++_nano.a(string-inst.o)
                0x00006bd4                std::__cxx11::basic_string<char, std::char_traits<char>, std::allocator<char> >::basic_string(std::__cxx11::basic_string<char, std::char_traits<char>, std::allocator<char> > const&)
                0x00006bd4                std::__cxx11::basic_string<char, std::char_traits<char>, std::allocator<char> >::basic_string(std::__cxx11::basic_string<char, std::char_traits<char>, std::allocator<char> > const&)
 .text._ZNSt7__cxx1112basic_stringIcSt11char_traitsIcESaIcEE12_M_constructIPKcEEvT_S8_St20forward_iterator_tag
                0x00006bf0       0x48 c:/siliconlabs/simplicitystudio/v4/developer/toolchains/gnu_arm/7.2_2017q4/bin/../lib/gcc/arm-none-eabi/7.2.1/../../../../arm-none-eabi/lib/thumb/v7-m\libstdc++_nano.a(string-inst.o)
                0x00006bf0                void std::__cxx11::basic_string<char, std::char_traits<char>, std::allocator<char> >::_M_construct<char const*>(char const*, char const*, std::forward_iterator_tag)
 .text._ZNSt7__cxx1112basic_stringIcSt11char_traitsIcESaIcEEC2EPKcRKS3_
                0x00006c38       0x2c c:/siliconlabs/simplicitystudio/v4/developer/toolchains/gnu_arm/7.2_2017q4/bin/../lib/gcc/arm-none-eabi/7.2.1/../../../../arm-none-eabi/lib/thumb/v7-m\libstdc++_nano.a(string-inst.o)
                0x00006c38                std::__cxx11::basic_string<char, std::char_traits<char>, std::allocator<char> >::basic_string(char const*, std::allocator<char> const&)
                0x00006c38                std::__cxx11::basic_string<char, std::char_traits<char>, std::allocator<char> >::basic_string(char const*, std::allocator<char> const&)
 .text._ZNSt7__cxx1112basic_stringIcSt11char_traitsIcESaIcEEC2ERKS4_jj
                0x00006c64       0x3c c:/siliconlabs/simplicitystudio/v4/developer/toolchains/gnu_arm/7.2_2017q4/bin/../lib/gcc/arm-none-eabi/7.2.1/../../../../arm-none-eabi/lib/thumb/v7-m\libstdc++_nano.a(string-inst.o)
                0x00006c64                std::__cxx11::basic_string<char, std::char_traits<char>, std::allocator<char> >::basic_string(std::__cxx11::basic_string<char, std::char_traits<char>, std::allocator<char> > const&, unsigned int, unsigned int)
                0x00006c64                std::__cxx11::basic_string<char, std::char_traits<char>, std::allocator<char> >::basic_string(std::__cxx11::basic_string<char, std::char_traits<char>, std::allocator<char> > const&, unsigned int, unsigned int)
 .text._ZNKSt7__cxx1112basic_stringIcSt11char_traitsIcESaIcEE6substrEjj
                0x00006ca0       0x28 c:/siliconlabs/simplicitystudio/v4/developer/toolchains/gnu_arm/7.2_2017q4/bin/../lib/gcc/arm-none-eabi/7.2.1/../../../../arm-none-eabi/lib/thumb/v7-m\libstdc++_nano.a(string-inst.o)
                0x00006ca0                std::__cxx11::basic_string<char, std::char_traits<char>, std::allocator<char> >::substr(unsigned int, unsigned int) const
 .text._ZSt17__throw_bad_allocv
                0x00006cc8        0x6 c:/siliconlabs/simplicitystudio/v4/developer/toolchains/gnu_arm/7.2_2017q4/bin/../lib/gcc/arm-none-eabi/7.2.1/../../../../arm-none-eabi/lib/thumb/v7-m\libstdc++_nano.a(functexcept.o)
                0x00006cc8                std::__throw_bad_alloc()
 .text._ZSt19__throw_logic_errorPKc
                0x00006cce        0x6 c:/siliconlabs/simplicitystudio/v4/developer/toolchains/gnu_arm/7.2_2017q4/bin/../lib/gcc/arm-none-eabi/7.2.1/../../../../arm-none-eabi/lib/thumb/v7-m\libstdc++_nano.a(functexcept.o)
                0x00006cce                std::__throw_logic_error(char const*)
 .text._ZSt20__throw_length_errorPKc
                0x00006cd4        0x6 c:/siliconlabs/simplicitystudio/v4/developer/toolchains/gnu_arm/7.2_2017q4/bin/../lib/gcc/arm-none-eabi/7.2.1/../../../../arm-none-eabi/lib/thumb/v7-m\libstdc++_nano.a(functexcept.o)
                0x00006cd4                std::__throw_length_error(char const*)
 .text._ZSt24__throw_out_of_range_fmtPKcz
                0x00006cda       0x36 c:/siliconlabs/simplicitystudio/v4/developer/toolchains/gnu_arm/7.2_2017q4/bin/../lib/gcc/arm-none-eabi/7.2.1/../../../../arm-none-eabi/lib/thumb/v7-m\libstdc++_nano.a(functexcept.o)
                0x00006cda                std::__throw_out_of_range_fmt(char const*, ...)
 .text.startup._GLOBAL__sub_I__ZN9__gnu_cxx9__freeresEv
                0x00006d10       0x28 c:/siliconlabs/simplicitystudio/v4/developer/toolchains/gnu_arm/7.2_2017q4/bin/../lib/gcc/arm-none-eabi/7.2.1/../../../../arm-none-eabi/lib/thumb/v7-m\libstdc++_nano.a(eh_alloc.o)
 .text._ZdlPvj  0x00006d38        0x4 c:/siliconlabs/simplicitystudio/v4/developer/toolchains/gnu_arm/7.2_2017q4/bin/../lib/gcc/arm-none-eabi/7.2.1/../../../../arm-none-eabi/lib/thumb/v7-m\libstdc++_nano.a(del_ops.o)
                0x00006d38                operator delete(void*, unsigned int)
 .text._ZN10__cxxabiv120__si_class_type_infoD2Ev
                0x00006d3c       0x14 c:/siliconlabs/simplicitystudio/v4/developer/toolchains/gnu_arm/7.2_2017q4/bin/../lib/gcc/arm-none-eabi/7.2.1/../../../../arm-none-eabi/lib/thumb/v7-m\libstdc++_nano.a(si_class_type_info.o)
                0x00006d3c                __cxxabiv1::__si_class_type_info::~__si_class_type_info()
                0x00006d3c                __cxxabiv1::__si_class_type_info::~__si_class_type_info()
 .text._ZN10__cxxabiv120__si_class_type_infoD0Ev
                0x00006d50       0x14 c:/siliconlabs/simplicitystudio/v4/developer/toolchains/gnu_arm/7.2_2017q4/bin/../lib/gcc/arm-none-eabi/7.2.1/../../../../arm-none-eabi/lib/thumb/v7-m\libstdc++_nano.a(si_class_type_info.o)
                0x00006d50                __cxxabiv1::__si_class_type_info::~__si_class_type_info()
 .text._ZNK10__cxxabiv120__si_class_type_info20__do_find_public_srcEiPKvPKNS_17__class_type_infoES2_
                0x00006d64       0x38 c:/siliconlabs/simplicitystudio/v4/developer/toolchains/gnu_arm/7.2_2017q4/bin/../lib/gcc/arm-none-eabi/7.2.1/../../../../arm-none-eabi/lib/thumb/v7-m\libstdc++_nano.a(si_class_type_info.o)
                0x00006d64                __cxxabiv1::__si_class_type_info::__do_find_public_src(int, void const*, __cxxabiv1::__class_type_info const*, void const*) const
 .text._ZNK10__cxxabiv120__si_class_type_info12__do_dyncastEiNS_17__class_type_info10__sub_kindEPKS1_PKvS4_S6_RNS1_16__dyncast_resultE
                0x00006d9c       0x74 c:/siliconlabs/simplicitystudio/v4/developer/toolchains/gnu_arm/7.2_2017q4/bin/../lib/gcc/arm-none-eabi/7.2.1/../../../../arm-none-eabi/lib/thumb/v7-m\libstdc++_nano.a(si_class_type_info.o)
                0x00006d9c                __cxxabiv1::__si_class_type_info::__do_dyncast(int, __cxxabiv1::__class_type_info::__sub_kind, __cxxabiv1::__class_type_info const*, void const*, __cxxabiv1::__class_type_info const*, void const*, __cxxabiv1::__class_type_info::__dyncast_result&) const
 .text._ZNK10__cxxabiv120__si_class_type_info11__do_upcastEPKNS_17__class_type_infoEPKvRNS1_15__upcast_resultE
                0x00006e10       0x2a c:/siliconlabs/simplicitystudio/v4/developer/toolchains/gnu_arm/7.2_2017q4/bin/../lib/gcc/arm-none-eabi/7.2.1/../../../../arm-none-eabi/lib/thumb/v7-m\libstdc++_nano.a(si_class_type_info.o)