Archive member included to satisfy reference by file (symbol)

c:/siliconlabs/simplicitystudio/v4/developer/toolchains/gnu_arm/7.2_2017q4/bin/../lib/gcc/arm-none-eabi/7.2.1/thumb/v7-m\libgcc.a(_arm_addsubdf3.o)
                              ./src/main.o (__aeabi_f2d)
c:/siliconlabs/simplicitystudio/v4/developer/toolchains/gnu_arm/7.2_2017q4/bin/../lib/gcc/arm-none-eabi/7.2.1/thumb/v7-m\libgcc.a(_arm_addsubsf3.o)
                              ./src/main.o (__aeabi_fsub)
c:/siliconlabs/simplicitystudio/v4/developer/toolchains/gnu_arm/7.2_2017q4/bin/../lib/gcc/arm-none-eabi/7.2.1/thumb/v7-m\libgcc.a(_arm_muldivsf3.o)
                              ./src/main.o (__aeabi_fmul)
c:/siliconlabs/simplicitystudio/v4/developer/toolchains/gnu_arm/7.2_2017q4/bin/../lib/gcc/arm-none-eabi/7.2.1/thumb/v7-m\libgcc.a(_arm_cmpsf2.o)
                              ./src/main.o (__aeabi_fcmpgt)
c:/siliconlabs/simplicitystudio/v4/developer/toolchains/gnu_arm/7.2_2017q4/bin/../lib/gcc/arm-none-eabi/7.2.1/thumb/v7-m\libgcc.a(_aeabi_uldivmod.o)
                              ./emlib/em_usart.o (__aeabi_uldivmod)
c:/siliconlabs/simplicitystudio/v4/developer/toolchains/gnu_arm/7.2_2017q4/bin/../lib/gcc/arm-none-eabi/7.2.1/thumb/v7-m\libgcc.a(_udivmoddi4.o)
                              c:/siliconlabs/simplicitystudio/v4/developer/toolchains/gnu_arm/7.2_2017q4/bin/../lib/gcc/arm-none-eabi/7.2.1/thumb/v7-m\libgcc.a(_aeabi_uldivmod.o) (__udivmoddi4)
c:/siliconlabs/simplicitystudio/v4/developer/toolchains/gnu_arm/7.2_2017q4/bin/../lib/gcc/arm-none-eabi/7.2.1/thumb/v7-m\libgcc.a(unwind-arm.o)
                              ./src/Common/timer.o (__aeabi_unwind_cpp_pr0)
c:/siliconlabs/simplicitystudio/v4/developer/toolchains/gnu_arm/7.2_2017q4/bin/../lib/gcc/arm-none-eabi/7.2.1/thumb/v7-m\libgcc.a(libunwind.o)
                              c:/siliconlabs/simplicitystudio/v4/developer/toolchains/gnu_arm/7.2_2017q4/bin/../lib/gcc/arm-none-eabi/7.2.1/thumb/v7-m\libgcc.a(unwind-arm.o) (restore_core_regs)
c:/siliconlabs/simplicitystudio/v4/developer/toolchains/gnu_arm/7.2_2017q4/bin/../lib/gcc/arm-none-eabi/7.2.1/thumb/v7-m\libgcc.a(pr-support.o)
                              c:/siliconlabs/simplicitystudio/v4/developer/toolchains/gnu_arm/7.2_2017q4/bin/../lib/gcc/arm-none-eabi/7.2.1/thumb/v7-m\libgcc.a(unwind-arm.o) (__gnu_unwind_execute)
c:/siliconlabs/simplicitystudio/v4/developer/toolchains/gnu_arm/7.2_2017q4/bin/../lib/gcc/arm-none-eabi/7.2.1/thumb/v7-m\libgcc.a(_dvmd_tls.o)
                              c:/siliconlabs/simplicitystudio/v4/developer/toolchains/gnu_arm/7.2_2017q4/bin/../lib/gcc/arm-none-eabi/7.2.1/thumb/v7-m\libgcc.a(_aeabi_uldivmod.o) (__aeabi_ldiv0)
c:/siliconlabs/simplicitystudio/v4/developer/toolchains/gnu_arm/7.2_2017q4/bin/../lib/gcc/arm-none-eabi/7.2.1/../../../../arm-none-eabi/lib/thumb/v7-m\libstdc++_nano.a(new_op.o)
                              ./src/ATParser/ATParser.o (operator new(unsigned int))
c:/siliconlabs/simplicitystudio/v4/developer/toolchains/gnu_arm/7.2_2017q4/bin/../lib/gcc/arm-none-eabi/7.2.1/../../../../arm-none-eabi/lib/thumb/v7-m\libstdc++_nano.a(del_op.o)
                              ./src/ATParser/ATParser.o (operator delete(void*))
c:/siliconlabs/simplicitystudio/v4/developer/toolchains/gnu_arm/7.2_2017q4/bin/../lib/gcc/arm-none-eabi/7.2.1/../../../../arm-none-eabi/lib/thumb/v7-m\libstdc++_nano.a(eh_personality.o)
                              ./src/ATParser/ATParser.o (__gxx_personality_v0)
c:/siliconlabs/simplicitystudio/v4/developer/toolchains/gnu_arm/7.2_2017q4/bin/../lib/gcc/arm-none-eabi/7.2.1/../../../../arm-none-eabi/lib/thumb/v7-m\libstdc++_nano.a(eh_call.o)
                              c:/siliconlabs/simplicitystudio/v4/developer/toolchains/gnu_arm/7.2_2017q4/bin/../lib/gcc/arm-none-eabi/7.2.1/../../../../arm-none-eabi/lib/thumb/v7-m\libstdc++_nano.a(eh_personality.o) (__cxa_call_terminate)
c:/siliconlabs/simplicitystudio/v4/developer/toolchains/gnu_arm/7.2_2017q4/bin/../lib/gcc/arm-none-eabi/7.2.1/../../../../arm-none-eabi/lib/thumb/v7-m\libstdc++_nano.a(new_handler.o)
                              c:/siliconlabs/simplicitystudio/v4/developer/toolchains/gnu_arm/7.2_2017q4/bin/../lib/gcc/arm-none-eabi/7.2.1/../../../../arm-none-eabi/lib/thumb/v7-m\libstdc++_nano.a(new_op.o) (std::get_new_handler())
c:/siliconlabs/simplicitystudio/v4/developer/toolchains/gnu_arm/7.2_2017q4/bin/../lib/gcc/arm-none-eabi/7.2.1/../../../../arm-none-eabi/lib/thumb/v7-m\libstdc++_nano.a(eh_catch.o)
                              ./src/ATParser/ATParser.o (__cxa_begin_catch)
c:/siliconlabs/simplicitystudio/v4/developer/toolchains/gnu_arm/7.2_2017q4/bin/../lib/gcc/arm-none-eabi/7.2.1/../../../../arm-none-eabi/lib/thumb/v7-m\libstdc++_nano.a(eh_globals.o)
                              c:/siliconlabs/simplicitystudio/v4/developer/toolchains/gnu_arm/7.2_2017q4/bin/../lib/gcc/arm-none-eabi/7.2.1/../../../../arm-none-eabi/lib/thumb/v7-m\libstdc++_nano.a(eh_catch.o) (__cxa_get_globals_fast)
[...]
Memory Configuration

Name             Origin             Length             Attributes
FLASH            0x00000000         0x00100000         xr
RAM              0x20000000         0x00020000         xrw
*default*        0x00000000         0xffffffff

Linker script and memory map

LOAD c:/siliconlabs/simplicitystudio/v4/developer/toolchains/gnu_arm/7.2_2017q4/bin/../lib/gcc/arm-none-eabi/7.2.1/thumb/v7-m/crti.o
LOAD c:/siliconlabs/simplicitystudio/v4/developer/toolchains/gnu_arm/7.2_2017q4/bin/../lib/gcc/arm-none-eabi/7.2.1/thumb/v7-m/crtbegin.o
LOAD c:/siliconlabs/simplicitystudio/v4/developer/toolchains/gnu_arm/7.2_2017q4/bin/../lib/gcc/arm-none-eabi/7.2.1/../../../../arm-none-eabi/lib/thumb/v7-m/crt0.o
LOAD ./CMSIS/EFM32GG/startup_gcc_efm32gg.o
LOAD ./CMSIS/EFM32GG/system_efm32gg.o
LOAD ./emlib/bsp_trace.o
LOAD ./emlib/em_cmu.o
LOAD ./emlib/em_gpio.o
LOAD ./emlib/em_i2c.o
LOAD ./emlib/em_leuart.o
LOAD ./emlib/em_system.o
LOAD ./emlib/em_timer.o
LOAD ./emlib/em_usart.o
LOAD ./emlib/retargetio.o
LOAD ./emlib/retargetswo.o
LOAD ./src/ATParser/ATParser.o
LOAD ./src/Common/timer.o
LOAD ./src/ModBusRTU/ModBusRTU.o
LOAD ./src/ModBusRTU/ModBusRTUFrame.o
LOAD ./src/Nbiot/nbiot.o
LOAD ./src/NovaSensor/NovaSensor.o
LOAD ./src/Sensiron/SensironCo2.o
LOAD ./src/Sps30/Sps30.o
LOAD ./src/main.o
START GROUP
LOAD c:/siliconlabs/simplicitystudio/v4/developer/toolchains/gnu_arm/7.2_2017q4/bin/../lib/gcc/arm-none-eabi/7.2.1/thumb/v7-m\libgcc.a
LOAD c:/siliconlabs/simplicitystudio/v4/developer/toolchains/gnu_arm/7.2_2017q4/bin/../lib/gcc/arm-none-eabi/7.2.1/../../../../arm-none-eabi/lib/thumb/v7-m\libnosys.a
END GROUP
LOAD c:/siliconlabs/simplicitystudio/v4/developer/toolchains/gnu_arm/7.2_2017q4/bin/../lib/gcc/arm-none-eabi/7.2.1/../../../../arm-none-eabi/lib/thumb/v7-m\libstdc++_nano.a
LOAD c:/siliconlabs/simplicitystudio/v4/developer/toolchains/gnu_arm/7.2_2017q4/bin/../lib/gcc/arm-none-eabi/7.2.1/../../../../arm-none-eabi/lib/thumb/v7-m\libm.a
LOAD c:/siliconlabs/simplicitystudio/v4/developer/toolchains/gnu_arm/7.2_2017q4/bin/../lib/gcc/arm-none-eabi/7.2.1/../../../../arm-none-eabi/lib/thumb/v7-m\libc_nano.a
START GROUP
LOAD c:/siliconlabs/simplicitystudio/v4/developer/toolchains/gnu_arm/7.2_2017q4/bin/../lib/gcc/arm-none-eabi/7.2.1/thumb/v7-m\libgcc.a
LOAD c:/siliconlabs/simplicitystudio/v4/developer/toolchains/gnu_arm/7.2_2017q4/bin/../lib/gcc/arm-none-eabi/7.2.1/../../../../arm-none-eabi/lib/thumb/v7-m\libg_nano.a
LOAD c:/siliconlabs/simplicitystudio/v4/developer/toolchains/gnu_arm/7.2_2017q4/bin/../lib/gcc/arm-none-eabi/7.2.1/../../../../arm-none-eabi/lib/thumb/v7-m\libc_nano.a
END GROUP
START GROUP
LOAD c:/siliconlabs/simplicitystudio/v4/developer/toolchains/gnu_arm/7.2_2017q4/bin/../lib/gcc/arm-none-eabi/7.2.1/thumb/v7-m\libgcc.a
LOAD c:/siliconlabs/simplicitystudio/v4/developer/toolchains/gnu_arm/7.2_2017q4/bin/../lib/gcc/arm-none-eabi/7.2.1/../../../../arm-none-eabi/lib/thumb/v7-m\libc_nano.a
LOAD c:/siliconlabs/simplicitystudio/v4/developer/toolchains/gnu_arm/7.2_2017q4/bin/../lib/gcc/arm-none-eabi/7.2.1/../../../../arm-none-eabi/lib/thumb/v7-m\libnosys.a
END GROUP
START GROUP
LOAD c:/siliconlabs/simplicitystudio/v4/developer/toolchains/gnu_arm/7.2_2017q4/bin/../lib/gcc/arm-none-eabi/7.2.1/thumb/v7-m\libgcc.a
LOAD c:/siliconlabs/simplicitystudio/v4/developer/toolchains/gnu_arm/7.2_2017q4/bin/../lib/gcc/arm-none-eabi/7.2.1/../../../../arm-none-eabi/lib/thumb/v7-m\libc_nano.a
LOAD c:/siliconlabs/simplicitystudio/v4/developer/toolchains/gnu_arm/7.2_2017q4/bin/../lib/gcc/arm-none-eabi/7.2.1/../../../../arm-none-eabi/lib/thumb/v7-m\libnosys.a
END GROUP
LOAD c:/siliconlabs/simplicitystudio/v4/developer/toolchains/gnu_arm/7.2_2017q4/bin/../lib/gcc/arm-none-eabi/7.2.1/thumb/v7-m/crtend.o
LOAD c:/siliconlabs/simplicitystudio/v4/developer/toolchains/gnu_arm/7.2_2017q4/bin/../lib/gcc/arm-none-eabi/7.2.1/thumb/v7-m/crtn.o

.text           0x00000000     0xb808
 *(.vectors)
 .vectors       0x00000000       0xdc ./CMSIS/EFM32GG/startup_gcc_efm32gg.o
                0x00000000                __Vectors
                0x000000dc                __Vectors_End = .
                0x000000dc                __Vectors_Size = (__Vectors_End - __Vectors)
                0x000000dc                __end__ = .
 *(.text*)
 .text          0x000000dc       0x40 c:/siliconlabs/simplicitystudio/v4/developer/toolchains/gnu_arm/7.2_2017q4/bin/../lib/gcc/arm-none-eabi/7.2.1/thumb/v7-m/crtbegin.o
 .text          0x0000011c       0x74 c:/siliconlabs/simplicitystudio/v4/developer/toolchains/gnu_arm/7.2_2017q4/bin/../lib/gcc/arm-none-eabi/7.2.1/../../../../arm-none-eabi/lib/thumb/v7-m/crt0.o
                0x0000011c                _start
                0x0000011c                _mainCRTStartup
 .text          0x00000190       0x30 ./CMSIS/EFM32GG/startup_gcc_efm32gg.o
                0x00000190                Reset_Handler
                0x000001bc                DebugMon_Handler
                0x000001bc                USART0_TX_IRQHandler
                0x000001bc                I2C0_IRQHandler
                0x000001bc                HardFault_Handler
                0x000001bc                LEUART1_IRQHandler
                0x000001bc                USART1_RX_IRQHandler
                0x000001bc                PendSV_Handler
                0x000001bc                NMI_Handler
                0x000001bc                I2C1_IRQHandler
                0x000001bc                TIMER3_IRQHandler
                0x000001bc                USART1_TX_IRQHandler
                0x000001bc                MSC_IRQHandler
                0x000001bc                ADC0_IRQHandler
                0x000001bc                UsageFault_Handler
                0x000001bc                LEUART0_IRQHandler
                0x000001bc                GPIO_EVEN_IRQHandler
                0x000001bc                UART0_TX_IRQHandler
                0x000001bc                UART1_TX_IRQHandler
                0x000001bc                RTC_IRQHandler
                0x000001bc                TIMER0_IRQHandler
                0x000001bc                TIMER2_IRQHandler
                0x000001bc                LCD_IRQHandler
                0x000001bc                PCNT2_IRQHandler
                0x000001bc                UART0_RX_IRQHandler
                0x000001bc                LETIMER0_IRQHandler
                0x000001bc                TIMER1_IRQHandler
                0x000001bc                USART2_RX_IRQHandler
                0x000001bc                Default_Handler
                0x000001bc                EMU_IRQHandler
                0x000001bc                PCNT0_IRQHandler
                0x000001bc                USB_IRQHandler
                0x000001bc                BURTC_IRQHandler
                0x000001bc                PCNT1_IRQHandler
                0x000001bc                ACMP0_IRQHandler
                0x000001bc                USART0_RX_IRQHandler
                0x000001bc                MemManage_Handler
                0x000001bc                SVC_Handler
                0x000001bc                DAC0_IRQHandler
                0x000001bc                UART1_RX_IRQHandler
                0x000001bc                CMU_IRQHandler
                0x000001bc                EBI_IRQHandler
                0x000001bc                LESENSE_IRQHandler
                0x000001bc                GPIO_ODD_IRQHandler
                0x000001bc                AES_IRQHandler
                0x000001bc                VCMP_IRQHandler
                0x000001bc                DMA_IRQHandler
                0x000001bc                BusFault_Handler
                0x000001bc                USART2_TX_IRQHandler
 .text.GetProdRev
                0x000001c0       0x18 ./CMSIS/EFM32GG/system_efm32gg.o
 .text.SystemCoreClockGet
                0x000001d8       0x34 ./CMSIS/EFM32GG/system_efm32gg.o
                0x000001d8                SystemCoreClockGet
 .text.SystemMaxCoreClockGet
                0x0000020c       0x14 ./CMSIS/EFM32GG/system_efm32gg.o
                0x0000020c                SystemMaxCoreClockGet
 .text.SystemHFClockGet
                0x00000220      0x100 ./CMSIS/EFM32GG/system_efm32gg.o
                0x00000220                SystemHFClockGet
 .text.SystemHFXOClockGet
                0x00000320       0x14 ./CMSIS/EFM32GG/system_efm32gg.o
                0x00000320                SystemHFXOClockGet
 .text.SystemInit
                0x00000334        0xc ./CMSIS/EFM32GG/system_efm32gg.o
                0x00000334                SystemInit
 .text.SystemLFRCOClockGet
                0x00000340       0x10 ./CMSIS/EFM32GG/system_efm32gg.o
                0x00000340                SystemLFRCOClockGet
 .text.SystemULFRCOClockGet
                0x00000350       0x10 ./CMSIS/EFM32GG/system_efm32gg.o
                0x00000350                SystemULFRCOClockGet
 .text.SystemLFXOClockGet
                0x00000360       0x14 ./CMSIS/EFM32GG/system_efm32gg.o
                0x00000360                SystemLFXOClockGet
 .text.BSP_TraceProfilerSetup
                0x00000374      0x118 ./emlib/bsp_trace.o
                0x00000374                BSP_TraceProfilerSetup
 .text.BSP_TraceSwoSetup
                0x0000048c        0xc ./emlib/bsp_trace.o
                0x0000048c                BSP_TraceSwoSetup
 .text.BUS_RegBitWrite
                0x00000498       0x2c ./emlib/em_cmu.o
 .text.BUS_RegBitRead
                0x000004c4       0x28 ./emlib/em_cmu.o
 .text.CMU_DivToLog2
                0x000004ec       0x2e ./emlib/em_cmu.o
 *fill*         0x0000051a        0x2 
 .text.SYSTEM_GetProdRev
                0x0000051c       0x18 ./emlib/em_cmu.o
 .text.SYSTEM_GetFamily
                0x00000534       0x18 ./emlib/em_cmu.o
 .text.maxFreqHfle
                0x0000054c       0x7c ./emlib/em_cmu.o
 .text.setHfLeConfig
                0x000005c8       0x64 ./emlib/em_cmu.o
 .text.getHfLeConfig
                0x0000062c       0x20 ./emlib/em_cmu.o
 .text.auxClkGet
                0x0000064c       0xb0 ./emlib/em_cmu.o
 .text.dbgClkGet
                0x000006fc       0x40 ./emlib/em_cmu.o
 .text.flashWaitStateControl
                0x0000073c       0x98 ./emlib/em_cmu.o
 .text.flashWaitStateMax
                0x000007d4       0x44 ./emlib/em_cmu.o
 .text.CMU_UpdateWaitStates
                0x00000818       0x40 ./emlib/em_cmu.o
                0x00000818                CMU_UpdateWaitStates
 .text.lfClkGet
                0x00000858       0xec ./emlib/em_cmu.o
 .text.syncReg  0x00000944       0x34 ./emlib/em_cmu.o
 .text.usbCClkGet
                0x00000978       0x4c ./emlib/em_cmu.o
 .text.hfperClkSafePrescaler
                0x000009c4        0xc ./emlib/em_cmu.o
 .text.hfperClkOptimizedPrescaler
                0x000009d0        0xc ./emlib/em_cmu.o
 .text.CMU_ClockDivSet
                0x000009dc      0x22c ./emlib/em_cmu.o
                0x000009dc                CMU_ClockDivSet
 .text.CMU_ClockEnable
                0x00000c08       0xd0 ./emlib/em_cmu.o
                0x00000c08                CMU_ClockEnable
 .text.CMU_ClockFreqGet
                0x00000cd8      0x1d8 ./emlib/em_cmu.o
                0x00000cd8                CMU_ClockFreqGet
 .text.CMU_ClockSelectGet
                0x00000eb0      0x15c ./emlib/em_cmu.o
                0x00000eb0                CMU_ClockSelectGet
 .text.CMU_ClockSelectSet
                0x0000100c      0x2a4 ./emlib/em_cmu.o
                0x0000100c                CMU_ClockSelectSet
 .text.CMU_OscillatorEnable
                0x000012b0       0xbc ./emlib/em_cmu.o
                0x000012b0                CMU_OscillatorEnable
 .text.GPIO_PinOutClear
                0x0000136c       0x58 ./emlib/em_gpio.o
 .text.GPIO_PinOutSet
                0x000013c4       0x58 ./emlib/em_gpio.o
 .text.GPIO_PinModeSet
                0x0000141c      0x118 ./emlib/em_gpio.o
                0x0000141c                GPIO_PinModeSet
 .text.LEUART_Sync
                0x00001534       0x30 ./emlib/em_leuart.o
 .text.LEUART_BaudrateSet
                0x00001564       0x80 ./emlib/em_leuart.o
                0x00001564                LEUART_BaudrateSet
 .text.LEUART_Enable
                0x000015e4       0x58 ./emlib/em_leuart.o
                0x000015e4                LEUART_Enable
 .text.LEUART_FreezeEnable
                0x0000163c       0x34 ./emlib/em_leuart.o
                0x0000163c                LEUART_FreezeEnable
 .text.LEUART_Init
                0x00001670       0x80 ./emlib/em_leuart.o
                0x00001670                LEUART_Init
 .text.LEUART_Tx
                0x000016f0       0x30 ./emlib/em_leuart.o
                0x000016f0                LEUART_Tx
 .text.SYSTEM_ChipRevisionGet
                0x00001720       0x78 ./emlib/em_system.o
                0x00001720                SYSTEM_ChipRevisionGet
 .text.TIMER_Valid
                0x00001798       0x50 ./emlib/em_timer.o
 .text.TIMER_Init
                0x000017e8       0xe8 ./emlib/em_timer.o
                0x000017e8                TIMER_Init
 .text.USART_BaudrateAsyncSet
                0x000018d0       0xb0 ./emlib/em_usart.o
                0x000018d0                USART_BaudrateAsyncSet
 .text.USART_Enable
                0x00001980       0x70 ./emlib/em_usart.o
                0x00001980                USART_Enable
 .text.USART_InitAsync
                0x000019f0       0xc8 ./emlib/em_usart.o
                0x000019f0                USART_InitAsync
 .text.USART_Reset
                0x00001ab8       0xb0 ./emlib/em_usart.o
                0x00001ab8                USART_Reset
 .text.USART_Rx
                0x00001b68       0x26 ./emlib/em_usart.o
                0x00001b68                USART_Rx
 .text.USART_Tx
                0x00001b8e       0x2a ./emlib/em_usart.o
                0x00001b8e                USART_Tx
 .text._close   0x00001bb8       0x14 ./emlib/retargetio.o
                0x00001bb8                _close
 .text._exit    0x00001bcc        0xa ./emlib/retargetio.o
                0x00001bcc                _exit
 .text._fstat   0x00001bd6       0x1e ./emlib/retargetio.o
                0x00001bd6                _fstat
 .text._getpid  0x00001bf4        0xe ./emlib/retargetio.o
                0x00001bf4                _getpid
 .text._isatty  0x00001c02       0x14 ./emlib/retargetio.o
                0x00001c02                _isatty
 .text._kill    0x00001c16       0x18 ./emlib/retargetio.o
                0x00001c16                _kill
 .text._lseek   0x00001c2e       0x18 ./emlib/retargetio.o
                0x00001c2e                _lseek
 .text._read    0x00001c46       0x56 ./emlib/retargetio.o
                0x00001c46                _read
 .text._sbrk    0x00001c9c       0x3c ./emlib/retargetio.o
                0x00001c9c                _sbrk
 .text._write   0x00001cd8       0x38 ./emlib/retargetio.o
                0x00001cd8                _write
 .text.ITM_SendChar
                0x00001d10       0x4c ./emlib/retargetswo.o
 .text.RETARGET_WriteChar
                0x00001d5c       0x1c ./emlib/retargetswo.o
                0x00001d5c                RETARGET_WriteChar
 .text.RETARGET_ReadChar
                0x00001d78        0xe ./emlib/retargetswo.o
                0x00001d78                RETARGET_ReadChar
 .text.RETARGET_SwoInit
                0x00001d86        0xc ./emlib/retargetswo.o
                0x00001d86                RETARGET_SwoInit
 .text._ZnwjPv  0x00001d92       0x16 ./src/ATParser/ATParser.o
                0x00001d92                operator new(unsigned int, void*)
 .text._ZdlPvS_
                0x00001da8       0x14 ./src/ATParser/ATParser.o
                0x00001da8                operator delete(void*, void*)
 .text._ZN8ATParserC2Ev
                0x00001dbc       0x88 ./src/ATParser/ATParser.o
                0x00001dbc                ATParser::ATParser()
                0x00001dbc                ATParser::ATParser()
 .text._ZN8ATParser4getcEPi
                0x00001e44       0x6e ./src/ATParser/ATParser.o
                0x00001e44                ATParser::getc(int*)
 .text._ZN8ATParser4putcEc
                0x00001eb2       0x24 ./src/ATParser/ATParser.o
                0x00001eb2                ATParser::putc(char)
 .text._ZN8ATParser5splitENSt7__cxx1112basic_stringIcSt11char_traitsIcESaIcEEES5_
                0x00001ed6       0xb6 ./src/ATParser/ATParser.o
                0x00001ed6                ATParser::split(std::__cxx11::basic_string<char, std::char_traits<char>, std::allocator<char> >, std::__cxx11::basic_string<char, std::char_traits<char>, std::allocator<char> >)
 .text._ZN8ATParser4sendENSt7__cxx1112basic_stringIcSt11char_traitsIcESaIcEEE
                0x00001f8c       0x84 ./src/ATParser/ATParser.o
                0x00001f8c                ATParser::send(std::__cxx11::basic_string<char, std::char_traits<char>, std::allocator<char> >)
 .text._ZN8ATParser4recvENSt7__cxx1112basic_stringIcSt11char_traitsIcESaIcEEEz
                0x00002010      0x2b4 ./src/ATParser/ATParser.o
                0x00002010                ATParser::recv(std::__cxx11::basic_string<char, std::char_traits<char>, std::allocator<char> >, ...)
 .text._ZNSt6vectorINSt7__cxx1112basic_stringIcSt11char_traitsIcESaIcEEESaIS5_EEC2Ev
                0x000022c4       0x1a ./src/ATParser/ATParser.o
                0x000022c4                std::vector<std::__cxx11::basic_string<char, std::char_traits<char>, std::allocator<char> >, std::allocator<std::__cxx11::basic_string<char, std::char_traits<char>, std::allocator<char> > > >::vector()
                0x000022c4                std::vector<std::__cxx11::basic_string<char, std::char_traits<char>, std::allocator<char> >, std::allocator<std::__cxx11::basic_string<char, std::char_traits<char>, std::allocator<char> > > >::vector()
 .text._ZNSt6vectorINSt7__cxx1112basic_stringIcSt11char_traitsIcESaIcEEESaIS5_EED2Ev
                0x000022de       0x36 ./src/ATParser/ATParser.o
                0x000022de                std::vector<std::__cxx11::basic_string<char, std::char_traits<char>, std::allocator<char> >, std::allocator<std::__cxx11::basic_string<char, std::char_traits<char>, std::allocator<char> > > >::~vector()
                0x000022de                std::vector<std::__cxx11::basic_string<char, std::char_traits<char>, std::allocator<char> >, std::allocator<std::__cxx11::basic_string<char, std::char_traits<char>, std::allocator<char> > > >::~vector()
 .text._ZNSt6vectorINSt7__cxx1112basic_stringIcSt11char_traitsIcESaIcEEESaIS5_EE9push_backERKS5_
                0x00002314       0x4c ./src/ATParser/ATParser.o
                0x00002314                std::vector<std::__cxx11::basic_string<char, std::char_traits<char>, std::allocator<char> >, std::allocator<std::__cxx11::basic_string<char, std::char_traits<char>, std::allocator<char> > > >::push_back(std::__cxx11::basic_string<char, std::char_traits<char>, std::allocator<char> > const&)
 .text._ZSt5countIN9__gnu_cxx17__normal_iteratorIPcNSt7__cxx1112basic_stringIcSt11char_traitsIcESaIcEEEEEcENSt15iterator_traitsIT_E15difference_typeESB_SB_RKT0_
                0x00002360       0x28 ./src/ATParser/ATParser.o
                0x00002360                std::iterator_traits<__gnu_cxx::__normal_iterator<char*, std::__cxx11::basic_string<char, std::char_traits<char>, std::allocator<char> > > >::difference_type std::count<__gnu_cxx::__normal_iterator<char*, std::__cxx11::basic_string<char, std::char_traits<char>, std::allocator<char> > >, char>(__gnu_cxx::__normal_iterator<char*, std::__cxx11::basic_string<char, std::char_traits<char>, std::allocator<char> > >, __gnu_cxx::__normal_iterator<char*, std::__cxx11::basic_string<char, std::char_traits<char>, std::allocator<char> > >, char const&)
 .text._ZNKSt6vectorINSt7__cxx1112basic_stringIcSt11char_traitsIcESaIcEEESaIS5_EE4sizeEv
                0x00002388       0x2c ./src/ATParser/ATParser.o
                0x00002388                std::vector<std::__cxx11::basic_string<char, std::char_traits<char>, std::allocator<char> >, std::allocator<std::__cxx11::basic_string<char, std::char_traits<char>, std::allocator<char> > > >::size() const
 .text._ZNSt6vectorINSt7__cxx1112basic_stringIcSt11char_traitsIcESaIcEEESaIS5_EEixEj
                0x000023b4       0x24 ./src/ATParser/ATParser.o
                0x000023b4                std::vector<std::__cxx11::basic_string<char, std::char_traits<char>, std::allocator<char> >, std::allocator<std::__cxx11::basic_string<char, std::char_traits<char>, std::allocator<char> > > >::operator[](unsigned int)
 .text._ZNSt12_Vector_baseINSt7__cxx1112basic_stringIcSt11char_traitsIcESaIcEEESaIS5_EE12_Vector_implD2Ev
                0x000023d8       0x18 ./src/ATParser/ATParser.o
                0x000023d8                std::_Vector_base<std::__cxx11::basic_string<char, std::char_traits<char>, std::allocator<char> >, std::allocator<std::__cxx11::basic_string<char, std::char_traits<char>, std::allocator<char> > > >::_Vector_impl::~_Vector_impl()
                0x000023d8                std::_Vector_base<std::__cxx11::basic_string<char, std::char_traits<char>, std::allocator<char> >, std::allocator<std::__cxx11::basic_string<char, std::char_traits<char>, std::allocator<char> > > >::_Vector_impl::~_Vector_impl()
 .text._ZNSt12_Vector_baseINSt7__cxx1112basic_stringIcSt11char_traitsIcESaIcEEESaIS5_EEC2Ev
                0x000023f0       0x1a ./src/ATParser/ATParser.o
                0x000023f0                std::_Vector_base<std::__cxx11::basic_string<char, std::char_traits<char>, std::allocator<char> >, std::allocator<std::__cxx11::basic_string<char, std::char_traits<char>, std::allocator<char> > > >::_Vector_base()
                0x000023f0                std::_Vector_base<std::__cxx11::basic_string<char, std::char_traits<char>, std::allocator<char> >, std::allocator<std::__cxx11::basic_string<char, std::char_traits<char>, std::allocator<char> > > >::_Vector_base()
 *fill*         0x0000240a        0x2 
 .text._ZNSt12_Vector_baseINSt7__cxx1112basic_stringIcSt11char_traitsIcESaIcEEESaIS5_EED2Ev
                0x0000240c       0x40 ./src/ATParser/ATParser.o
                0x0000240c                std::_Vector_base<std::__cxx11::basic_string<char, std::char_traits<char>, std::allocator<char> >, std::allocator<std::__cxx11::basic_string<char, std::char_traits<char>, std::allocator<char> > > >::~_Vector_base()
                0x0000240c                std::_Vector_base<std::__cxx11::basic_string<char, std::char_traits<char>, std::allocator<char> >, std::allocator<std::__cxx11::basic_string<char, std::char_traits<char>, std::allocator<char> > > >::~_Vector_base()
 .text._ZNSt12_Vector_baseINSt7__cxx1112basic_stringIcSt11char_traitsIcESaIcEEESaIS5_EE19_M_get_Tp_allocatorEv
                0x0000244c       0x14 ./src/ATParser/ATParser.o
                0x0000244c                std::_Vector_base<std::__cxx11::basic_string<char, std::char_traits<char>, std::allocator<char> >, std::allocator<std::__cxx11::basic_string<char, std::char_traits<char>, std::allocator<char> > > >::_M_get_Tp_allocator()
 .text._ZSt8_DestroyIPNSt7__cxx1112basic_stringIcSt11char_traitsIcESaIcEEES5_EvT_S7_RSaIT0_E
                0x00002460       0x1c ./src/ATParser/ATParser.o
                0x00002460                void std::_Destroy<std::__cxx11::basic_string<char, std::char_traits<char>, std::allocator<char> >*, std::__cxx11::basic_string<char, std::char_traits<char>, std::allocator<char> > >(std::__cxx11::basic_string<char, std::char_traits<char>, std::allocator<char> >*, std::__cxx11::basic_string<char, std::char_traits<char>, std::allocator<char> >*, std::allocator<std::__cxx11::basic_string<char, std::char_traits<char>, std::allocator<char> > >&)
 .text._ZSt7forwardIRKNSt7__cxx1112basic_stringIcSt11char_traitsIcESaIcEEEEOT_RNSt16remove_referenceIS8_E4typeE
                0x0000247c       0x14 ./src/ATParser/ATParser.o
                0x0000247c                std::__cxx11::basic_string<char, std::char_traits<char>, std::allocator<char> > const& std::forward<std::__cxx11::basic_string<char, std::char_traits<char>, std::allocator<char> > const&>(std::remove_reference<std::__cxx11::basic_string<char, std::char_traits<char>, std::allocator<char> > const&>::type&)
 .text._ZNSt16allocator_traitsISaINSt7__cxx1112basic_stringIcSt11char_traitsIcESaIcEEEEE9constructIS5_JRKS5_EEEvRS6_PT_DpOT0_
                0x00002490       0x26 ./src/ATParser/ATParser.o
                0x00002490                void std::allocator_traits<std::allocator<std::__cxx11::basic_string<char, std::char_traits<char>, std::allocator<char> > > >::construct<std::__cxx11::basic_string<char, std::char_traits<char>, std::allocator<char> >, std::__cxx11::basic_string<char, std::char_traits<char>, std::allocator<char> > const&>(std::allocator<std::__cxx11::basic_string<char, std::char_traits<char>, std::allocator<char> > >&, std::__cxx11::basic_string<char, std::char_traits<char>, std::allocator<char> >*, std::__cxx11::basic_string<char, std::char_traits<char>, std::allocator<char> > const&)
 .text._ZNSt6vectorINSt7__cxx1112basic_stringIcSt11char_traitsIcESaIcEEESaIS5_EE3endEv
                0x000024b6       0x22 ./src/ATParser/ATParser.o
                0x000024b6                std::vector<std::__cxx11::basic_string<char, std::char_traits<char>, std::allocator<char> >, std::allocator<std::__cxx11::basic_string<char, std::char_traits<char>, std::allocator<char> > > >::end()
 .text._ZNSt6vectorINSt7__cxx1112basic_stringIcSt11char_traitsIcESaIcEEESaIS5_EE17_M_realloc_insertIJRKS5_EEEvN9__gnu_cxx17__normal_iteratorIPS5_S7_EEDpOT_
                0x000024d8      0x18c ./src/ATParser/ATParser.o
                0x000024d8                void std::vector<std::__cxx11::basic_string<char, std::char_traits<char>, std::allocator<char> >, std::allocator<std::__cxx11::basic_string<char, std::char_traits<char>, std::allocator<char> > > >::_M_realloc_insert<std::__cxx11::basic_string<char, std::char_traits<char>, std::allocator<char> > const&>(__gnu_cxx::__normal_iterator<std::__cxx11::basic_string<char, std::char_traits<char>, std::allocator<char> >*, std::vector<std::__cxx11::basic_string<char, std::char_traits<char>, std::allocator<char> >, std::allocator<std::__cxx11::basic_string<char, std::char_traits<char>, std::allocator<char> > > > >, std::__cxx11::basic_string<char, std::char_traits<char>, std::allocator<char> > const&)
 .text._ZN9__gnu_cxx5__ops17__iter_equals_valIKcEENS0_16_Iter_equals_valIT_EERS4_
                0x00002664       0x1e ./src/ATParser/ATParser.o
                0x00002664                __gnu_cxx::__ops::_Iter_equals_val<char const> __gnu_cxx::__ops::__iter_equals_val<char const>(char const&)
 .text._ZSt10__count_ifIN9__gnu_cxx17__normal_iteratorIPcNSt7__cxx1112basic_stringIcSt11char_traitsIcESaIcEEEEENS0_5__ops16_Iter_equals_valIKcEEENSt15iterator_traitsIT_E15difference_typeESF_SF_T0_
                0x00002682       0x52 ./src/ATParser/ATParser.o
                0x00002682                std::iterator_traits<__gnu_cxx::__normal_iterator<char*, std::__cxx11::basic_string<char, std::char_traits<char>, std::allocator<char> > > >::difference_type std::__count_if<__gnu_cxx::__normal_iterator<char*, std::__cxx11::basic_string<char, std::char_traits<char>, std::allocator<char> > >, __gnu_cxx::__ops::_Iter_equals_val<char const> >(__gnu_cxx::__normal_iterator<char*, std::__cxx11::basic_string<char, std::char_traits<char>, std::allocator<char> > >, __gnu_cxx::__normal_iterator<char*, std::__cxx11::basic_string<char, std::char_traits<char>, std::allocator<char> > >, __gnu_cxx::__ops::_Iter_equals_val<char const>)
 .text._ZNSt12_Vector_baseINSt7__cxx1112basic_stringIcSt11char_traitsIcESaIcEEESaIS5_EE12_Vector_implC2Ev
                0x000026d4       0x2a ./src/ATParser/ATParser.o
                0x000026d4                std::_Vector_base<std::__cxx11::basic_string<char, std::char_traits<char>, std::allocator<char> >, std::allocator<std::__cxx11::basic_string<char, std::char_traits<char>, std::allocator<char> > > >::_Vector_impl::_Vector_impl()
                0x000026d4                std::_Vector_base<std::__cxx11::basic_string<char, std::char_traits<char>, std::allocator<char> >, std::allocator<std::__cxx11::basic_string<char, std::char_traits<char>, std::allocator<char> > > >::_Vector_impl::_Vector_impl()
 .text._ZNSaINSt7__cxx1112basic_stringIcSt11char_traitsIcESaIcEEEED2Ev
                0x000026fe       0x18 ./src/ATParser/ATParser.o
                0x000026fe                std::allocator<std::__cxx11::basic_string<char, std::char_traits<char>, std::allocator<char> > >::~allocator()
                0x000026fe                std::allocator<std::__cxx11::basic_string<char, std::char_traits<char>, std::allocator<char> > >::~allocator()
 .text._ZNSt12_Vector_baseINSt7__cxx1112basic_stringIcSt11char_traitsIcESaIcEEESaIS5_EE13_M_deallocateEPS5_j
                0x00002716       0x26 ./src/ATParser/ATParser.o
                0x00002716                std::_Vector_base<std::__cxx11::basic_string<char, std::char_traits<char>, std::allocator<char> >, std::allocator<std::__cxx11::basic_string<char, std::char_traits<char>, std::allocator<char> > > >::_M_deallocate(std::__cxx11::basic_string<char, std::char_traits<char>, std::allocator<char> >*, unsigned int)
 .text._ZSt8_DestroyIPNSt7__cxx1112basic_stringIcSt11char_traitsIcESaIcEEEEvT_S7_
                0x0000273c       0x1a ./src/ATParser/ATParser.o
                0x0000273c                void std::_Destroy<std::__cxx11::basic_string<char, std::char_traits<char>, std::allocator<char> >*>(std::__cxx11::basic_string<char, std::char_traits<char>, std::allocator<char> >*, std::__cxx11::basic_string<char, std::char_traits<char>, std::allocator<char> >*)
 .text._ZN9__gnu_cxx13new_allocatorINSt7__cxx1112basic_stringIcSt11char_traitsIcESaIcEEEE9constructIS6_JRKS6_EEEvPT_DpOT0_
                0x00002756       0x42 ./src/ATParser/ATParser.o
                0x00002756                void __gnu_cxx::new_allocator<std::__cxx11::basic_string<char, std::char_traits<char>, std::allocator<char> > >::construct<std::__cxx11::basic_string<char, std::char_traits<char>, std::allocator<char> >, std::__cxx11::basic_string<char, std::char_traits<char>, std::allocator<char> > const&>(std::__cxx11::basic_string<char, std::char_traits<char>, std::allocator<char> >*, std::__cxx11::basic_string<char, std::char_traits<char>, std::allocator<char> > const&)
 .text._ZN9__gnu_cxx17__normal_iteratorIPNSt7__cxx1112basic_stringIcSt11char_traitsIcESaIcEEESt6vectorIS6_SaIS6_EEEC2ERKS7_
                0x00002798       0x1e ./src/ATParser/ATParser.o
                0x00002798                __gnu_cxx::__normal_iterator<std::__cxx11::basic_string<char, std::char_traits<char>, std::allocator<char> >*, std::vector<std::__cxx11::basic_string<char, std::char_traits<char>, std::allocator<char> >, std::allocator<std::__cxx11::basic_string<char, std::char_traits<char>, std::allocator<char> > > > >::__normal_iterator(std::__cxx11::basic_string<char, std::char_traits<char>, std::allocator<char> >* const&)
                0x00002798                __gnu_cxx::__normal_iterator<std::__cxx11::basic_string<char, std::char_traits<char>, std::allocator<char> >*, std::vector<std::__cxx11::basic_string<char, std::char_traits<char>, std::allocator<char> >, std::allocator<std::__cxx11::basic_string<char, std::char_traits<char>, std::allocator<char> > > > >::__normal_iterator(std::__cxx11::basic_string<char, std::char_traits<char>, std::allocator<char> >* const&)
 .text._ZNKSt6vectorINSt7__cxx1112basic_stringIcSt11char_traitsIcESaIcEEESaIS5_EE12_M_check_lenEjPKc
                0x000027b6       0x90 ./src/ATParser/ATParser.o
                0x000027b6                std::vector<std::__cxx11::basic_string<char, std::char_traits<char>, std::allocator<char> >, std::allocator<std::__cxx11::basic_string<char, std::char_traits<char>, std::allocator<char> > > >::_M_check_len(unsigned int, char const*) const
 .text._ZNSt6vectorINSt7__cxx1112basic_stringIcSt11char_traitsIcESaIcEEESaIS5_EE5beginEv
                0x00002846       0x20 ./src/ATParser/ATParser.o
                0x00002846                std::vector<std::__cxx11::basic_string<char, std::char_traits<char>, std::allocator<char> >, std::allocator<std::__cxx11::basic_string<char, std::char_traits<char>, std::allocator<char> > > >::begin()
 *fill*         0x00002866        0x2 
 .text._ZN9__gnu_cxxmiIPNSt7__cxx1112basic_stringIcSt11char_traitsIcESaIcEEESt6vectorIS6_SaIS6_EEEENS_17__normal_iteratorIT_T0_E15difference_typeERKSE_SH_
                0x00002868       0x38 ./src/ATParser/ATParser.o
                0x00002868                __gnu_cxx::__normal_iterator<std::__cxx11::basic_string<char, std::char_traits<char>, std::allocator<char> >*, std::vector<std::__cxx11::basic_string<char, std::char_traits<char>, std::allocator<char> >, std::allocator<std::__cxx11::basic_string<char, std::char_traits<char>, std::allocator<char> > > > >::difference_type __gnu_cxx::operator-<std::__cxx11::basic_string<char, std::char_traits<char>, std::allocator<char> >*, std::vector<std::__cxx11::basic_string<char, std::char_traits<char>, std::allocator<char> >, std::allocator<std::__cxx11::basic_string<char, std::char_traits<char>, std::allocator<char> > > > >(__gnu_cxx::__normal_iterator<std::__cxx11::basic_string<char, std::char_traits<char>, std::allocator<char> >*, std::vector<std::__cxx11::basic_string<char, std::char_traits<char>, std::allocator<char> >, std::allocator<std::__cxx11::basic_string<char, std::char_traits<char>, std::allocator<char> > > > > const&, __gnu_cxx::__normal_iterator<std::__cxx11::basic_string<char, std::char_traits<char>, std::allocator<char> >*, std::vector<std::__cxx11::basic_string<char, std::char_traits<char>, std::allocator<char> >, std::allocator<std::__cxx11::basic_string<char, std::char_traits<char>, std::allocator<char> > > > > const&)
 .text._ZNSt12_Vector_baseINSt7__cxx1112basic_stringIcSt11char_traitsIcESaIcEEESaIS5_EE11_M_allocateEj
                0x000028a0       0x28 ./src/ATParser/ATParser.o
                0x000028a0                std::_Vector_base<std::__cxx11::basic_string<char, std::char_traits<char>, std::allocator<char> >, std::allocator<std::__cxx11::basic_string<char, std::char_traits<char>, std::allocator<char> > > >::_M_allocate(unsigned int)
 .text._ZNK9__gnu_cxx17__normal_iteratorIPNSt7__cxx1112basic_stringIcSt11char_traitsIcESaIcEEESt6vectorIS6_SaIS6_EEE4baseEv
                0x000028c8       0x14 ./src/ATParser/ATParser.o
                0x000028c8                __gnu_cxx::__normal_iterator<std::__cxx11::basic_string<char, std::char_traits<char>, std::allocator<char> >*, std::vector<std::__cxx11::basic_string<char, std::char_traits<char>, std::allocator<char> >, std::allocator<std::__cxx11::basic_string<char, std::char_traits<char>, std::allocator<char> > > > >::base() const
 .text._ZSt34__uninitialized_move_if_noexcept_aIPNSt7__cxx1112basic_stringIcSt11char_traitsIcESaIcEEES6_SaIS5_EET0_T_S9_S8_RT1_
                0x000028dc       0x32 ./src/ATParser/ATParser.o
                0x000028dc                std::__cxx11::basic_string<char, std::char_traits<char>, std::allocator<char> >* std::__uninitialized_move_if_noexcept_a<std::__cxx11::basic_string<char, std::char_traits<char>, std::allocator<char> >*, std::__cxx11::basic_string<char, std::char_traits<char>, std::allocator<char> >*, std::allocator<std::__cxx11::basic_string<char, std::char_traits<char>, std::allocator<char> > > >(std::__cxx11::basic_string<char, std::char_traits<char>, std::allocator<char> >*, std::__cxx11::basic_string<char, std::char_traits<char>, std::allocator<char> >*, std::__cxx11::basic_string<char, std::char_traits<char>, std::allocator<char> >*, std::allocator<std::__cxx11::basic_string<char, std::char_traits<char>, std::allocator<char> > >&)
 .text._ZNSt16allocator_traitsISaINSt7__cxx1112basic_stringIcSt11char_traitsIcESaIcEEEEE7destroyIS5_EEvRS6_PT_
                0x0000290e       0x1a ./src/ATParser/ATParser.o
                0x0000290e                void std::allocator_traits<std::allocator<std::__cxx11::basic_string<char, std::char_traits<char>, std::allocator<char> > > >::destroy<std::__cxx11::basic_string<char, std::char_traits<char>, std::allocator<char> > >(std::allocator<std::__cxx11::basic_string<char, std::char_traits<char>, std::allocator<char> > >&, std::__cxx11::basic_string<char, std::char_traits<char>, std::allocator<char> >*)
 .text._ZN9__gnu_cxx5__ops16_Iter_equals_valIKcEC2ERS2_
                0x00002928       0x1c ./src/ATParser/ATParser.o
                0x00002928                __gnu_cxx::__ops::_Iter_equals_val<char const>::_Iter_equals_val(char const&)
                0x00002928                __gnu_cxx::__ops::_Iter_equals_val<char const>::_Iter_equals_val(char const&)
 .text._ZN9__gnu_cxxneIPcNSt7__cxx1112basic_stringIcSt11char_traitsIcESaIcEEEEEbRKNS_17__normal_iteratorIT_T0_EESD_
                0x00002944       0x30 ./src/ATParser/ATParser.o
                0x00002944                bool __gnu_cxx::operator!=<char*, std::__cxx11::basic_string<char, std::char_traits<char>, std::allocator<char> > >(__gnu_cxx::__normal_iterator<char*, std::__cxx11::basic_string<char, std::char_traits<char>, std::allocator<char> > > const&, __gnu_cxx::__normal_iterator<char*, std::__cxx11::basic_string<char, std::char_traits<char>, std::allocator<char> > > const&)
 .text._ZN9__gnu_cxx17__normal_iteratorIPcNSt7__cxx1112basic_stringIcSt11char_traitsIcESaIcEEEEppEv
                0x00002974       0x1e ./src/ATParser/ATParser.o
                0x00002974                __gnu_cxx::__normal_iterator<char*, std::__cxx11::basic_string<char, std::char_traits<char>, std::allocator<char> > >::operator++()
 .text._ZN9__gnu_cxx5__ops16_Iter_equals_valIKcEclINS_17__normal_iteratorIPcNSt7__cxx1112basic_stringIcSt11char_traitsIcESaIcEEEEEEEbT_
                0x00002992       0x2e ./src/ATParser/ATParser.o
                0x00002992                bool __gnu_cxx::__ops::_Iter_equals_val<char const>::operator()<__gnu_cxx::__normal_iterator<char*, std::__cxx11::basic_string<char, std::char_traits<char>, std::allocator<char> > > >(__gnu_cxx::__normal_iterator<char*, std::__cxx11::basic_string<char, std::char_traits<char>, std::allocator<char> > >)
 .text._ZNSaINSt7__cxx1112basic_stringIcSt11char_traitsIcESaIcEEEEC2Ev
                0x000029c0       0x18 ./src/ATParser/ATParser.o
                0x000029c0                std::allocator<std::__cxx11::basic_string<char, std::char_traits<char>, std::allocator<char> > >::allocator()
                0x000029c0                std::allocator<std::__cxx11::basic_string<char, std::char_traits<char>, std::allocator<char> > >::allocator()
 .text._ZN9__gnu_cxx13new_allocatorINSt7__cxx1112basic_stringIcSt11char_traitsIcESaIcEEEED2Ev
                0x000029d8       0x14 ./src/ATParser/ATParser.o
                0x000029d8                __gnu_cxx::new_allocator<std::__cxx11::basic_string<char, std::char_traits<char>, std::allocator<char> > >::~new_allocator()
                0x000029d8                __gnu_cxx::new_allocator<std::__cxx11::basic_string<char, std::char_traits<char>, std::allocator<char> > >::~new_allocator()
 .text._ZNSt16allocator_traitsISaINSt7__cxx1112basic_stringIcSt11char_traitsIcESaIcEEEEE10deallocateERS6_PS5_j
                0x000029ec       0x1e ./src/ATParser/ATParser.o
                0x000029ec                std::allocator_traits<std::allocator<std::__cxx11::basic_string<char, std::char_traits<char>, std::allocator<char> > > >::deallocate(std::allocator<std::__cxx11::basic_string<char, std::char_traits<char>, std::allocator<char> > >&, std::__cxx11::basic_string<char, std::char_traits<char>, std::allocator<char> >*, unsigned int)
 .text._ZSt11__addressofINSt7__cxx1112basic_stringIcSt11char_traitsIcESaIcEEEEPT_RS6_
                0x00002a0a       0x14 ./src/ATParser/ATParser.o
                0x00002a0a                std::__cxx11::basic_string<char, std::char_traits<char>, std::allocator<char> >* std::__addressof<std::__cxx11::basic_string<char, std::char_traits<char>, std::allocator<char> > >(std::__cxx11::basic_string<char, std::char_traits<char>, std::allocator<char> >&)
 .text._ZNSt12_Destroy_auxILb0EE9__destroyIPNSt7__cxx1112basic_stringIcSt11char_traitsIcESaIcEEEEEvT_S9_
                0x00002a1e       0x30 ./src/ATParser/ATParser.o
                0x00002a1e                void std::_Destroy_aux<false>::__destroy<std::__cxx11::basic_string<char, std::char_traits<char>, std::allocator<char> >*>(std::__cxx11::basic_string<char, std::char_traits<char>, std::allocator<char> >*, std::__cxx11::basic_string<char, std::char_traits<char>, std::allocator<char> >*)
 .text._ZNKSt6vectorINSt7__cxx1112basic_stringIcSt11char_traitsIcESaIcEEESaIS5_EE8max_sizeEv
                0x00002a4e       0x22 ./src/ATParser/ATParser.o
                0x00002a4e                std::vector<std::__cxx11::basic_string<char, std::char_traits<char>, std::allocator<char> >, std::allocator<std::__cxx11::basic_string<char, std::char_traits<char>, std::allocator<char> > > >::max_size() const
 .text._ZSt3maxIjERKT_S2_S2_
                0x00002a70       0x26 ./src/ATParser/ATParser.o
                0x00002a70                unsigned int const& std::max<unsigned int>(unsigned int const&, unsigned int const&)
 .text._ZNSt16allocator_traitsISaINSt7__cxx1112basic_stringIcSt11char_traitsIcESaIcEEEEE8allocateERS6_j
                0x00002a96       0x1e ./src/ATParser/ATParser.o
                0x00002a96                std::allocator_traits<std::allocator<std::__cxx11::basic_string<char, std::char_traits<char>, std::allocator<char> > > >::allocate(std::allocator<std::__cxx11::basic_string<char, std::char_traits<char>, std::allocator<char> > >&, unsigned int)
 .text._ZSt32__make_move_if_noexcept_iteratorINSt7__cxx1112basic_stringIcSt11char_traitsIcESaIcEEESt13move_iteratorIPS5_EET0_PT_
                0x00002ab4       0x1e ./src/ATParser/ATParser.o
                0x00002ab4                std::move_iterator<std::__cxx11::basic_string<char, std::char_traits<char>, std::allocator<char> >*> std::__make_move_if_noexcept_iterator<std::__cxx11::basic_string<char, std::char_traits<char>, std::allocator<char> >, std::move_iterator<std::__cxx11::basic_string<char, std::char_traits<char>, std::allocator<char> >*> >(std::__cxx11::basic_string<char, std::char_traits<char>, std::allocator<char> >*)
 .text._ZSt22__uninitialized_copy_aISt13move_iteratorIPNSt7__cxx1112basic_stringIcSt11char_traitsIcESaIcEEEES7_S6_ET0_T_SA_S9_RSaIT1_E
                0x00002ad2       0x22 ./src/ATParser/ATParser.o
                0x00002ad2                std::__cxx11::basic_string<char, std::char_traits<char>, std::allocator<char> >* std::__uninitialized_copy_a<std::move_iterator<std::__cxx11::basic_string<char, std::char_traits<char>, std::allocator<char> >*>, std::__cxx11::basic_string<char, std::char_traits<char>, std::allocator<char> >*, std::__cxx11::basic_string<char, std::char_traits<char>, std::allocator<char> > >(std::move_iterator<std::__cxx11::basic_string<char, std::char_traits<char>, std::allocator<char> >*>, std::move_iterator<std::__cxx11::basic_string<char, std::char_traits<char>, std::allocator<char> >*>, std::__cxx11::basic_string<char, std::char_traits<char>, std::allocator<char> >*, std::allocator<std::__cxx11::basic_string<char, std::char_traits<char>, std::allocator<char> > >&)
 .text._ZN9__gnu_cxx13new_allocatorINSt7__cxx1112basic_stringIcSt11char_traitsIcESaIcEEEE7destroyIS6_EEvPT_
                0x00002af4       0x18 ./src/ATParser/ATParser.o
                0x00002af4                void __gnu_cxx::new_allocator<std::__cxx11::basic_string<char, std::char_traits<char>, std::allocator<char> > >::destroy<std::__cxx11::basic_string<char, std::char_traits<char>, std::allocator<char> > >(std::__cxx11::basic_string<char, std::char_traits<char>, std::allocator<char> >*)
 .text._ZNK9__gnu_cxx17__normal_iteratorIPcNSt7__cxx1112basic_stringIcSt11char_traitsIcESaIcEEEE4baseEv
                0x00002b0c       0x14 ./src/ATParser/ATParser.o
                0x00002b0c                __gnu_cxx::__normal_iterator<char*, std::__cxx11::basic_string<char, std::char_traits<char>, std::allocator<char> > >::base() const
 .text._ZNK9__gnu_cxx17__normal_iteratorIPcNSt7__cxx1112basic_stringIcSt11char_traitsIcESaIcEEEEdeEv
                0x00002b20       0x16 ./src/ATParser/ATParser.o
                0x00002b20                __gnu_cxx::__normal_iterator<char*, std::__cxx11::basic_string<char, std::char_traits<char>, std::allocator<char> > >::operator*() const
 .text._ZN9__gnu_cxx13new_allocatorINSt7__cxx1112basic_stringIcSt11char_traitsIcESaIcEEEEC2Ev
                0x00002b36       0x14 ./src/ATParser/ATParser.o
                0x00002b36                __gnu_cxx::new_allocator<std::__cxx11::basic_string<char, std::char_traits<char>, std::allocator<char> > >::new_allocator()
                0x00002b36                __gnu_cxx::new_allocator<std::__cxx11::basic_string<char, std::char_traits<char>, std::allocator<char> > >::new_allocator()
 .text._ZN9__gnu_cxx13new_allocatorINSt7__cxx1112basic_stringIcSt11char_traitsIcESaIcEEEE10deallocateEPS6_j
                0x00002b4a       0x1a ./src/ATParser/ATParser.o
                0x00002b4a                __gnu_cxx::new_allocator<std::__cxx11::basic_string<char, std::char_traits<char>, std::allocator<char> > >::deallocate(std::__cxx11::basic_string<char, std::char_traits<char>, std::allocator<char> >*, unsigned int)
 .text._ZSt8_DestroyINSt7__cxx1112basic_stringIcSt11char_traitsIcESaIcEEEEvPT_
                0x00002b64       0x16 ./src/ATParser/ATParser.o
                0x00002b64                void std::_Destroy<std::__cxx11::basic_string<char, std::char_traits<char>, std::allocator<char> > >(std::__cxx11::basic_string<char, std::char_traits<char>, std::allocator<char> >*)
 .text._ZNSt16allocator_traitsISaINSt7__cxx1112basic_stringIcSt11char_traitsIcESaIcEEEEE8max_sizeERKS6_
                0x00002b7a       0x18 ./src/ATParser/ATParser.o
                0x00002b7a                std::allocator_traits<std::allocator<std::__cxx11::basic_string<char, std::char_traits<char>, std::allocator<char> > > >::max_size(std::allocator<std::__cxx11::basic_string<char, std::char_traits<char>, std::allocator<char> > > const&)
 .text._ZNKSt12_Vector_baseINSt7__cxx1112basic_stringIcSt11char_traitsIcESaIcEEESaIS5_EE19_M_get_Tp_allocatorEv
                0x00002b92       0x14 ./src/ATParser/ATParser.o
                0x00002b92                std::_Vector_base<std::__cxx11::basic_string<char, std::char_traits<char>, std::allocator<char> >, std::allocator<std::__cxx11::basic_string<char, std::char_traits<char>, std::allocator<char> > > >::_M_get_Tp_allocator() const
 .text._ZN9__gnu_cxx13new_allocatorINSt7__cxx1112basic_stringIcSt11char_traitsIcESaIcEEEE8allocateEjPKv
                0x00002ba6       0x42 ./src/ATParser/ATParser.o
                0x00002ba6                __gnu_cxx::new_allocator<std::__cxx11::basic_string<char, std::char_traits<char>, std::allocator<char> > >::allocate(unsigned int, void const*)
 .text._ZNSt13move_iteratorIPNSt7__cxx1112basic_stringIcSt11char_traitsIcESaIcEEEEC2ES6_
                0x00002be8       0x1c ./src/ATParser/ATParser.o
                0x00002be8                std::move_iterator<std::__cxx11::basic_string<char, std::char_traits<char>, std::allocator<char> >*>::move_iterator(std::__cxx11::basic_string<char, std::char_traits<char>, std::allocator<char> >*)
                0x00002be8                std::move_iterator<std::__cxx11::basic_string<char, std::char_traits<char>, std::allocator<char> >*>::move_iterator(std::__cxx11::basic_string<char, std::char_traits<char>, std::allocator<char> >*)
 .text._ZSt18uninitialized_copyISt13move_iteratorIPNSt7__cxx1112basic_stringIcSt11char_traitsIcESaIcEEEES7_ET0_T_SA_S9_
                0x00002c04       0x24 ./src/ATParser/ATParser.o
                0x00002c04                std::__cxx11::basic_string<char, std::char_traits<char>, std::allocator<char> >* std::uninitialized_copy<std::move_iterator<std::__cxx11::basic_string<char, std::char_traits<char>, std::allocator<char> >*>, std::__cxx11::basic_string<char, std::char_traits<char>, std::allocator<char> >*>(std::move_iterator<std::__cxx11::basic_string<char, std::char_traits<char>, std::allocator<char> >*>, std::move_iterator<std::__cxx11::basic_string<char, std::char_traits<char>, std::allocator<char> >*>, std::__cxx11::basic_string<char, std::char_traits<char>, std::allocator<char> >*)
 .text._ZNK9__gnu_cxx13new_allocatorINSt7__cxx1112basic_stringIcSt11char_traitsIcESaIcEEEE8max_sizeEv
                0x00002c28       0x18 ./src/ATParser/ATParser.o
                0x00002c28                __gnu_cxx::new_allocator<std::__cxx11::basic_string<char, std::char_traits<char>, std::allocator<char> > >::max_size() const
 .text._ZNSt20__uninitialized_copyILb0EE13__uninit_copyISt13move_iteratorIPNSt7__cxx1112basic_stringIcSt11char_traitsIcESaIcEEEES9_EET0_T_SC_SB_
                0x00002c40       0x7c ./src/ATParser/ATParser.o
                0x00002c40                std::__cxx11::basic_string<char, std::char_traits<char>, std::allocator<char> >* std::__uninitialized_copy<false>::__uninit_copy<std::move_iterator<std::__cxx11::basic_string<char, std::char_traits<char>, std::allocator<char> >*>, std::__cxx11::basic_string<char, std::char_traits<char>, std::allocator<char> >*>(std::move_iterator<std::__cxx11::basic_string<char, std::char_traits<char>, std::allocator<char> >*>, std::move_iterator<std::__cxx11::basic_string<char, std::char_traits<char>, std::allocator<char> >*>, std::__cxx11::basic_string<char, std::char_traits<char>, std::allocator<char> >*)
 .text._ZStneIPNSt7__cxx1112basic_stringIcSt11char_traitsIcESaIcEEEEbRKSt13move_iteratorIT_ESB_
                0x00002cbc       0x22 ./src/ATParser/ATParser.o
                0x00002cbc                bool std::operator!=<std::__cxx11::basic_string<char, std::char_traits<char>, std::allocator<char> >*>(std::move_iterator<std::__cxx11::basic_string<char, std::char_traits<char>, std::allocator<char> >*> const&, std::move_iterator<std::__cxx11::basic_string<char, std::char_traits<char>, std::allocator<char> >*> const&)
 .text._ZNSt13move_iteratorIPNSt7__cxx1112basic_stringIcSt11char_traitsIcESaIcEEEEppEv
                0x00002cde       0x20 ./src/ATParser/ATParser.o
                0x00002cde                std::move_iterator<std::__cxx11::basic_string<char, std::char_traits<char>, std::allocator<char> >*>::operator++()
 .text._ZNKSt13move_iteratorIPNSt7__cxx1112basic_stringIcSt11char_traitsIcESaIcEEEEdeEv
                0x00002cfe       0x16 ./src/ATParser/ATParser.o
                0x00002cfe                std::move_iterator<std::__cxx11::basic_string<char, std::char_traits<char>, std::allocator<char> >*>::operator*() const
 .text._ZSt7forwardINSt7__cxx1112basic_stringIcSt11char_traitsIcESaIcEEEEOT_RNSt16remove_referenceIS6_E4typeE
                0x00002d14       0x14 ./src/ATParser/ATParser.o
                0x00002d14                std::__cxx11::basic_string<char, std::char_traits<char>, std::allocator<char> >&& std::forward<std::__cxx11::basic_string<char, std::char_traits<char>, std::allocator<char> > >(std::remove_reference<std::__cxx11::basic_string<char, std::char_traits<char>, std::allocator<char> > >::type&)
 .text._ZSt10_ConstructINSt7__cxx1112basic_stringIcSt11char_traitsIcESaIcEEEJS5_EEvPT_DpOT0_
                0x00002d28       0x32 ./src/ATParser/ATParser.o
                0x00002d28                void std::_Construct<std::__cxx11::basic_string<char, std::char_traits<char>, std::allocator<char> >, std::__cxx11::basic_string<char, std::char_traits<char>, std::allocator<char> > >(std::__cxx11::basic_string<char, std::char_traits<char>, std::allocator<char> >*, std::__cxx11::basic_string<char, std::char_traits<char>, std::allocator<char> >&&)
 .text._ZSteqIPNSt7__cxx1112basic_stringIcSt11char_traitsIcESaIcEEEEbRKSt13move_iteratorIT_ESB_
                0x00002d5a       0x2c ./src/ATParser/ATParser.o
                0x00002d5a                bool std::operator==<std::__cxx11::basic_string<char, std::char_traits<char>, std::allocator<char> >*>(std::move_iterator<std::__cxx11::basic_string<char, std::char_traits<char>, std::allocator<char> >*> const&, std::move_iterator<std::__cxx11::basic_string<char, std::char_traits<char>, std::allocator<char> >*> const&)
 .text._ZNKSt13move_iteratorIPNSt7__cxx1112basic_stringIcSt11char_traitsIcESaIcEEEE4baseEv
                0x00002d86       0x16 ./src/ATParser/ATParser.o
                0x00002d86                std::move_iterator<std::__cxx11::basic_string<char, std::char_traits<char>, std::allocator<char> >*>::base() const
 .text.NVIC_SetPriority
                0x00002d9c       0x58 ./src/Common/timer.o
 .text.SysTick_Config
                0x00002df4       0x44 ./src/Common/timer.o
 .text._Z5Delaym
                0x00002e38       0x38 ./src/Common/timer.o
                0x00002e38                Delay(unsigned long)
 .text.SysTick_Handler
                0x00002e70       0x1c ./src/Common/timer.o
                0x00002e70                SysTick_Handler
 .text._Z12SysTick_Initv
                0x00002e8c       0x38 ./src/Common/timer.o
                0x00002e8c                SysTick_Init()
 .text._Z16SysTick_GetTicksv
                0x00002ec4       0x14 ./src/Common/timer.o
                0x00002ec4                SysTick_GetTicks()
 .text.TIMER_Valid
                0x00002ed8       0x48 ./src/ModBusRTU/ModBusRTU.o
 .text.TIMER_Enable
                0x00002f20       0x2e ./src/ModBusRTU/ModBusRTU.o
 *fill*         0x00002f4e        0x2 
 .text._ZN9ModBusRTUC2Ev
                0x00002f50       0xa4 ./src/ModBusRTU/ModBusRTU.o
                0x00002f50                ModBusRTU::ModBusRTU()
                0x00002f50                ModBusRTU::ModBusRTU()
 .text._ZN9ModBusRTU18ModBusRTUTimerInitEv
                0x00002ff4       0x46 ./src/ModBusRTU/ModBusRTU.o
                0x00002ff4                ModBusRTU::ModBusRTUTimerInit()
 .text._ZN9ModBusRTU22ModBusRTUTransmitFrameEhhPhm
                0x0000303a       0xa0 ./src/ModBusRTU/ModBusRTU.o
                0x0000303a                ModBusRTU::ModBusRTUTransmitFrame(unsigned char, unsigned char, unsigned char*, unsigned long)
 *fill*         0x000030da        0x2 
 .text._ZN9ModBusRTU21ModBusRTUReceiveFrameEPh
                0x000030dc      0x1d4 ./src/ModBusRTU/ModBusRTU.o
                0x000030dc                ModBusRTU::ModBusRTUReceiveFrame(unsigned char*)
 .text._ZN9ModBusRTU17ModBusRTUSerialTXEPhm
                0x000032b0       0x3e ./src/ModBusRTU/ModBusRTU.o
                0x000032b0                ModBusRTU::ModBusRTUSerialTX(unsigned char*, unsigned long)
 .text._ZN14ModBusRTUFrameC2Ev
                0x000032ee       0x14 ./src/ModBusRTU/ModBusRTUFrame.o
                0x000032ee                ModBusRTUFrame::ModBusRTUFrame()
                0x000032ee                ModBusRTUFrame::ModBusRTUFrame()
 .text._ZN14ModBusRTUFrame17ModBusRTUNewFrameEPhhhS0_m
                0x00003302       0xa2 ./src/ModBusRTU/ModBusRTUFrame.o
                0x00003302                ModBusRTUFrame::ModBusRTUNewFrame(unsigned char*, unsigned char, unsigned char, unsigned char*, unsigned long)
 .text._ZN14ModBusRTUFrame3crcEPhm
                0x000033a4       0x7a ./src/ModBusRTU/ModBusRTUFrame.o
                0x000033a4                ModBusRTUFrame::crc(unsigned char*, unsigned long)
 *fill*         0x0000341e        0x2 
 .text._ZN5nbiotC2Ev
                0x00003420      0x170 ./src/Nbiot/nbiot.o
                0x00003420                nbiot::nbiot()
                0x00003420                nbiot::nbiot()
 .text._ZN5nbiot13configurationEv
                0x00003590      0x184 ./src/Nbiot/nbiot.o
                0x00003590                nbiot::configuration()
 .text._ZN5nbiot7connectEv
                0x00003714       0xcc ./src/Nbiot/nbiot.o
                0x00003714                nbiot::connect()
 .text._ZN5nbiot12is_connectedEv
                0x000037e0       0xd4 ./src/Nbiot/nbiot.o
                0x000037e0                nbiot::is_connected()
 .text._ZN5nbiot11open_socketEv
                0x000038b4       0xd0 ./src/Nbiot/nbiot.o
                0x000038b4                nbiot::open_socket()
 .text._ZN5nbiot8sendDataENSt7__cxx1112basic_stringIcSt11char_traitsIcESaIcEEE
                0x00003984      0x1b8 ./src/Nbiot/nbiot.o
                0x00003984                nbiot::sendData(std::__cxx11::basic_string<char, std::char_traits<char>, std::allocator<char> >)
 .text._ZN11SensironCo211TemperatureEv
                0x00003b3c       0x16 ./src/Sensiron/SensironCo2.o
                0x00003b3c                SensironCo2::Temperature()
 .text._ZN11SensironCo28HumidityEv
                0x00003b52       0x16 ./src/Sensiron/SensironCo2.o
                0x00003b52                SensironCo2::Humidity()
 .text._ZN11SensironCo23Co2Ev
                0x00003b68       0x16 ./src/Sensiron/SensironCo2.o
                0x00003b68                SensironCo2::Co2()
 .text._ZN11SensironCo216StartMeasurementEv
                0x00003b7e       0x5c ./src/Sensiron/SensironCo2.o
                0x00003b7e                SensironCo2::StartMeasurement()
 .text._ZN11SensironCo29DataReadyEv
                0x00003bda       0x72 ./src/Sensiron/SensironCo2.o
                0x00003bda                SensironCo2::DataReady()
 .text._ZN11SensironCo216ReadMeasurementsEv
                0x00003c4c      0x160 ./src/Sensiron/SensironCo2.o
                0x00003c4c                SensironCo2::ReadMeasurements()
 .text._ZN11SensironCo2C2Ev
                0x00003dac       0x3a ./src/Sensiron/SensironCo2.o
                0x00003dac                SensironCo2::SensironCo2()
                0x00003dac                SensironCo2::SensironCo2()
 .text._ZN5Sps304PM10Ev
                0x00003de6       0x16 ./src/Sps30/Sps30.o
                0x00003de6                Sps30::PM10()
 .text._ZN5Sps304PM25Ev
                0x00003dfc       0x16 ./src/Sps30/Sps30.o
                0x00003dfc                Sps30::PM25()
 .text._ZN5Sps303PM4Ev
                0x00003e12       0x16 ./src/Sps30/Sps30.o
                0x00003e12                Sps30::PM4()
 .text._ZN5Sps303PM1Ev
                0x00003e28       0x16 ./src/Sps30/Sps30.o
                0x00003e28                Sps30::PM1()
 .text._ZN5Sps303TPSEv
                0x00003e3e       0x16 ./src/Sps30/Sps30.o
                0x00003e3e                Sps30::TPS()
 .text._ZN5Sps30C2Ev
                0x00003e54      0x10c ./src/Sps30/Sps30.o
                0x00003e54                Sps30::Sps30()
                0x00003e54                Sps30::Sps30()
 .text._ZN5Sps3015readMeasurementEv
                0x00003f60      0x20e ./src/Sps30/Sps30.o
                0x00003f60                Sps30::readMeasurement()
 .text._ZN5Sps3012byteStuffingEPhmh
                0x0000416e       0xb4 ./src/Sps30/Sps30.o
                0x0000416e                Sps30::byteStuffing(unsigned char*, unsigned long, unsigned char)
 .text._ZN5Sps3012readResponseEPh
                0x00004222      0x132 ./src/Sps30/Sps30.o
                0x00004222                Sps30::readResponse(unsigned char*)
 .text._ZN5Sps3011sendCommandEht
                0x00004354      0x14c ./src/Sps30/Sps30.o
                0x00004354                Sps30::sendCommand(unsigned char, unsigned short)
 .text._ZN5Sps3011sendCommandEt
                0x000044a0       0xe6 ./src/Sps30/Sps30.o
                0x000044a0                Sps30::sendCommand(unsigned short)
 .text._ZN5Sps305writeEPht
                0x00004586       0x3e ./src/Sps30/Sps30.o
                0x00004586                Sps30::write(unsigned char*, unsigned short)
 .text._ZN5Sps304readEPh
                0x000045c4       0x68 ./src/Sps30/Sps30.o
                0x000045c4                Sps30::read(unsigned char*)
 .text._ZN5Sps303crcEhhPKh
                0x0000462c       0x4e ./src/Sps30/Sps30.o
                0x0000462c                Sps30::crc(unsigned char, unsigned char, unsigned char const*)
 *fill*         0x0000467a        0x2 
 .text.SYSTEM_GetProdRev
                0x0000467c       0x18 ./src/main.o
 .text.CHIP_Init
                0x00004694       0x40 ./src/main.o
 .text._ZSt3absf
                0x000046d4       0x18 ./src/main.o
                0x000046d4                std::abs(float)
 .text._ZL12EnableClocksv
                0x000046ec       0x88 ./src/main.o
 .text.main     0x00004774      0x4e4 ./src/main.o
                0x00004774                main
 .text          0x00004c58      0x378 c:/siliconlabs/simplicitystudio/v4/developer/toolchains/gnu_arm/7.2_2017q4/bin/../lib/gcc/arm-none-eabi/7.2.1/thumb/v7-m\libgcc.a(_arm_addsubdf3.o)
                0x00004c58                __aeabi_drsub
                0x00004c60                __aeabi_dsub
                0x00004c60                __subdf3
                0x00004c64                __aeabi_dadd
                0x00004c64                __adddf3
                0x00004edc                __floatunsidf
                0x00004edc                __aeabi_ui2d
                0x00004efc                __floatsidf
                0x00004efc                __aeabi_i2d
                0x00004f20                __aeabi_f2d
                0x00004f20                __extendsfdf2
                0x00004f64                __floatundidf
                0x00004f64                __aeabi_ul2d
                0x00004f74                __floatdidf
                0x00004f74                __aeabi_l2d
 .text          0x00004fd0      0x21c c:/siliconlabs/simplicitystudio/v4/developer/toolchains/gnu_arm/7.2_2017q4/bin/../lib/gcc/arm-none-eabi/7.2.1/thumb/v7-m\libgcc.a(_arm_addsubsf3.o)
                0x00004fd0                __aeabi_frsub
                0x00004fd8                __subsf3
                0x00004fd8                __aeabi_fsub
                0x00004fdc                __aeabi_fadd
                0x00004fdc                __addsf3
                0x0000513c                __aeabi_ui2f
                0x0000513c                __floatunsisf
                0x00005144                __aeabi_i2f
                0x00005144                __floatsisf
                0x00005160                __aeabi_ul2f
                0x00005160                __floatundisf
                0x00005170                __aeabi_l2f
                0x00005170                __floatdisf
 .text          0x000051ec      0x2a0 c:/siliconlabs/simplicitystudio/v4/developer/toolchains/gnu_arm/7.2_2017q4/bin/../lib/gcc/arm-none-eabi/7.2.1/thumb/v7-m\libgcc.a(_arm_muldivsf3.o)
                0x000051ec                __mulsf3
                0x000051ec                __aeabi_fmul
                0x00005354                __aeabi_fdiv
                0x00005354                __divsf3
 .text          0x0000548c       0xec c:/siliconlabs/simplicitystudio/v4/developer/toolchains/gnu_arm/7.2_2017q4/bin/../lib/gcc/arm-none-eabi/7.2.1/thumb/v7-m\libgcc.a(_arm_cmpsf2.o)
                0x0000548c                __gesf2
                0x0000548c                __gtsf2
                0x00005494                __lesf2
                0x00005494                __ltsf2
                0x0000549c                __nesf2
                0x0000549c                __eqsf2
                0x0000549c                __cmpsf2
                0x000054fc                __aeabi_cfrcmple
                0x00005504                __aeabi_cfcmpeq
                0x00005504                __aeabi_cfcmple
                0x00005514                __aeabi_fcmpeq
                0x00005528                __aeabi_fcmplt
                0x0000553c                __aeabi_fcmple
                0x00005550                __aeabi_fcmpge
                0x00005564                __aeabi_fcmpgt
 .text          0x00005578      0xa00 c:/siliconlabs/simplicitystudio/v4/developer/toolchains/gnu_arm/7.2_2017q4/bin/../lib/gcc/arm-none-eabi/7.2.1/thumb/v7-m\libgcc.a(unwind-arm.o)
                0x00005834                _Unwind_GetCFA
                0x00005838                __gnu_Unwind_RaiseException
                0x00005898                __gnu_Unwind_ForcedUnwind
                0x000058ac                __gnu_Unwind_Resume
                0x000058f0                __gnu_Unwind_Resume_or_Rethrow
                0x00005904                _Unwind_Complete
                0x00005908                _Unwind_DeleteException
                0x00005914                _Unwind_VRS_Get
                0x00005958                _Unwind_VRS_Set
                0x000059a0                __gnu_Unwind_Backtrace
                0x00005ce8                __aeabi_unwind_cpp_pr0
                0x00005cec                __aeabi_unwind_cpp_pr1
                0x00005cf0                __aeabi_unwind_cpp_pr2
                0x00005cf4                _Unwind_VRS_Pop
 .text          0x00005f78      0x1ac c:/siliconlabs/simplicitystudio/v4/developer/toolchains/gnu_arm/7.2_2017q4/bin/../lib/gcc/arm-none-eabi/7.2.1/thumb/v7-m\libgcc.a(libunwind.o)
                0x00005f78                __restore_core_regs
                0x00005f78                restore_core_regs
                0x00005f90                __gnu_Unwind_Restore_VFP
                0x00005f98                __gnu_Unwind_Save_VFP
                0x00005fa0                __gnu_Unwind_Restore_VFP_D
                0x00005fa8                __gnu_Unwind_Save_VFP_D
                0x00005fb0                __gnu_Unwind_Restore_VFP_D_16_to_31
                0x00005fb8                __gnu_Unwind_Save_VFP_D_16_to_31
                0x00005fc0                __gnu_Unwind_Restore_WMMXD
                0x00006004                __gnu_Unwind_Save_WMMXD
                0x00006048                __gnu_Unwind_Restore_WMMXC
                0x0000605c                __gnu_Unwind_Save_WMMXC
                0x00006070                ___Unwind_RaiseException
                0x00006070                _Unwind_RaiseException
                0x00006094                _Unwind_Resume
                0x00006094                ___Unwind_Resume
                0x000060b8                _Unwind_Resume_or_Rethrow
                0x000060b8                ___Unwind_Resume_or_Rethrow
                0x000060dc                _Unwind_ForcedUnwind
                0x000060dc                ___Unwind_ForcedUnwind
                0x00006100                ___Unwind_Backtrace
                0x00006100                _Unwind_Backtrace
 .text          0x00006124      0x378 c:/siliconlabs/simplicitystudio/v4/developer/toolchains/gnu_arm/7.2_2017q4/bin/../lib/gcc/arm-none-eabi/7.2.1/thumb/v7-m\libgcc.a(pr-support.o)
                0x0000617c                __gnu_unwind_execute
                0x00006440                __gnu_unwind_frame
                0x0000646c                _Unwind_GetRegionStart
                0x00006478                _Unwind_GetLanguageSpecificData
                0x0000648c                _Unwind_GetDataRelBase
                0x00006494                _Unwind_GetTextRelBase
 .text._Znwj    0x0000649c       0x22 c:/siliconlabs/simplicitystudio/v4/developer/toolchains/gnu_arm/7.2_2017q4/bin/../lib/gcc/arm-none-eabi/7.2.1/../../../../arm-none-eabi/lib/thumb/v7-m\libstdc++_nano.a(new_op.o)
                0x0000649c                operator new(unsigned int)
 .text._ZdlPv   0x000064be        0x4 c:/siliconlabs/simplicitystudio/v4/developer/toolchains/gnu_arm/7.2_2017q4/bin/../lib/gcc/arm-none-eabi/7.2.1/../../../../arm-none-eabi/lib/thumb/v7-m\libstdc++_nano.a(del_op.o)
                0x000064be                operator delete(void*)
 .text._ZL12read_uleb128PKhPm
                0x000064c2       0x22 c:/siliconlabs/simplicitystudio/v4/developer/toolchains/gnu_arm/7.2_2017q4/bin/../lib/gcc/arm-none-eabi/7.2.1/../../../../arm-none-eabi/lib/thumb/v7-m\libstdc++_nano.a(eh_personality.o)
 .text._ZL12read_sleb128PKhPl
                0x000064e4       0x30 c:/siliconlabs/simplicitystudio/v4/developer/toolchains/gnu_arm/7.2_2017q4/bin/../lib/gcc/arm-none-eabi/7.2.1/../../../../arm-none-eabi/lib/thumb/v7-m\libstdc++_nano.a(eh_personality.o)
 .text._ZL28read_encoded_value_with_basehjPKhPj
                0x00006514       0x88 c:/siliconlabs/simplicitystudio/v4/developer/toolchains/gnu_arm/7.2_2017q4/bin/../lib/gcc/arm-none-eabi/7.2.1/../../../../arm-none-eabi/lib/thumb/v7-m\libstdc++_nano.a(eh_personality.o)
 .text._Unwind_GetGR
                0x0000659c       0x18 c:/siliconlabs/simplicitystudio/v4/developer/toolchains/gnu_arm/7.2_2017q4/bin/../lib/gcc/arm-none-eabi/7.2.1/../../../../arm-none-eabi/lib/thumb/v7-m\libstdc++_nano.a(eh_personality.o)
 .text._ZL21base_of_encoded_valuehP15_Unwind_Context.part.3
                0x000065b4       0x44 c:/siliconlabs/simplicitystudio/v4/developer/toolchains/gnu_arm/7.2_2017q4/bin/../lib/gcc/arm-none-eabi/7.2.1/../../../../arm-none-eabi/lib/thumb/v7-m\libstdc++_nano.a(eh_personality.o)
 .text._ZL18read_encoded_valueP15_Unwind_ContexthPKhPj
                0x000065f8       0x28 c:/siliconlabs/simplicitystudio/v4/developer/toolchains/gnu_arm/7.2_2017q4/bin/../lib/gcc/arm-none-eabi/7.2.1/../../../../arm-none-eabi/lib/thumb/v7-m\libstdc++_nano.a(eh_personality.o)
 .text._ZL17parse_lsda_headerP15_Unwind_ContextPKhP16lsda_header_info
                0x00006620       0x5a c:/siliconlabs/simplicitystudio/v4/developer/toolchains/gnu_arm/7.2_2017q4/bin/../lib/gcc/arm-none-eabi/7.2.1/../../../../arm-none-eabi/lib/thumb/v7-m\libstdc++_nano.a(eh_personality.o)
 *fill*         0x0000667a        0x2 
 .text.__gxx_personality_v0
                0x0000667c      0x380 c:/siliconlabs/simplicitystudio/v4/developer/toolchains/gnu_arm/7.2_2017q4/bin/../lib/gcc/arm-none-eabi/7.2.1/../../../../arm-none-eabi/lib/thumb/v7-m\libstdc++_nano.a(eh_personality.o)
                0x0000667c                __gxx_personality_v0
 .text._ZN10__cxxabiv1L24__is_gxx_exception_classEPc
                0x000069fc       0x3a c:/siliconlabs/simplicitystudio/v4/developer/toolchains/gnu_arm/7.2_2017q4/bin/../lib/gcc/arm-none-eabi/7.2.1/../../../../arm-none-eabi/lib/thumb/v7-m\libstdc++_nano.a(eh_call.o)
 .text.__cxa_call_terminate
                0x00006a36       0x1e c:/siliconlabs/simplicitystudio/v4/developer/toolchains/gnu_arm/7.2_2017q4/bin/../lib/gcc/arm-none-eabi/7.2.1/../../../../arm-none-eabi/lib/thumb/v7-m\libstdc++_nano.a(eh_call.o)
                0x00006a36                __cxa_call_terminate
 .text.__cxa_call_unexpected
                0x00006a54       0x28 c:/siliconlabs/simplicitystudio/v4/developer/toolchains/gnu_arm/7.2_2017q4/bin/../lib/gcc/arm-none-eabi/7.2.1/../../../../arm-none-eabi/lib/thumb/v7-m\libstdc++_nano.a(eh_call.o)
                0x00006a54                __cxa_call_unexpected
 .text._ZSt15get_new_handlerv
                0x00006a7c       0x10 c:/siliconlabs/simplicitystudio/v4/developer/toolchains/gnu_arm/7.2_2017q4/bin/../lib/gcc/arm-none-eabi/7.2.1/../../../../arm-none-eabi/lib/thumb/v7-m\libstdc++_nano.a(new_handler.o)
                0x00006a7c                std::get_new_handler()
 .text._ZN10__cxxabiv1L24__is_gxx_exception_classEPc
                0x00006a8c       0x3a c:/siliconlabs/simplicitystudio/v4/developer/toolchains/gnu_arm/7.2_2017q4/bin/../lib/gcc/arm-none-eabi/7.2.1/../../../../arm-none-eabi/lib/thumb/v7-m\libstdc++_nano.a(eh_catch.o)
 .text.__cxa_begin_catch
                0x00006ac6       0x54 c:/siliconlabs/simplicitystudio/v4/developer/toolchains/gnu_arm/7.2_2017q4/bin/../lib/gcc/arm-none-eabi/7.2.1/../../../../arm-none-eabi/lib/thumb/v7-m\libstdc++_nano.a(eh_catch.o)
                0x00006ac6                __cxa_begin_catch
 .text.__cxa_end_catch
                0x00006b1a       0x48 c:/siliconlabs/simplicitystudio/v4/developer/toolchains/gnu_arm/7.2_2017q4/bin/../lib/gcc/arm-none-eabi/7.2.1/../../../../arm-none-eabi/lib/thumb/v7-m\libstdc++_nano.a(eh_catch.o)
                0x00006b1a                __cxa_end_catch
 *fill*         0x00006b62        0x2 
 .text.__cxa_get_globals_fast
                0x00006b64        0x8 c:/siliconlabs/simplicitystudio/v4/developer/toolchains/gnu_arm/7.2_2017q4/bin/../lib/gcc/arm-none-eabi/7.2.1/../../../../arm-none-eabi/lib/thumb/v7-m\libstdc++_nano.a(eh_globals.o)
                0x00006b64                __cxa_get_globals_fast
 .text.__cxa_get_globals
                0x00006b6c        0x8 c:/siliconlabs/simplicitystudio/v4/developer/toolchains/gnu_arm/7.2_2017q4/bin/../lib/gcc/arm-none-eabi/7.2.1/../../../../arm-none-eabi/lib/thumb/v7-m\libstdc++_nano.a(eh_globals.o)
                0x00006b6c                __cxa_get_globals
 .text._ZN10__cxxabiv111__terminateEPFvvE
                0x00006b74        0x8 c:/siliconlabs/simplicitystudio/v4/developer/toolchains/gnu_arm/7.2_2017q4/bin/../lib/gcc/arm-none-eabi/7.2.1/../../../../arm-none-eabi/lib/thumb/v7-m\libstdc++_nano.a(eh_terminate.o)
                0x00006b74                __cxxabiv1::__terminate(void (*)())
 .text._ZSt13get_terminatev
                0x00006b7c       0x10 c:/siliconlabs/simplicitystudio/v4/developer/toolchains/gnu_arm/7.2_2017q4/bin/../lib/gcc/arm-none-eabi/7.2.1/../../../../arm-none-eabi/lib/thumb/v7-m\libstdc++_nano.a(eh_terminate.o)
                0x00006b7c                std::get_terminate()
 .text._ZSt9terminatev
                0x00006b8c        0xa c:/siliconlabs/simplicitystudio/v4/developer/toolchains/gnu_arm/7.2_2017q4/bin/../lib/gcc/arm-none-eabi/7.2.1/../../../../arm-none-eabi/lib/thumb/v7-m\libstdc++_nano.a(eh_terminate.o)
                0x00006b8c                std::terminate()
 .text._ZN10__cxxabiv112__unexpectedEPFvvE
                0x00006b96        0x8 c:/siliconlabs/simplicitystudio/v4/developer/toolchains/gnu_arm/7.2_2017q4/bin/../lib/gcc/arm-none-eabi/7.2.1/../../../../arm-none-eabi/lib/thumb/v7-m\libstdc++_nano.a(eh_terminate.o)
                0x00006b96                __cxxabiv1::__unexpected(void (*)())
 *fill*         0x00006b9e        0x2 
 .text._ZSt14get_unexpectedv
                0x00006ba0       0x10 c:/siliconlabs/simplicitystudio/v4/developer/toolchains/gnu_arm/7.2_2017q4/bin/../lib/gcc/arm-none-eabi/7.2.1/../../../../arm-none-eabi/lib/thumb/v7-m\libstdc++_nano.a(eh_terminate.o)
                0x00006ba0                std::get_unexpected()
 .text._ZSt10unexpectedv
                0x00006bb0        0xa c:/siliconlabs/simplicitystudio/v4/developer/toolchains/gnu_arm/7.2_2017q4/bin/../lib/gcc/arm-none-eabi/7.2.1/../../../../arm-none-eabi/lib/thumb/v7-m\libstdc++_nano.a(eh_terminate.o)
                0x00006bb0                std::unexpected()
 .text.__cxa_end_cleanup
                0x00006bba        0xc c:/siliconlabs/simplicitystudio/v4/developer/toolchains/gnu_arm/7.2_2017q4/bin/../lib/gcc/arm-none-eabi/7.2.1/../../../../arm-none-eabi/lib/thumb/v7-m\libstdc++_nano.a(eh_arm.o)
                0x00006bba                __cxa_end_cleanup
 .text._ZN10__cxxabiv1L24__is_gxx_exception_classEPc
                0x00006bc6       0x3a c:/siliconlabs/simplicitystudio/v4/developer/toolchains/gnu_arm/7.2_2017q4/bin/../lib/gcc/arm-none-eabi/7.2.1/../../../../arm-none-eabi/lib/thumb/v7-m\libstdc++_nano.a(eh_arm.o)
 .text.__cxa_type_match
                0x00006c00       0xbc c:/siliconlabs/simplicitystudio/v4/developer/toolchains/gnu_arm/7.2_2017q4/bin/../lib/gcc/arm-none-eabi/7.2.1/../../../../arm-none-eabi/lib/thumb/v7-m\libstdc++_nano.a(eh_arm.o)
                0x00006c00                __cxa_type_match
 .text.__cxa_begin_cleanup
                0x00006cbc       0x3a c:/siliconlabs/simplicitystudio/v4/developer/toolchains/gnu_arm/7.2_2017q4/bin/../lib/gcc/arm-none-eabi/7.2.1/../../../../arm-none-eabi/lib/thumb/v7-m\libstdc++_nano.a(eh_arm.o)
                0x00006cbc                __cxa_begin_cleanup
 .text.__gnu_end_cleanup
                0x00006cf6       0x32 c:/siliconlabs/simplicitystudio/v4/developer/toolchains/gnu_arm/7.2_2017q4/bin/../lib/gcc/arm-none-eabi/7.2.1/../../../../arm-none-eabi/lib/thumb/v7-m\libstdc++_nano.a(eh_arm.o)
                0x00006cf6                __gnu_end_cleanup
 .text.__cxa_rethrow
                0x00006d28       0x6e c:/siliconlabs/simplicitystudio/v4/developer/toolchains/gnu_arm/7.2_2017q4/bin/../lib/gcc/arm-none-eabi/7.2.1/../../../../arm-none-eabi/lib/thumb/v7-m\libstdc++_nano.a(eh_throw.o)
                0x00006d28                __cxa_rethrow
 .text._ZNSaIcEC2Ev
                0x00006d96        0x2 c:/siliconlabs/simplicitystudio/v4/developer/toolchains/gnu_arm/7.2_2017q4/bin/../lib/gcc/arm-none-eabi/7.2.1/../../../../arm-none-eabi/lib/thumb/v7-m\libstdc++_nano.a(allocator-inst.o)
                0x00006d96                std::allocator<char>::allocator()
                0x00006d96                std::allocator<char>::allocator()
 .text._ZNSaIcED2Ev
                0x00006d98        0x2 c:/siliconlabs/simplicitystudio/v4/developer/toolchains/gnu_arm/7.2_2017q4/bin/../lib/gcc/arm-none-eabi/7.2.1/../../../../arm-none-eabi/lib/thumb/v7-m\libstdc++_nano.a(allocator-inst.o)
                0x00006d98                std::allocator<char>::~allocator()
                0x00006d98                std::allocator<char>::~allocator()
 .text._ZNSt11char_traitsIcE7compareEPKcS2_j
                0x00006d9a        0xa c:/siliconlabs/simplicitystudio/v4/developer/toolchains/gnu_arm/7.2_2017q4/bin/../lib/gcc/arm-none-eabi/7.2.1/../../../../arm-none-eabi/lib/thumb/v7-m\libstdc++_nano.a(string-inst.o)
                0x00006d9a                std::char_traits<char>::compare(char const*, char const*, unsigned int)
 .text._ZNSt11char_traitsIcE4findEPKcjRS1_
                0x00006da4       0x10 c:/siliconlabs/simplicitystudio/v4/developer/toolchains/gnu_arm/7.2_2017q4/bin/../lib/gcc/arm-none-eabi/7.2.1/../../../../arm-none-eabi/lib/thumb/v7-m\libstdc++_nano.a(string-inst.o)
                0x00006da4                std::char_traits<char>::find(char const*, unsigned int, char const&)
 .text._ZNSt11char_traitsIcE4copyEPcPKcj
                0x00006db4        0x8 c:/siliconlabs/simplicitystudio/v4/developer/toolchains/gnu_arm/7.2_2017q4/bin/../lib/gcc/arm-none-eabi/7.2.1/../../../../arm-none-eabi/lib/thumb/v7-m\libstdc++_nano.a(string-inst.o)
                0x00006db4                std::char_traits<char>::copy(char*, char const*, unsigned int)
 .text._ZNSt7__cxx1112basic_stringIcSt11char_traitsIcESaIcEE9_M_createERjj
                0x00006dbc       0x34 c:/siliconlabs/simplicitystudio/v4/developer/toolchains/gnu_arm/7.2_2017q4/bin/../lib/gcc/arm-none-eabi/7.2.1/../../../../arm-none-eabi/lib/thumb/v7-m\libstdc++_nano.a(string-inst.o)
                0x00006dbc                std::__cxx11::basic_string<char, std::char_traits<char>, std::allocator<char> >::_M_create(unsigned int&, unsigned int)
 .text._ZNSt7__cxx1112basic_stringIcSt11char_traitsIcESaIcEE10_M_disposeEv
                0x00006df0       0x10 c:/siliconlabs/simplicitystudio/v4/developer/toolchains/gnu_arm/7.2_2017q4/bin/../lib/gcc/arm-none-eabi/7.2.1/../../../../arm-none-eabi/lib/thumb/v7-m\libstdc++_nano.a(string-inst.o)
                0x00006df0                std::__cxx11::basic_string<char, std::char_traits<char>, std::allocator<char> >::_M_dispose()
 .text._ZNKSt7__cxx1112basic_stringIcSt11char_traitsIcESaIcEE8_M_checkEjPKc
                0x00006e00       0x1c c:/siliconlabs/simplicitystudio/v4/developer/toolchains/gnu_arm/7.2_2017q4/bin/../lib/gcc/arm-none-eabi/7.2.1/../../../../arm-none-eabi/lib/thumb/v7-m\libstdc++_nano.a(string-inst.o)
                0x00006e00                std::__cxx11::basic_string<char, std::char_traits<char>, std::allocator<char> >::_M_check(unsigned int, char const*) const
 .text._ZNSt7__cxx1112basic_stringIcSt11char_traitsIcESaIcEE7_S_copyEPcPKcj
                0x00006e1c       0x12 c:/siliconlabs/simplicitystudio/v4/developer/toolchains/gnu_arm/7.2_2017q4/bin/../lib/gcc/arm-none-eabi/7.2.1/../../../../arm-none-eabi/lib/thumb/v7-m\libstdc++_nano.a(string-inst.o)
                0x00006e1c                std::__cxx11::basic_string<char, std::char_traits<char>, std::allocator<char> >::_S_copy(char*, char const*, unsigned int)
 .text._ZNSt7__cxx1112basic_stringIcSt11char_traitsIcESaIcEE7_S_moveEPcPKcj
                0x00006e2e       0x18 c:/siliconlabs/simplicitystudio/v4/developer/toolchains/gnu_arm/7.2_2017q4/bin/../lib/gcc/arm-none-eabi/7.2.1/../../../../arm-none-eabi/lib/thumb/v7-m\libstdc++_nano.a(string-inst.o)
                0x00006e2e                std::__cxx11::basic_string<char, std::char_traits<char>, std::allocator<char> >::_S_move(char*, char const*, unsigned int)
 .text._ZNSt7__cxx1112basic_stringIcSt11char_traitsIcESaIcEE13_S_copy_charsEPcS5_S5_
                0x00006e46        0xa c:/siliconlabs/simplicitystudio/v4/developer/toolchains/gnu_arm/7.2_2017q4/bin/../lib/gcc/arm-none-eabi/7.2.1/../../../../arm-none-eabi/lib/thumb/v7-m\libstdc++_nano.a(string-inst.o)
                0x00006e46                std::__cxx11::basic_string<char, std::char_traits<char>, std::allocator<char> >::_S_copy_chars(char*, char*, char*)
 .text._ZNSt7__cxx1112basic_stringIcSt11char_traitsIcESaIcEE13_S_copy_charsEPcPKcS7_
                0x00006e50        0xa c:/siliconlabs/simplicitystudio/v4/developer/toolchains/gnu_arm/7.2_2017q4/bin/../lib/gcc/arm-none-eabi/7.2.1/../../../../arm-none-eabi/lib/thumb/v7-m\libstdc++_nano.a(string-inst.o)
                0x00006e50                std::__cxx11::basic_string<char, std::char_traits<char>, std::allocator<char> >::_S_copy_chars(char*, char const*, char const*)
 .text._ZNSt7__cxx1112basic_stringIcSt11char_traitsIcESaIcEE9_M_assignERKS4_
                0x00006e5a       0x50 c:/siliconlabs/simplicitystudio/v4/developer/toolchains/gnu_arm/7.2_2017q4/bin/../lib/gcc/arm-none-eabi/7.2.1/../../../../arm-none-eabi/lib/thumb/v7-m\libstdc++_nano.a(string-inst.o)
                0x00006e5a                std::__cxx11::basic_string<char, std::char_traits<char>, std::allocator<char> >::_M_assign(std::__cxx11::basic_string<char, std::char_traits<char>, std::allocator<char> > const&)
 .text._ZNSt7__cxx1112basic_stringIcSt11char_traitsIcESaIcEE9_M_mutateEjjPKcj
                0x00006eaa       0x7e c:/siliconlabs/simplicitystudio/v4/developer/toolchains/gnu_arm/7.2_2017q4/bin/../lib/gcc/arm-none-eabi/7.2.1/../../../../arm-none-eabi/lib/thumb/v7-m\libstdc++_nano.a(string-inst.o)
                0x00006eaa                std::__cxx11::basic_string<char, std::char_traits<char>, std::allocator<char> >::_M_mutate(unsigned int, unsigned int, char const*, unsigned int)
 .text._ZNSt7__cxx1112basic_stringIcSt11char_traitsIcESaIcEE8_M_eraseEjj
                0x00006f28       0x2c c:/siliconlabs/simplicitystudio/v4/developer/toolchains/gnu_arm/7.2_2017q4/bin/../lib/gcc/arm-none-eabi/7.2.1/../../../../arm-none-eabi/lib/thumb/v7-m\libstdc++_nano.a(string-inst.o)
                0x00006f28                std::__cxx11::basic_string<char, std::char_traits<char>, std::allocator<char> >::_M_erase(unsigned int, unsigned int)
 .text._ZNSt7__cxx1112basic_stringIcSt11char_traitsIcESaIcEEC2Ev
                0x00006f54        0xe c:/siliconlabs/simplicitystudio/v4/developer/toolchains/gnu_arm/7.2_2017q4/bin/../lib/gcc/arm-none-eabi/7.2.1/../../../../arm-none-eabi/lib/thumb/v7-m\libstdc++_nano.a(string-inst.o)
                0x00006f54                std::__cxx11::basic_string<char, std::char_traits<char>, std::allocator<char> >::basic_string()
                0x00006f54                std::__cxx11::basic_string<char, std::char_traits<char>, std::allocator<char> >::basic_string()
 .text._ZNSt7__cxx1112basic_stringIcSt11char_traitsIcESaIcEEC2EOS4_
                0x00006f62       0x34 c:/siliconlabs/simplicitystudio/v4/developer/toolchains/gnu_arm/7.2_2017q4/bin/../lib/gcc/arm-none-eabi/7.2.1/../../../../arm-none-eabi/lib/thumb/v7-m\libstdc++_nano.a(string-inst.o)
                0x00006f62                std::__cxx11::basic_string<char, std::char_traits<char>, std::allocator<char> >::basic_string(std::__cxx11::basic_string<char, std::char_traits<char>, std::allocator<char> >&&)
                0x00006f62                std::__cxx11::basic_string<char, std::char_traits<char>, std::allocator<char> >::basic_string(std::__cxx11::basic_string<char, std::char_traits<char>, std::allocator<char> >&&)
 .text._ZNSt7__cxx1112basic_stringIcSt11char_traitsIcESaIcEED2Ev
                0x00006f96        0xc c:/siliconlabs/simplicitystudio/v4/developer/toolchains/gnu_arm/7.2_2017q4/bin/../lib/gcc/arm-none-eabi/7.2.1/../../../../arm-none-eabi/lib/thumb/v7-m\libstdc++_nano.a(string-inst.o)
                0x00006f96                std::__cxx11::basic_string<char, std::char_traits<char>, std::allocator<char> >::~basic_string()
                0x00006f96                std::__cxx11::basic_string<char, std::char_traits<char>, std::allocator<char> >::~basic_string()
 .text._ZNSt7__cxx1112basic_stringIcSt11char_traitsIcESaIcEEaSEOS4_
                0x00006fa2       0x4a c:/siliconlabs/simplicitystudio/v4/developer/toolchains/gnu_arm/7.2_2017q4/bin/../lib/gcc/arm-none-eabi/7.2.1/../../../../arm-none-eabi/lib/thumb/v7-m\libstdc++_nano.a(string-inst.o)
                0x00006fa2                std::__cxx11::basic_string<char, std::char_traits<char>, std::allocator<char> >::operator=(std::__cxx11::basic_string<char, std::char_traits<char>, std::allocator<char> >&&)
 .text._ZNSt7__cxx1112basic_stringIcSt11char_traitsIcESaIcEE5beginEv
                0x00006fec        0x4 c:/siliconlabs/simplicitystudio/v4/developer/toolchains/gnu_arm/7.2_2017q4/bin/../lib/gcc/arm-none-eabi/7.2.1/../../../../arm-none-eabi/lib/thumb/v7-m\libstdc++_nano.a(string-inst.o)
                0x00006fec                std::__cxx11::basic_string<char, std::char_traits<char>, std::allocator<char> >::begin()
 .text._ZNSt7__cxx1112basic_stringIcSt11char_traitsIcESaIcEE3endEv
                0x00006ff0        0x8 c:/siliconlabs/simplicitystudio/v4/developer/toolchains/gnu_arm/7.2_2017q4/bin/../lib/gcc/arm-none-eabi/7.2.1/../../../../arm-none-eabi/lib/thumb/v7-m\libstdc++_nano.a(string-inst.o)
                0x00006ff0                std::__cxx11::basic_string<char, std::char_traits<char>, std::allocator<char> >::end()
 .text._ZNKSt7__cxx1112basic_stringIcSt11char_traitsIcESaIcEE4sizeEv
                0x00006ff8        0x4 c:/siliconlabs/simplicitystudio/v4/developer/toolchains/gnu_arm/7.2_2017q4/bin/../lib/gcc/arm-none-eabi/7.2.1/../../../../arm-none-eabi/lib/thumb/v7-m\libstdc++_nano.a(string-inst.o)
                0x00006ff8                std::__cxx11::basic_string<char, std::char_traits<char>, std::allocator<char> >::size() const
 .text._ZNKSt7__cxx1112basic_stringIcSt11char_traitsIcESaIcEE6lengthEv
                0x00006ffc        0x4 c:/siliconlabs/simplicitystudio/v4/developer/toolchains/gnu_arm/7.2_2017q4/bin/../lib/gcc/arm-none-eabi/7.2.1/../../../../arm-none-eabi/lib/thumb/v7-m\libstdc++_nano.a(string-inst.o)
                0x00006ffc                std::__cxx11::basic_string<char, std::char_traits<char>, std::allocator<char> >::length() const
 .text._ZNSt7__cxx1112basic_stringIcSt11char_traitsIcESaIcEEixEj
                0x00007000        0x6 c:/siliconlabs/simplicitystudio/v4/developer/toolchains/gnu_arm/7.2_2017q4/bin/../lib/gcc/arm-none-eabi/7.2.1/../../../../arm-none-eabi/lib/thumb/v7-m\libstdc++_nano.a(string-inst.o)
                0x00007000                std::__cxx11::basic_string<char, std::char_traits<char>, std::allocator<char> >::operator[](unsigned int)
 .text._ZNSt7__cxx1112basic_stringIcSt11char_traitsIcESaIcEE9push_backEc
                0x00007006       0x3c c:/siliconlabs/simplicitystudio/v4/developer/toolchains/gnu_arm/7.2_2017q4/bin/../lib/gcc/arm-none-eabi/7.2.1/../../../../arm-none-eabi/lib/thumb/v7-m\libstdc++_nano.a(string-inst.o)
                0x00007006                std::__cxx11::basic_string<char, std::char_traits<char>, std::allocator<char> >::push_back(char)
 .text._ZNSt7__cxx1112basic_stringIcSt11char_traitsIcESaIcEEpLEc
                0x00007042        0xc c:/siliconlabs/simplicitystudio/v4/developer/toolchains/gnu_arm/7.2_2017q4/bin/../lib/gcc/arm-none-eabi/7.2.1/../../../../arm-none-eabi/lib/thumb/v7-m\libstdc++_nano.a(string-inst.o)
                0x00007042                std::__cxx11::basic_string<char, std::char_traits<char>, std::allocator<char> >::operator+=(char)
 *fill*         0x0000704e        0x2 
 .text._ZNSt7__cxx1112basic_stringIcSt11char_traitsIcESaIcEE5eraseEjj
                0x00007050       0x3c c:/siliconlabs/simplicitystudio/v4/developer/toolchains/gnu_arm/7.2_2017q4/bin/../lib/gcc/arm-none-eabi/7.2.1/../../../../arm-none-eabi/lib/thumb/v7-m\libstdc++_nano.a(string-inst.o)
                0x00007050                std::__cxx11::basic_string<char, std::char_traits<char>, std::allocator<char> >::erase(unsigned int, unsigned int)
 .text._ZNKSt7__cxx1112basic_stringIcSt11char_traitsIcESaIcEE5c_strEv
                0x0000708c        0x4 c:/siliconlabs/simplicitystudio/v4/developer/toolchains/gnu_arm/7.2_2017q4/bin/../lib/gcc/arm-none-eabi/7.2.1/../../../../arm-none-eabi/lib/thumb/v7-m\libstdc++_nano.a(string-inst.o)
                0x0000708c                std::__cxx11::basic_string<char, std::char_traits<char>, std::allocator<char> >::c_str() const
 .text._ZNKSt7__cxx1112basic_stringIcSt11char_traitsIcESaIcEE4findEPKcjj
                0x00007090       0x60 c:/siliconlabs/simplicitystudio/v4/developer/toolchains/gnu_arm/7.2_2017q4/bin/../lib/gcc/arm-none-eabi/7.2.1/../../../../arm-none-eabi/lib/thumb/v7-m\libstdc++_nano.a(string-inst.o)
                0x00007090                std::__cxx11::basic_string<char, std::char_traits<char>, std::allocator<char> >::find(char const*, unsigned int, unsigned int) const
 .text._ZNKSt7__cxx1112basic_stringIcSt11char_traitsIcESaIcEE4findERKS4_j
                0x000070f0        0xc c:/siliconlabs/simplicitystudio/v4/developer/toolchains/gnu_arm/7.2_2017q4/bin/../lib/gcc/arm-none-eabi/7.2.1/../../../../arm-none-eabi/lib/thumb/v7-m\libstdc++_nano.a(string-inst.o)
                0x000070f0                std::__cxx11::basic_string<char, std::char_traits<char>, std::allocator<char> >::find(std::__cxx11::basic_string<char, std::char_traits<char>, std::allocator<char> > const&, unsigned int) const
 .text._ZNSt7__cxx1112basic_stringIcSt11char_traitsIcESaIcEE12_M_constructIPcEEvT_S7_St20forward_iterator_tag
                0x000070fc       0x48 c:/siliconlabs/simplicitystudio/v4/developer/toolchains/gnu_arm/7.2_2017q4/bin/../lib/gcc/arm-none-eabi/7.2.1/../../../../arm-none-eabi/lib/thumb/v7-m\libstdc++_nano.a(string-inst.o)
                0x000070fc                void std::__cxx11::basic_string<char, std::char_traits<char>, std::allocator<char> >::_M_construct<char*>(char*, char*, std::forward_iterator_tag)
 .text._ZNSt7__cxx1112basic_stringIcSt11char_traitsIcESaIcEEC2ERKS4_
                0x00007144       0x1c c:/siliconlabs/simplicitystudio/v4/developer/toolchains/gnu_arm/7.2_2017q4/bin/../lib/gcc/arm-none-eabi/7.2.1/../../../../arm-none-eabi/lib/thumb/v7-m\libstdc++_nano.a(string-inst.o)
                0x00007144                std::__cxx11::basic_string<char, std::char_traits<char>, std::allocator<char> >::basic_string(std::__cxx11::basic_string<char, std::char_traits<char>, std::allocator<char> > const&)
                0x00007144                std::__cxx11::basic_string<char, std::char_traits<char>, std::allocator<char> >::basic_string(std::__cxx11::basic_string<char, std::char_traits<char>, std::allocator<char> > const&)
 .text._ZNSt7__cxx1112basic_stringIcSt11char_traitsIcESaIcEE12_M_constructIPKcEEvT_S8_St20forward_iterator_tag
                0x00007160       0x48 c:/siliconlabs/simplicitystudio/v4/developer/toolchains/gnu_arm/7.2_2017q4/bin/../lib/gcc/arm-none-eabi/7.2.1/../../../../arm-none-eabi/lib/thumb/v7-m\libstdc++_nano.a(string-inst.o)
                0x00007160                void std::__cxx11::basic_string<char, std::char_traits<char>, std::allocator<char> >::_M_construct<char const*>(char const*, char const*, std::forward_iterator_tag)
 .text._ZNSt7__cxx1112basic_stringIcSt11char_traitsIcESaIcEEC2EPKcRKS3_
                0x000071a8       0x2c c:/siliconlabs/simplicitystudio/v4/developer/toolchains/gnu_arm/7.2_2017q4/bin/../lib/gcc/arm-none-eabi/7.2.1/../../../../arm-none-eabi/lib/thumb/v7-m\libstdc++_nano.a(string-inst.o)
                0x000071a8                std::__cxx11::basic_string<char, std::char_traits<char>, std::allocator<char> >::basic_string(char const*, std::allocator<char> const&)
                0x000071a8                std::__cxx11::basic_string<char, std::char_traits<char>, std::allocator<char> >::basic_string(char const*, std::allocator<char> const&)
 .text._ZNSt7__cxx1112basic_stringIcSt11char_traitsIcESaIcEEC2ERKS4_jj
                0x000071d4       0x3c c:/siliconlabs/simplicitystudio/v4/developer/toolchains/gnu_arm/7.2_2017q4/bin/../lib/gcc/arm-none-eabi/7.2.1/../../../../arm-none-eabi/lib/thumb/v7-m\libstdc++_nano.a(string-inst.o)
                0x000071d4                std::__cxx11::basic_string<char, std::char_traits<char>, std::allocator<char> >::basic_string(std::__cxx11::basic_string<char, std::char_traits<char>, std::allocator<char> > const&, unsigned int, unsigned int)
                0x000071d4                std::__cxx11::basic_string<char, std::char_traits<char>, std::allocator<char> >::basic_string(std::__cxx11::basic_string<char, std::char_traits<char>, std::allocator<char> > const&, unsigned int, unsigned int)
 .text._ZNKSt7__cxx1112basic_stringIcSt11char_traitsIcESaIcEE6substrEjj
                0x00007210       0x28 c:/siliconlabs/simplicitystudio/v4/developer/toolchains/gnu_arm/7.2_2017q4/bin/../lib/gcc/arm-none-eabi/7.2.1/../../../../arm-none-eabi/lib/thumb/v7-m\libstdc++_nano.a(string-inst.o)
                0x00007210                std::__cxx11::basic_string<char, std::char_traits<char>, std::allocator<char> >::substr(unsigned int, unsigned int) const
 .text._ZSt17__throw_bad_allocv
                0x00007238        0x6 c:/siliconlabs/simplicitystudio/v4/developer/toolchains/gnu_arm/7.2_2017q4/bin/../lib/gcc/arm-none-eabi/7.2.1/../../../../arm-none-eabi/lib/thumb/v7-m\libstdc++_nano.a(functexcept.o)
                0x00007238                std::__throw_bad_alloc()
 .text._ZSt19__throw_logic_errorPKc
                0x0000723e        0x6 c:/siliconlabs/simplicitystudio/v4/developer/toolchains/gnu_arm/7.2_2017q4/bin/../lib/gcc/arm-none-eabi/7.2.1/../../../../arm-none-eabi/lib/thumb/v7-m\libstdc++_nano.a(functexcept.o)
                0x0000723e                std::__throw_logic_error(char const*)
 .text._ZSt20__throw_length_errorPKc